Archive member included to satisfy reference by file (symbol)

C:/ST/STM32CubeIDE_2.1.1/STM32CubeIDE/plugins/com.st.stm32cube.ide.mcu.externaltools.gnu-tools-for-stm32.14.3.rel1.win32_1.0.100.202602081740/tools/bin/../lib/gcc/arm-none-eabi/14.3.1/../../../../arm-none-eabi/lib/thumb/v7e-m+fp/hard\libc_nano.a(libc_a-exit.o)
                              C:/ST/STM32CubeIDE_2.1.1/STM32CubeIDE/plugins/com.st.stm32cube.ide.mcu.externaltools.gnu-tools-for-stm32.14.3.rel1.win32_1.0.100.202602081740/tools/bin/../lib/gcc/arm-none-eabi/14.3.1/../../../../arm-none-eabi/lib/thumb/v7e-m+fp/hard/crt0.o (exit)
C:/ST/STM32CubeIDE_2.1.1/STM32CubeIDE/plugins/com.st.stm32cube.ide.mcu.externaltools.gnu-tools-for-stm32.14.3.rel1.win32_1.0.100.202602081740/tools/bin/../lib/gcc/arm-none-eabi/14.3.1/../../../../arm-none-eabi/lib/thumb/v7e-m+fp/hard\libc_nano.a(libc_a-nano-vfprintf_float.o)
                              (_printf_float)
C:/ST/STM32CubeIDE_2.1.1/STM32CubeIDE/plugins/com.st.stm32cube.ide.mcu.externaltools.gnu-tools-for-stm32.14.3.rel1.win32_1.0.100.202602081740/tools/bin/../lib/gcc/arm-none-eabi/14.3.1/../../../../arm-none-eabi/lib/thumb/v7e-m+fp/hard\libc_nano.a(libc_a-nano-vfprintf_i.o)
                              C:/ST/STM32CubeIDE_2.1.1/STM32CubeIDE/plugins/com.st.stm32cube.ide.mcu.externaltools.gnu-tools-for-stm32.14.3.rel1.win32_1.0.100.202602081740/tools/bin/../lib/gcc/arm-none-eabi/14.3.1/../../../../arm-none-eabi/lib/thumb/v7e-m+fp/hard\libc_nano.a(libc_a-nano-vfprintf_float.o) (_printf_common)
C:/ST/STM32CubeIDE_2.1.1/STM32CubeIDE/plugins/com.st.stm32cube.ide.mcu.externaltools.gnu-tools-for-stm32.14.3.rel1.win32_1.0.100.202602081740/tools/bin/../lib/gcc/arm-none-eabi/14.3.1/../../../../arm-none-eabi/lib/thumb/v7e-m+fp/hard\libc_nano.a(libc_a-nano-vfscanf_float.o)
                              (_scanf_float)
C:/ST/STM32CubeIDE_2.1.1/STM32CubeIDE/plugins/com.st.stm32cube.ide.mcu.externaltools.gnu-tools-for-stm32.14.3.rel1.win32_1.0.100.202602081740/tools/bin/../lib/gcc/arm-none-eabi/14.3.1/../../../../arm-none-eabi/lib/thumb/v7e-m+fp/hard\libc_nano.a(libc_a-findfp.o)
                              C:/ST/STM32CubeIDE_2.1.1/STM32CubeIDE/plugins/com.st.stm32cube.ide.mcu.externaltools.gnu-tools-for-stm32.14.3.rel1.win32_1.0.100.202602081740/tools/bin/../lib/gcc/arm-none-eabi/14.3.1/../../../../arm-none-eabi/lib/thumb/v7e-m+fp/hard\libc_nano.a(libc_a-exit.o) (__stdio_exit_handler)
C:/ST/STM32CubeIDE_2.1.1/STM32CubeIDE/plugins/com.st.stm32cube.ide.mcu.externaltools.gnu-tools-for-stm32.14.3.rel1.win32_1.0.100.202602081740/tools/bin/../lib/gcc/arm-none-eabi/14.3.1/../../../../arm-none-eabi/lib/thumb/v7e-m+fp/hard\libc_nano.a(libc_a-fwalk.o)
                              C:/ST/STM32CubeIDE_2.1.1/STM32CubeIDE/plugins/com.st.stm32cube.ide.mcu.externaltools.gnu-tools-for-stm32.14.3.rel1.win32_1.0.100.202602081740/tools/bin/../lib/gcc/arm-none-eabi/14.3.1/../../../../arm-none-eabi/lib/thumb/v7e-m+fp/hard\libc_nano.a(libc_a-findfp.o) (_fwalk_sglue)
C:/ST/STM32CubeIDE_2.1.1/STM32CubeIDE/plugins/com.st.stm32cube.ide.mcu.externaltools.gnu-tools-for-stm32.14.3.rel1.win32_1.0.100.202602081740/tools/bin/../lib/gcc/arm-none-eabi/14.3.1/../../../../arm-none-eabi/lib/thumb/v7e-m+fp/hard\libc_nano.a(libc_a-snprintf.o)
                              ./Core/Src/cmd.o (snprintf)
C:/ST/STM32CubeIDE_2.1.1/STM32CubeIDE/plugins/com.st.stm32cube.ide.mcu.externaltools.gnu-tools-for-stm32.14.3.rel1.win32_1.0.100.202602081740/tools/bin/../lib/gcc/arm-none-eabi/14.3.1/../../../../arm-none-eabi/lib/thumb/v7e-m+fp/hard\libc_nano.a(libc_a-sprintf.o)
                              C:/ST/STM32CubeIDE_2.1.1/STM32CubeIDE/plugins/com.st.stm32cube.ide.mcu.externaltools.gnu-tools-for-stm32.14.3.rel1.win32_1.0.100.202602081740/tools/bin/../lib/gcc/arm-none-eabi/14.3.1/../../../../arm-none-eabi/lib/thumb/v7e-m+fp/hard\libc_nano.a(libc_a-nano-vfscanf_float.o) (sprintf)
C:/ST/STM32CubeIDE_2.1.1/STM32CubeIDE/plugins/com.st.stm32cube.ide.mcu.externaltools.gnu-tools-for-stm32.14.3.rel1.win32_1.0.100.202602081740/tools/bin/../lib/gcc/arm-none-eabi/14.3.1/../../../../arm-none-eabi/lib/thumb/v7e-m+fp/hard\libc_nano.a(libc_a-sscanf.o)
                              ./Core/Src/cmd.o (sscanf)
C:/ST/STM32CubeIDE_2.1.1/STM32CubeIDE/plugins/com.st.stm32cube.ide.mcu.externaltools.gnu-tools-for-stm32.14.3.rel1.win32_1.0.100.202602081740/tools/bin/../lib/gcc/arm-none-eabi/14.3.1/../../../../arm-none-eabi/lib/thumb/v7e-m+fp/hard\libc_nano.a(libc_a-stdio.o)
                              C:/ST/STM32CubeIDE_2.1.1/STM32CubeIDE/plugins/com.st.stm32cube.ide.mcu.externaltools.gnu-tools-for-stm32.14.3.rel1.win32_1.0.100.202602081740/tools/bin/../lib/gcc/arm-none-eabi/14.3.1/../../../../arm-none-eabi/lib/thumb/v7e-m+fp/hard\libc_nano.a(libc_a-findfp.o) (__sread)
[...]
Memory Configuration

Name             Origin             Length             Attributes
CCMRAM           0x10000000         0x00010000         xrw
RAM              0x20000000         0x00020000         xrw
FLASH            0x08000000         0x00100000         xr
*default*        0x00000000         0xffffffff

Linker script and memory map

LOAD C:/ST/STM32CubeIDE_2.1.1/STM32CubeIDE/plugins/com.st.stm32cube.ide.mcu.externaltools.gnu-tools-for-stm32.14.3.rel1.win32_1.0.100.202602081740/tools/bin/../lib/gcc/arm-none-eabi/14.3.1/thumb/v7e-m+fp/hard/crti.o
LOAD C:/ST/STM32CubeIDE_2.1.1/STM32CubeIDE/plugins/com.st.stm32cube.ide.mcu.externaltools.gnu-tools-for-stm32.14.3.rel1.win32_1.0.100.202602081740/tools/bin/../lib/gcc/arm-none-eabi/14.3.1/thumb/v7e-m+fp/hard/crtbegin.o
LOAD C:/ST/STM32CubeIDE_2.1.1/STM32CubeIDE/plugins/com.st.stm32cube.ide.mcu.externaltools.gnu-tools-for-stm32.14.3.rel1.win32_1.0.100.202602081740/tools/bin/../lib/gcc/arm-none-eabi/14.3.1/../../../../arm-none-eabi/lib/thumb/v7e-m+fp/hard/crt0.o
LOAD ./Core/Src/RobStride_MIT.o
LOAD ./Core/Src/axis.o
LOAD ./Core/Src/can.o
LOAD ./Core/Src/cmd.o
LOAD ./Core/Src/config.o
LOAD ./Core/Src/gpio.o
LOAD ./Core/Src/i2s.o
LOAD ./Core/Src/main.o
LOAD ./Core/Src/pd_control.o
LOAD ./Core/Src/robot_ik.o
LOAD ./Core/Src/spi.o
LOAD ./Core/Src/stm32f4xx_hal_msp.o
LOAD ./Core/Src/stm32f4xx_it.o
LOAD ./Core/Src/syscalls.o
LOAD ./Core/Src/sysmem.o
LOAD ./Core/Src/system_stm32f4xx.o
LOAD ./Core/Src/tim.o
LOAD ./Core/Src/trajectory.o
LOAD ./Core/Startup/startup_stm32f407vgtx.o
LOAD ./Drivers/STM32F4xx_HAL_Driver/Src/stm32f4xx_hal.o
LOAD ./Drivers/STM32F4xx_HAL_Driver/Src/stm32f4xx_hal_can.o
LOAD ./Drivers/STM32F4xx_HAL_Driver/Src/stm32f4xx_hal_cortex.o
LOAD ./Drivers/STM32F4xx_HAL_Driver/Src/stm32f4xx_hal_dma.o
LOAD ./Drivers/STM32F4xx_HAL_Driver/Src/stm32f4xx_hal_dma_ex.o
LOAD ./Drivers/STM32F4xx_HAL_Driver/Src/stm32f4xx_hal_exti.o
LOAD ./Drivers/STM32F4xx_HAL_Driver/Src/stm32f4xx_hal_flash.o
LOAD ./Drivers/STM32F4xx_HAL_Driver/Src/stm32f4xx_hal_flash_ex.o
LOAD ./Drivers/STM32F4xx_HAL_Driver/Src/stm32f4xx_hal_flash_ramfunc.o
LOAD ./Drivers/STM32F4xx_HAL_Driver/Src/stm32f4xx_hal_gpio.o
LOAD ./Drivers/STM32F4xx_HAL_Driver/Src/stm32f4xx_hal_i2s.o
LOAD ./Drivers/STM32F4xx_HAL_Driver/Src/stm32f4xx_hal_i2s_ex.o
LOAD ./Drivers/STM32F4xx_HAL_Driver/Src/stm32f4xx_hal_pcd.o
LOAD ./Drivers/STM32F4xx_HAL_Driver/Src/stm32f4xx_hal_pcd_ex.o
LOAD ./Drivers/STM32F4xx_HAL_Driver/Src/stm32f4xx_hal_pwr.o
LOAD ./Drivers/STM32F4xx_HAL_Driver/Src/stm32f4xx_hal_pwr_ex.o
LOAD ./Drivers/STM32F4xx_HAL_Driver/Src/stm32f4xx_hal_rcc.o
LOAD ./Drivers/STM32F4xx_HAL_Driver/Src/stm32f4xx_hal_rcc_ex.o
LOAD ./Drivers/STM32F4xx_HAL_Driver/Src/stm32f4xx_hal_spi.o
LOAD ./Drivers/STM32F4xx_HAL_Driver/Src/stm32f4xx_hal_tim.o
LOAD ./Drivers/STM32F4xx_HAL_Driver/Src/stm32f4xx_hal_tim_ex.o
LOAD ./Drivers/STM32F4xx_HAL_Driver/Src/stm32f4xx_ll_usb.o
LOAD ./Middlewares/ST/STM32_USB_Device_Library/Class/CDC/Src/usbd_cdc.o
LOAD ./Middlewares/ST/STM32_USB_Device_Library/Core/Src/usbd_core.o
LOAD ./Middlewares/ST/STM32_USB_Device_Library/Core/Src/usbd_ctlreq.o
LOAD ./Middlewares/ST/STM32_USB_Device_Library/Core/Src/usbd_ioreq.o
LOAD ./USB_DEVICE/App/usb_device.o
LOAD ./USB_DEVICE/App/usbd_cdc_if.o
LOAD ./USB_DEVICE/App/usbd_desc.o
LOAD ./USB_DEVICE/Target/usbd_conf.o
START GROUP
LOAD C:/ST/STM32CubeIDE_2.1.1/STM32CubeIDE/plugins/com.st.stm32cube.ide.mcu.externaltools.gnu-tools-for-stm32.14.3.rel1.win32_1.0.100.202602081740/tools/bin/../lib/gcc/arm-none-eabi/14.3.1/../../../../arm-none-eabi/lib/thumb/v7e-m+fp/hard\libc_nano.a
LOAD C:/ST/STM32CubeIDE_2.1.1/STM32CubeIDE/plugins/com.st.stm32cube.ide.mcu.externaltools.gnu-tools-for-stm32.14.3.rel1.win32_1.0.100.202602081740/tools/bin/../lib/gcc/arm-none-eabi/14.3.1/../../../../arm-none-eabi/lib/thumb/v7e-m+fp/hard\libm.a
END GROUP
START GROUP
LOAD C:/ST/STM32CubeIDE_2.1.1/STM32CubeIDE/plugins/com.st.stm32cube.ide.mcu.externaltools.gnu-tools-for-stm32.14.3.rel1.win32_1.0.100.202602081740/tools/bin/../lib/gcc/arm-none-eabi/14.3.1/thumb/v7e-m+fp/hard\libgcc.a
LOAD C:/ST/STM32CubeIDE_2.1.1/STM32CubeIDE/plugins/com.st.stm32cube.ide.mcu.externaltools.gnu-tools-for-stm32.14.3.rel1.win32_1.0.100.202602081740/tools/bin/../lib/gcc/arm-none-eabi/14.3.1/../../../../arm-none-eabi/lib/thumb/v7e-m+fp/hard\libc_nano.a
END GROUP
START GROUP
LOAD C:/ST/STM32CubeIDE_2.1.1/STM32CubeIDE/plugins/com.st.stm32cube.ide.mcu.externaltools.gnu-tools-for-stm32.14.3.rel1.win32_1.0.100.202602081740/tools/bin/../lib/gcc/arm-none-eabi/14.3.1/thumb/v7e-m+fp/hard\libgcc.a
LOAD C:/ST/STM32CubeIDE_2.1.1/STM32CubeIDE/plugins/com.st.stm32cube.ide.mcu.externaltools.gnu-tools-for-stm32.14.3.rel1.win32_1.0.100.202602081740/tools/bin/../lib/gcc/arm-none-eabi/14.3.1/../../../../arm-none-eabi/lib/thumb/v7e-m+fp/hard\libc_nano.a
LOAD C:/ST/STM32CubeIDE_2.1.1/STM32CubeIDE/plugins/com.st.stm32cube.ide.mcu.externaltools.gnu-tools-for-stm32.14.3.rel1.win32_1.0.100.202602081740/tools/bin/../lib/gcc/arm-none-eabi/14.3.1/../../../../arm-none-eabi/lib/thumb/v7e-m+fp/hard\libnosys.a
END GROUP
START GROUP
LOAD C:/ST/STM32CubeIDE_2.1.1/STM32CubeIDE/plugins/com.st.stm32cube.ide.mcu.externaltools.gnu-tools-for-stm32.14.3.rel1.win32_1.0.100.202602081740/tools/bin/../lib/gcc/arm-none-eabi/14.3.1/thumb/v7e-m+fp/hard\libgcc.a
LOAD C:/ST/STM32CubeIDE_2.1.1/STM32CubeIDE/plugins/com.st.stm32cube.ide.mcu.externaltools.gnu-tools-for-stm32.14.3.rel1.win32_1.0.100.202602081740/tools/bin/../lib/gcc/arm-none-eabi/14.3.1/../../../../arm-none-eabi/lib/thumb/v7e-m+fp/hard\libc_nano.a
LOAD C:/ST/STM32CubeIDE_2.1.1/STM32CubeIDE/plugins/com.st.stm32cube.ide.mcu.externaltools.gnu-tools-for-stm32.14.3.rel1.win32_1.0.100.202602081740/tools/bin/../lib/gcc/arm-none-eabi/14.3.1/../../../../arm-none-eabi/lib/thumb/v7e-m+fp/hard\libnosys.a
END GROUP
LOAD C:/ST/STM32CubeIDE_2.1.1/STM32CubeIDE/plugins/com.st.stm32cube.ide.mcu.externaltools.gnu-tools-for-stm32.14.3.rel1.win32_1.0.100.202602081740/tools/bin/../lib/gcc/arm-none-eabi/14.3.1/thumb/v7e-m+fp/hard/crtend.o
LOAD C:/ST/STM32CubeIDE_2.1.1/STM32CubeIDE/plugins/com.st.stm32cube.ide.mcu.externaltools.gnu-tools-for-stm32.14.3.rel1.win32_1.0.100.202602081740/tools/bin/../lib/gcc/arm-none-eabi/14.3.1/thumb/v7e-m+fp/hard/crtn.o
                0x20020000                        _estack = (ORIGIN (RAM) + LENGTH (RAM))
                0x00000600                        _Min_Heap_Size = 0x600
                0x00000400                        _Min_Stack_Size = 0x400

.isr_vector     0x08000000      0x188
                0x08000000                        . = ALIGN (0x4)
 *(.isr_vector)
 .isr_vector    0x08000000      0x188 ./Core/Startup/startup_stm32f407vgtx.o
                0x08000000                g_pfnVectors
                0x08000188                        . = ALIGN (0x4)

.text           0x08000190    0x11e08
                0x08000190                        . = ALIGN (0x4)
 *(.text)
 .text          0x08000190       0x40 C:/ST/STM32CubeIDE_2.1.1/STM32CubeIDE/plugins/com.st.stm32cube.ide.mcu.externaltools.gnu-tools-for-stm32.14.3.rel1.win32_1.0.100.202602081740/tools/bin/../lib/gcc/arm-none-eabi/14.3.1/thumb/v7e-m+fp/hard/crtbegin.o
 .text          0x080001d0       0xa0 C:/ST/STM32CubeIDE_2.1.1/STM32CubeIDE/plugins/com.st.stm32cube.ide.mcu.externaltools.gnu-tools-for-stm32.14.3.rel1.win32_1.0.100.202602081740/tools/bin/../lib/gcc/arm-none-eabi/14.3.1/../../../../arm-none-eabi/lib/thumb/v7e-m+fp/hard\libc_nano.a(libc_a-memchr.o)
                0x080001d0                memchr
 .text          0x08000270       0x10 C:/ST/STM32CubeIDE_2.1.1/STM32CubeIDE/plugins/com.st.stm32cube.ide.mcu.externaltools.gnu-tools-for-stm32.14.3.rel1.win32_1.0.100.202602081740/tools/bin/../lib/gcc/arm-none-eabi/14.3.1/../../../../arm-none-eabi/lib/thumb/v7e-m+fp/hard\libc_nano.a(libc_a-strlen.o)
                0x08000270                strlen
 .text          0x08000280      0x378 C:/ST/STM32CubeIDE_2.1.1/STM32CubeIDE/plugins/com.st.stm32cube.ide.mcu.externaltools.gnu-tools-for-stm32.14.3.rel1.win32_1.0.100.202602081740/tools/bin/../lib/gcc/arm-none-eabi/14.3.1/thumb/v7e-m+fp/hard\libgcc.a(_arm_addsubdf3.o)
                0x08000280                __aeabi_drsub
                0x08000288                __aeabi_dsub
                0x08000288                __subdf3
                0x0800028c                __aeabi_dadd
                0x0800028c                __adddf3
                0x08000504                __floatunsidf
                0x08000504                __aeabi_ui2d
                0x08000524                __floatsidf
                0x08000524                __aeabi_i2d
                0x08000548                __aeabi_f2d
                0x08000548                __extendsfdf2
                0x0800058c                __floatundidf
                0x0800058c                __aeabi_ul2d
                0x0800059c                __floatdidf
                0x0800059c                __aeabi_l2d
 .text          0x080005f8      0x424 C:/ST/STM32CubeIDE_2.1.1/STM32CubeIDE/plugins/com.st.stm32cube.ide.mcu.externaltools.gnu-tools-for-stm32.14.3.rel1.win32_1.0.100.202602081740/tools/bin/../lib/gcc/arm-none-eabi/14.3.1/thumb/v7e-m+fp/hard\libgcc.a(_arm_muldivdf3.o)
                0x080005f8                __aeabi_dmul
                0x080005f8                __muldf3
                0x0800084c                __divdf3
                0x0800084c                __aeabi_ddiv
 .text          0x08000a1c      0x110 C:/ST/STM32CubeIDE_2.1.1/STM32CubeIDE/plugins/com.st.stm32cube.ide.mcu.externaltools.gnu-tools-for-stm32.14.3.rel1.win32_1.0.100.202602081740/tools/bin/../lib/gcc/arm-none-eabi/14.3.1/thumb/v7e-m+fp/hard\libgcc.a(_arm_cmpdf2.o)
                0x08000a1c                __gtdf2
                0x08000a1c                __gedf2
                0x08000a24                __ltdf2
                0x08000a24                __ledf2
                0x08000a2c                __nedf2
                0x08000a2c                __eqdf2
                0x08000a2c                __cmpdf2
                0x08000aa8                __aeabi_cdrcmple
                0x08000ab8                __aeabi_cdcmpeq
                0x08000ab8                __aeabi_cdcmple
                0x08000ac8                __aeabi_dcmpeq
                0x08000adc                __aeabi_dcmplt
                0x08000af0                __aeabi_dcmple
                0x08000b04                __aeabi_dcmpge
                0x08000b18                __aeabi_dcmpgt
 .text          0x08000b2c       0x2c C:/ST/STM32CubeIDE_2.1.1/STM32CubeIDE/plugins/com.st.stm32cube.ide.mcu.externaltools.gnu-tools-for-stm32.14.3.rel1.win32_1.0.100.202602081740/tools/bin/../lib/gcc/arm-none-eabi/14.3.1/thumb/v7e-m+fp/hard\libgcc.a(_arm_unorddf2.o)
                0x08000b2c                __unorddf2
                0x08000b2c                __aeabi_dcmpun
 .text          0x08000b58       0x50 C:/ST/STM32CubeIDE_2.1.1/STM32CubeIDE/plugins/com.st.stm32cube.ide.mcu.externaltools.gnu-tools-for-stm32.14.3.rel1.win32_1.0.100.202602081740/tools/bin/../lib/gcc/arm-none-eabi/14.3.1/thumb/v7e-m+fp/hard\libgcc.a(_arm_fixdfsi.o)
                0x08000b58                __aeabi_d2iz
                0x08000b58                __fixdfsi
 .text          0x08000ba8       0x40 C:/ST/STM32CubeIDE_2.1.1/STM32CubeIDE/plugins/com.st.stm32cube.ide.mcu.externaltools.gnu-tools-for-stm32.14.3.rel1.win32_1.0.100.202602081740/tools/bin/../lib/gcc/arm-none-eabi/14.3.1/thumb/v7e-m+fp/hard\libgcc.a(_arm_fixunsdfsi.o)
                0x08000ba8                __aeabi_d2uiz
                0x08000ba8                __fixunsdfsi
 .text          0x08000be8       0xa0 C:/ST/STM32CubeIDE_2.1.1/STM32CubeIDE/plugins/com.st.stm32cube.ide.mcu.externaltools.gnu-tools-for-stm32.14.3.rel1.win32_1.0.100.202602081740/tools/bin/../lib/gcc/arm-none-eabi/14.3.1/thumb/v7e-m+fp/hard\libgcc.a(_arm_truncdfsf2.o)
                0x08000be8                __truncdfsf2
                0x08000be8                __aeabi_d2f
 .text          0x08000c88       0x30 C:/ST/STM32CubeIDE_2.1.1/STM32CubeIDE/plugins/com.st.stm32cube.ide.mcu.externaltools.gnu-tools-for-stm32.14.3.rel1.win32_1.0.100.202602081740/tools/bin/../lib/gcc/arm-none-eabi/14.3.1/thumb/v7e-m+fp/hard\libgcc.a(_aeabi_uldivmod.o)
                0x08000c88                __aeabi_uldivmod
 .text          0x08000cb8       0x30 C:/ST/STM32CubeIDE_2.1.1/STM32CubeIDE/plugins/com.st.stm32cube.ide.mcu.externaltools.gnu-tools-for-stm32.14.3.rel1.win32_1.0.100.202602081740/tools/bin/../lib/gcc/arm-none-eabi/14.3.1/thumb/v7e-m+fp/hard\libgcc.a(_fixdfdi.o)
                0x08000cb8                __fixdfdi
                0x08000cb8                __aeabi_d2lz
 .text          0x08000ce8       0x3c C:/ST/STM32CubeIDE_2.1.1/STM32CubeIDE/plugins/com.st.stm32cube.ide.mcu.externaltools.gnu-tools-for-stm32.14.3.rel1.win32_1.0.100.202602081740/tools/bin/../lib/gcc/arm-none-eabi/14.3.1/thumb/v7e-m+fp/hard\libgcc.a(_fixunsdfdi.o)
                0x08000ce8                __fixunsdfdi
                0x08000ce8                __aeabi_d2ulz
 .text          0x08000d24      0x2f8 C:/ST/STM32CubeIDE_2.1.1/STM32CubeIDE/plugins/com.st.stm32cube.ide.mcu.externaltools.gnu-tools-for-stm32.14.3.rel1.win32_1.0.100.202602081740/tools/bin/../lib/gcc/arm-none-eabi/14.3.1/thumb/v7e-m+fp/hard\libgcc.a(_udivmoddi4.o)
                0x08000d24                __udivmoddi4
 .text          0x0800101c        0x4 C:/ST/STM32CubeIDE_2.1.1/STM32CubeIDE/plugins/com.st.stm32cube.ide.mcu.externaltools.gnu-tools-for-stm32.14.3.rel1.win32_1.0.100.202602081740/tools/bin/../lib/gcc/arm-none-eabi/14.3.1/thumb/v7e-m+fp/hard\libgcc.a(_dvmd_tls.o)
                0x0800101c                __aeabi_idiv0
                0x0800101c                __aeabi_ldiv0
 *(.text*)
 .text.uint16_to_float
                0x08001020       0x68 ./Core/Src/RobStride_MIT.o
 .text.float_to_uint
                0x08001088       0x8c ./Core/Src/RobStride_MIT.o
 .text.CAN_Send
                0x08001114       0x54 ./Core/Src/RobStride_MIT.o
 .text.LoadSpec
                0x08001168      0x134 ./Core/Src/RobStride_MIT.o
 .text.RS_Motor_Init
                0x0800129c       0x48 ./Core/Src/RobStride_MIT.o
                0x0800129c                RS_Motor_Init
 .text.RS_AllMotors_Init
                0x080012e4       0x4c ./Core/Src/RobStride_MIT.o
                0x080012e4                RS_AllMotors_Init
 .text.RS_MIT_Enable
                0x08001330       0x50 ./Core/Src/RobStride_MIT.o
                0x08001330                RS_MIT_Enable
 .text.RS_MIT_Disable
                0x08001380       0x4c ./Core/Src/RobStride_MIT.o
                0x08001380                RS_MIT_Disable
 .text.RS_MIT_SetZeroPos
                0x080013cc       0x4c ./Core/Src/RobStride_MIT.o
                0x080013cc                RS_MIT_SetZeroPos
 .text.RS_MIT_Control
                0x08001418      0x18e ./Core/Src/RobStride_MIT.o
                0x08001418                RS_MIT_Control
 *fill*         0x080015a6        0x2 
 .text.RS_CAN2_RxCallback
                0x080015a8      0x170 ./Core/Src/RobStride_MIT.o
                0x080015a8                RS_CAN2_RxCallback
 .text.axis_J2_RadToMm
                0x08001718       0x28 ./Core/Src/axis.o
                0x08001718                axis_J2_RadToMm
 .text.axis_J2_MmToRad
                0x08001740       0x2c ./Core/Src/axis.o
                0x08001740                axis_J2_MmToRad
 .text.axis_J2_RadpsToMmps
                0x0800176c       0x28 ./Core/Src/axis.o
                0x0800176c                axis_J2_RadpsToMmps
 .text.axis_J2_Update
                0x08001794       0xd0 ./Core/Src/axis.o
                0x08001794                axis_J2_Update
 .text.axis_J2_ResetUnwrap
                0x08001864       0x44 ./Core/Src/axis.o
                0x08001864                axis_J2_ResetUnwrap
 .text.axis_J2_GetContinuousRad
                0x080018a8       0x1c ./Core/Src/axis.o
                0x080018a8                axis_J2_GetContinuousRad
 .text.axis_J2_GetContinuousMm
                0x080018c4       0x20 ./Core/Src/axis.o
                0x080018c4                axis_J2_GetContinuousMm
 .text.MX_CAN1_Init
                0x080018e4       0x6c ./Core/Src/can.o
                0x080018e4                MX_CAN1_Init
 .text.MX_CAN2_Init
                0x08001950       0x6c ./Core/Src/can.o
                0x08001950                MX_CAN2_Init
 .text.HAL_CAN_MspInit
                0x080019bc      0x160 ./Core/Src/can.o
                0x080019bc                HAL_CAN_MspInit
 .text.RS_GetIndex
                0x08001b1c       0x48 ./Core/Src/cmd.o
 .text.cmd_Init
                0x08001b64       0x40 ./Core/Src/cmd.o
                0x08001b64                cmd_Init
 .text.cmd_SetAutoPrint
                0x08001ba4       0x2c ./Core/Src/cmd.o
                0x08001ba4                cmd_SetAutoPrint
 .text.cmd_RxPush
                0x08001bd0       0x74 ./Core/Src/cmd.o
                0x08001bd0                cmd_RxPush
 .text.cmd_CAN_Diagnostic
                0x08001c44      0x11c ./Core/Src/cmd.o
 .text.cmd_ProcessLine
                0x08001d60      0x998 ./Core/Src/cmd.o
 .text.cmd_DrainRing
                0x080026f8       0xb4 ./Core/Src/cmd.o
 .text.cmd_Update
                0x080027ac      0x184 ./Core/Src/cmd.o
                0x080027ac                cmd_Update
 .text.config_Init
                0x08002930        0xe ./Core/Src/config.o
                0x08002930                config_Init
 *fill*         0x0800293e        0x2 
 .text.MX_GPIO_Init
                0x08002940      0x1fc ./Core/Src/gpio.o
                0x08002940                MX_GPIO_Init
 .text.MX_I2S3_Init
                0x08002b3c       0x60 ./Core/Src/i2s.o
                0x08002b3c                MX_I2S3_Init
 .text.HAL_I2S_MspInit
                0x08002b9c      0x100 ./Core/Src/i2s.o
                0x08002b9c                HAL_I2S_MspInit
 .text.main     0x08002c9c       0xd4 ./Core/Src/main.o
                0x08002c9c                main
 .text.SystemClock_Config
                0x08002d70       0xd4 ./Core/Src/main.o
                0x08002d70                SystemClock_Config
 .text.Error_Handler
                0x08002e44        0xc ./Core/Src/main.o
                0x08002e44                Error_Handler
 .text.clampf   0x08002e50       0x52 ./Core/Src/pd_control.o
 *fill*         0x08002ea2        0x2 
 .text.pd_Init  0x08002ea4       0x48 ./Core/Src/pd_control.o
                0x08002ea4                pd_Init
 .text.pd_SetGoal
                0x08002eec       0x44 ./Core/Src/pd_control.o
                0x08002eec                pd_SetGoal
 .text.pd_GetGoal
                0x08002f30       0x3c ./Core/Src/pd_control.o
                0x08002f30                pd_GetGoal
 .text.pd_HasGoal
                0x08002f6c       0x30 ./Core/Src/pd_control.o
                0x08002f6c                pd_HasGoal
 .text.pd_Compute
                0x08002f9c      0x130 ./Core/Src/pd_control.o
                0x08002f9c                pd_Compute
 .text.pd_SetGains
                0x080030cc       0x54 ./Core/Src/pd_control.o
                0x080030cc                pd_SetGains
 .text.pd_GetMode
                0x08003120       0x3c ./Core/Src/pd_control.o
                0x08003120                pd_GetMode
 .text.MX_SPI1_Init
                0x0800315c       0x6c ./Core/Src/spi.o
                0x0800315c                MX_SPI1_Init
 .text.HAL_SPI_MspInit
                0x080031c8       0x90 ./Core/Src/spi.o
                0x080031c8                HAL_SPI_MspInit
 .text.HAL_MspInit
                0x08003258       0x50 ./Core/Src/stm32f4xx_hal_msp.o
                0x08003258                HAL_MspInit
 .text.NMI_Handler
                0x080032a8        0x8 ./Core/Src/stm32f4xx_it.o
                0x080032a8                NMI_Handler
 .text.HardFault_Handler
                0x080032b0        0x8 ./Core/Src/stm32f4xx_it.o
                0x080032b0                HardFault_Handler
 .text.MemManage_Handler
                0x080032b8        0x8 ./Core/Src/stm32f4xx_it.o
                0x080032b8                MemManage_Handler
 .text.BusFault_Handler
                0x080032c0        0x8 ./Core/Src/stm32f4xx_it.o
                0x080032c0                BusFault_Handler
 .text.UsageFault_Handler
                0x080032c8        0x8 ./Core/Src/stm32f4xx_it.o
                0x080032c8                UsageFault_Handler
 .text.SVC_Handler
                0x080032d0        0xe ./Core/Src/stm32f4xx_it.o
                0x080032d0                SVC_Handler
 .text.DebugMon_Handler
                0x080032de        0xe ./Core/Src/stm32f4xx_it.o
                0x080032de                DebugMon_Handler
 .text.PendSV_Handler
                0x080032ec        0xe ./Core/Src/stm32f4xx_it.o
                0x080032ec                PendSV_Handler
 .text.SysTick_Handler
                0x080032fa        0xc ./Core/Src/stm32f4xx_it.o
                0x080032fa                SysTick_Handler
 *fill*         0x08003306        0x2 
 .text.TIM2_IRQHandler
                0x08003308       0x14 ./Core/Src/stm32f4xx_it.o
                0x08003308                TIM2_IRQHandler
 .text.TIM3_IRQHandler
                0x0800331c       0x14 ./Core/Src/stm32f4xx_it.o
                0x0800331c                TIM3_IRQHandler
 .text.CAN2_TX_IRQHandler
                0x08003330       0x14 ./Core/Src/stm32f4xx_it.o
                0x08003330                CAN2_TX_IRQHandler
 .text.CAN2_RX0_IRQHandler
                0x08003344       0x14 ./Core/Src/stm32f4xx_it.o
                0x08003344                CAN2_RX0_IRQHandler
 .text.OTG_FS_IRQHandler
                0x08003358       0x14 ./Core/Src/stm32f4xx_it.o
                0x08003358                OTG_FS_IRQHandler
 .text.HAL_CAN_RxFifo0MsgPendingCallback
                0x0800336c       0x24 ./Core/Src/stm32f4xx_it.o
                0x0800336c                HAL_CAN_RxFifo0MsgPendingCallback
 .text.HAL_TIM_PeriodElapsedCallback
                0x08003390      0x134 ./Core/Src/stm32f4xx_it.o
                0x08003390                HAL_TIM_PeriodElapsedCallback
 .text._getpid  0x080034c4       0x10 ./Core/Src/syscalls.o
                0x080034c4                _getpid
 .text._kill    0x080034d4       0x20 ./Core/Src/syscalls.o
                0x080034d4                _kill
 .text._exit    0x080034f4       0x16 ./Core/Src/syscalls.o
                0x080034f4                _exit
 .text._read    0x0800350a       0x3a ./Core/Src/syscalls.o
                0x0800350a                _read
 .text._write   0x08003544       0x38 ./Core/Src/syscalls.o
                0x08003544                _write
 .text._close   0x0800357c       0x18 ./Core/Src/syscalls.o
                0x0800357c                _close
 .text._fstat   0x08003594       0x20 ./Core/Src/syscalls.o
                0x08003594                _fstat
 .text._isatty  0x080035b4       0x16 ./Core/Src/syscalls.o
                0x080035b4                _isatty
 .text._lseek   0x080035ca       0x1a ./Core/Src/syscalls.o
                0x080035ca                _lseek
 .text._sbrk    0x080035e4       0x6c ./Core/Src/sysmem.o
                0x080035e4                _sbrk
 .text.SystemInit
                0x08003650       0x24 ./Core/Src/system_stm32f4xx.o
                0x08003650                SystemInit
 .text.MX_TIM2_Init
                0x08003674       0x98 ./Core/Src/tim.o
                0x08003674                MX_TIM2_Init
 .text.MX_TIM3_Init
                0x0800370c      0x118 ./Core/Src/tim.o
                0x0800370c                MX_TIM3_Init
 .text.HAL_TIM_Base_MspInit
                0x08003824       0x88 ./Core/Src/tim.o
                0x08003824                HAL_TIM_Base_MspInit
 .text.HAL_TIM_MspPostInit
                0x080038ac       0xb4 ./Core/Src/tim.o
                0x080038ac                HAL_TIM_MspPostInit
 .text.quintic_eval
                0x08003960      0x1bc ./Core/Src/trajectory.o
                0x08003960                quintic_eval
 .text.traj_Start
                0x08003b1c      0x10c ./Core/Src/trajectory.o
                0x08003b1c                traj_Start
 .text.traj_StartAll
                0x08003c28       0x54 ./Core/Src/trajectory.o
                0x08003c28                traj_StartAll
 .text.traj_Stop
                0x08003c7c       0x3c ./Core/Src/trajectory.o
                0x08003c7c                traj_Stop
 .text.traj_StopAll
                0x08003cb8       0x40 ./Core/Src/trajectory.o
                0x08003cb8                traj_StopAll
 .text.traj_Update
                0x08003cf8      0x104 ./Core/Src/trajectory.o
                0x08003cf8                traj_Update
 .text.traj_IsActive
                0x08003dfc       0x3c ./Core/Src/trajectory.o
                0x08003dfc                traj_IsActive
 .text.traj_GetTargetPos
                0x08003e38       0x44 ./Core/Src/trajectory.o
                0x08003e38                traj_GetTargetPos
 .text.traj_GetTargetVel
                0x08003e7c       0x44 ./Core/Src/trajectory.o
                0x08003e7c                traj_GetTargetVel
 .text.traj_IsFinished
                0x08003ec0       0x7c ./Core/Src/trajectory.o
                0x08003ec0                traj_IsFinished
 .text.Reset_Handler
                0x08003f3c       0x50 ./Core/Startup/startup_stm32f407vgtx.o
                0x08003f3c                Reset_Handler
 .text.Default_Handler
                0x08003f8c        0x2 ./Core/Startup/startup_stm32f407vgtx.o
                0x08003f8c                RTC_Alarm_IRQHandler
                0x08003f8c                HASH_RNG_IRQHandler
                0x08003f8c                EXTI2_IRQHandler
                0x08003f8c                TIM8_CC_IRQHandler
                0x08003f8c                TIM1_CC_IRQHandler
                0x08003f8c                DMA2_Stream5_IRQHandler
                0x08003f8c                DMA1_Stream5_IRQHandler
                0x08003f8c                PVD_IRQHandler
                0x08003f8c                SDIO_IRQHandler
                0x08003f8c                TAMP_STAMP_IRQHandler
                0x08003f8c                CAN2_RX1_IRQHandler
                0x08003f8c                EXTI3_IRQHandler
                0x08003f8c                TIM8_TRG_COM_TIM14_IRQHandler
                0x08003f8c                TIM1_UP_TIM10_IRQHandler
                0x08003f8c                TIM8_UP_TIM13_IRQHandler
                0x08003f8c                I2C3_ER_IRQHandler
                0x08003f8c                EXTI0_IRQHandler
                0x08003f8c                I2C2_EV_IRQHandler
                0x08003f8c                DMA1_Stream2_IRQHandler
                0x08003f8c                CAN1_RX0_IRQHandler
                0x08003f8c                FPU_IRQHandler
                0x08003f8c                OTG_HS_WKUP_IRQHandler
                0x08003f8c                CAN2_SCE_IRQHandler
                0x08003f8c                DMA2_Stream2_IRQHandler
                0x08003f8c                SPI1_IRQHandler
                0x08003f8c                TIM6_DAC_IRQHandler
                0x08003f8c                TIM1_BRK_TIM9_IRQHandler
                0x08003f8c                DCMI_IRQHandler
                0x08003f8c                DMA2_Stream3_IRQHandler
                0x08003f8c                USART6_IRQHandler
                0x08003f8c                USART3_IRQHandler
                0x08003f8c                CAN1_RX1_IRQHandler
                0x08003f8c                UART5_IRQHandler
                0x08003f8c                DMA2_Stream0_IRQHandler
                0x08003f8c                TIM4_IRQHandler
                0x08003f8c                I2C1_EV_IRQHandler
                0x08003f8c                DMA1_Stream6_IRQHandler
                0x08003f8c                DMA1_Stream1_IRQHandler
                0x08003f8c                UART4_IRQHandler
                0x08003f8c                RCC_IRQHandler
                0x08003f8c                TIM8_BRK_TIM12_IRQHandler
                0x08003f8c                Default_Handler
                0x08003f8c                EXTI15_10_IRQHandler
                0x08003f8c                ADC_IRQHandler
                0x08003f8c                DMA1_Stream7_IRQHandler
                0x08003f8c                TIM7_IRQHandler
                0x08003f8c                TIM5_IRQHandler
                0x08003f8c                DMA2_Stream7_IRQHandler
                0x08003f8c                I2C3_EV_IRQHandler
                0x08003f8c                EXTI9_5_IRQHandler
                0x08003f8c                RTC_WKUP_IRQHandler
                0x08003f8c                ETH_WKUP_IRQHandler
                0x08003f8c                SPI2_IRQHandler
                0x08003f8c                OTG_HS_EP1_IN_IRQHandler
                0x08003f8c                DMA1_Stream0_IRQHandler
                0x08003f8c                CAN1_TX_IRQHandler
                0x08003f8c                EXTI4_IRQHandler
                0x08003f8c                FSMC_IRQHandler
                0x08003f8c                ETH_IRQHandler
                0x08003f8c                OTG_HS_EP1_OUT_IRQHandler
                0x08003f8c                WWDG_IRQHandler
                0x08003f8c                OTG_FS_WKUP_IRQHandler
                0x08003f8c                TIM1_TRG_COM_TIM11_IRQHandler
                0x08003f8c                OTG_HS_IRQHandler
                0x08003f8c                EXTI1_IRQHandler
                0x08003f8c                USART2_IRQHandler
                0x08003f8c                I2C2_ER_IRQHandler
                0x08003f8c                DMA2_Stream1_IRQHandler
                0x08003f8c                CAN1_SCE_IRQHandler
                0x08003f8c                FLASH_IRQHandler
                0x08003f8c                DMA2_Stream4_IRQHandler
                0x08003f8c                USART1_IRQHandler
                0x08003f8c                SPI3_IRQHandler
                0x08003f8c                DMA1_Stream4_IRQHandler
                0x08003f8c                I2C1_ER_IRQHandler
                0x08003f8c                DMA2_Stream6_IRQHandler
                0x08003f8c                DMA1_Stream3_IRQHandler
 *fill*         0x08003f8e        0x2 
 .text.HAL_Init
                0x08003f90       0x44 ./Drivers/STM32F4xx_HAL_Driver/Src/stm32f4xx_hal.o
                0x08003f90                HAL_Init
 .text.HAL_InitTick
                0x08003fd4       0x60 ./Drivers/STM32F4xx_HAL_Driver/Src/stm32f4xx_hal.o
                0x08003fd4                HAL_InitTick
 .text.HAL_IncTick
                0x08004034       0x28 ./Drivers/STM32F4xx_HAL_Driver/Src/stm32f4xx_hal.o
                0x08004034                HAL_IncTick
 .text.HAL_GetTick
                0x0800405c       0x18 ./Drivers/STM32F4xx_HAL_Driver/Src/stm32f4xx_hal.o
                0x0800405c                HAL_GetTick
 .text.HAL_Delay
                0x08004074       0x48 ./Drivers/STM32F4xx_HAL_Driver/Src/stm32f4xx_hal.o
                0x08004074                HAL_Delay
 .text.HAL_CAN_Init
                0x080040bc      0x1f6 ./Drivers/STM32F4xx_HAL_Driver/Src/stm32f4xx_hal_can.o
                0x080040bc                HAL_CAN_Init
 *fill*         0x080042b2        0x2 
 .text.HAL_CAN_ConfigFilter
                0x080042b4      0x1bc ./Drivers/STM32F4xx_HAL_Driver/Src/stm32f4xx_hal_can.o
                0x080042b4                HAL_CAN_ConfigFilter
 .text.HAL_CAN_Start
                0x08004470       0x88 ./Drivers/STM32F4xx_HAL_Driver/Src/stm32f4xx_hal_can.o
                0x08004470                HAL_CAN_Start
 .text.HAL_CAN_AddTxMessage
                0x080044f8      0x1a0 ./Drivers/STM32F4xx_HAL_Driver/Src/stm32f4xx_hal_can.o
                0x080044f8                HAL_CAN_AddTxMessage
 .text.HAL_CAN_GetTxMailboxesFreeLevel
                0x08004698       0x6a ./Drivers/STM32F4xx_HAL_Driver/Src/stm32f4xx_hal_can.o
                0x08004698                HAL_CAN_GetTxMailboxesFreeLevel
 .text.HAL_CAN_GetRxMessage
                0x08004702      0x244 ./Drivers/STM32F4xx_HAL_Driver/Src/stm32f4xx_hal_can.o
                0x08004702                HAL_CAN_GetRxMessage
 .text.HAL_CAN_GetRxFifoFillLevel
                0x08004946       0x50 ./Drivers/STM32F4xx_HAL_Driver/Src/stm32f4xx_hal_can.o
                0x08004946                HAL_CAN_GetRxFifoFillLevel
 .text.HAL_CAN_ActivateNotification
                0x08004996       0x4c ./Drivers/STM32F4xx_HAL_Driver/Src/stm32f4xx_hal_can.o
                0x08004996                HAL_CAN_ActivateNotification
 .text.HAL_CAN_IRQHandler
                0x080049e2      0x36e ./Drivers/STM32F4xx_HAL_Driver/Src/stm32f4xx_hal_can.o
                0x080049e2                HAL_CAN_IRQHandler
 .text.HAL_CAN_TxMailbox0CompleteCallback
                0x08004d50       0x14 ./Drivers/STM32F4xx_HAL_Driver/Src/stm32f4xx_hal_can.o
                0x08004d50                HAL_CAN_TxMailbox0CompleteCallback
 .text.HAL_CAN_TxMailbox1CompleteCallback
                0x08004d64       0x14 ./Drivers/STM32F4xx_HAL_Driver/Src/stm32f4xx_hal_can.o
                0x08004d64                HAL_CAN_TxMailbox1CompleteCallback
 .text.HAL_CAN_TxMailbox2CompleteCallback
                0x08004d78       0x14 ./Drivers/STM32F4xx_HAL_Driver/Src/stm32f4xx_hal_can.o
                0x08004d78                HAL_CAN_TxMailbox2CompleteCallback
 .text.HAL_CAN_TxMailbox0AbortCallback
                0x08004d8c       0x14 ./Drivers/STM32F4xx_HAL_Driver/Src/stm32f4xx_hal_can.o
                0x08004d8c                HAL_CAN_TxMailbox0AbortCallback
 .text.HAL_CAN_TxMailbox1AbortCallback
                0x08004da0       0x14 ./Drivers/STM32F4xx_HAL_Driver/Src/stm32f4xx_hal_can.o
                0x08004da0                HAL_CAN_TxMailbox1AbortCallback
 .text.HAL_CAN_TxMailbox2AbortCallback
                0x08004db4       0x14 ./Drivers/STM32F4xx_HAL_Driver/Src/stm32f4xx_hal_can.o
                0x08004db4                HAL_CAN_TxMailbox2AbortCallback
 .text.HAL_CAN_RxFifo0FullCallback
                0x08004dc8       0x14 ./Drivers/STM32F4xx_HAL_Driver/Src/stm32f4xx_hal_can.o
                0x08004dc8                HAL_CAN_RxFifo0FullCallback
 .text.HAL_CAN_RxFifo1MsgPendingCallback
                0x08004ddc       0x14 ./Drivers/STM32F4xx_HAL_Driver/Src/stm32f4xx_hal_can.o
                0x08004ddc                HAL_CAN_RxFifo1MsgPendingCallback
 .text.HAL_CAN_RxFifo1FullCallback
                0x08004df0       0x14 ./Drivers/STM32F4xx_HAL_Driver/Src/stm32f4xx_hal_can.o
                0x08004df0                HAL_CAN_RxFifo1FullCallback
 .text.HAL_CAN_SleepCallback
                0x08004e04       0x14 ./Drivers/STM32F4xx_HAL_Driver/Src/stm32f4xx_hal_can.o
                0x08004e04                HAL_CAN_SleepCallback
 .text.HAL_CAN_WakeUpFromRxMsgCallback
                0x08004e18       0x14 ./Drivers/STM32F4xx_HAL_Driver/Src/stm32f4xx_hal_can.o
                0x08004e18                HAL_CAN_WakeUpFromRxMsgCallback
 .text.HAL_CAN_ErrorCallback
                0x08004e2c       0x14 ./Drivers/STM32F4xx_HAL_Driver/Src/stm32f4xx_hal_can.o
                0x08004e2c                HAL_CAN_ErrorCallback
 .text.HAL_CAN_GetState
                0x08004e40       0x50 ./Drivers/STM32F4xx_HAL_Driver/Src/stm32f4xx_hal_can.o
                0x08004e40                HAL_CAN_GetState
 .text.HAL_CAN_GetError
                0x08004e90       0x18 ./Drivers/STM32F4xx_HAL_Driver/Src/stm32f4xx_hal_can.o
                0x08004e90                HAL_CAN_GetError
 .text.__NVIC_SetPriorityGrouping
                0x08004ea8       0x48 ./Drivers/STM32F4xx_HAL_Driver/Src/stm32f4xx_hal_cortex.o
 .text.__NVIC_GetPriorityGrouping
                0x08004ef0       0x1c ./Drivers/STM32F4xx_HAL_Driver/Src/stm32f4xx_hal_cortex.o
 .text.__NVIC_EnableIRQ
                0x08004f0c       0x3c ./Drivers/STM32F4xx_HAL_Driver/Src/stm32f4xx_hal_cortex.o
 .text.__NVIC_SetPriority
                0x08004f48       0x54 ./Drivers/STM32F4xx_HAL_Driver/Src/stm32f4xx_hal_cortex.o
 .text.NVIC_EncodePriority
                0x08004f9c       0x66 ./Drivers/STM32F4xx_HAL_Driver/Src/stm32f4xx_hal_cortex.o
 *fill*         0x08005002        0x2 
 .text.SysTick_Config
                0x08005004       0x44 ./Drivers/STM32F4xx_HAL_Driver/Src/stm32f4xx_hal_cortex.o
 .text.HAL_NVIC_SetPriorityGrouping
                0x08005048       0x16 ./Drivers/STM32F4xx_HAL_Driver/Src/stm32f4xx_hal_cortex.o
                0x08005048                HAL_NVIC_SetPriorityGrouping
 .text.HAL_NVIC_SetPriority
                0x0800505e       0x38 ./Drivers/STM32F4xx_HAL_Driver/Src/stm32f4xx_hal_cortex.o
                0x0800505e                HAL_NVIC_SetPriority
 .text.HAL_NVIC_EnableIRQ
                0x08005096       0x1c ./Drivers/STM32F4xx_HAL_Driver/Src/stm32f4xx_hal_cortex.o
                0x08005096                HAL_NVIC_EnableIRQ
 .text.HAL_SYSTICK_Config
                0x080050b2       0x18 ./Drivers/STM32F4xx_HAL_Driver/Src/stm32f4xx_hal_cortex.o
                0x080050b2                HAL_SYSTICK_Config
 *fill*         0x080050ca        0x2 
 .text.HAL_GPIO_Init
                0x080050cc      0x338 ./Drivers/STM32F4xx_HAL_Driver/Src/stm32f4xx_hal_gpio.o
                0x080050cc                HAL_GPIO_Init
 .text.HAL_GPIO_WritePin
                0x08005404       0x32 ./Drivers/STM32F4xx_HAL_Driver/Src/stm32f4xx_hal_gpio.o
                0x08005404                HAL_GPIO_WritePin
 *fill*         0x08005436        0x2 
 .text.HAL_I2S_Init
                0x08005438      0x280 ./Drivers/STM32F4xx_HAL_Driver/Src/stm32f4xx_hal_i2s.o
                0x08005438                HAL_I2S_Init
 .text.HAL_I2S_TxCpltCallback
                0x080056b8       0x14 ./Drivers/STM32F4xx_HAL_Driver/Src/stm32f4xx_hal_i2s.o
                0x080056b8                HAL_I2S_TxCpltCallback
 .text.HAL_I2S_RxCpltCallback
                0x080056cc       0x14 ./Drivers/STM32F4xx_HAL_Driver/Src/stm32f4xx_hal_i2s.o
                0x080056cc                HAL_I2S_RxCpltCallback
 .text.HAL_I2S_ErrorCallback
                0x080056e0       0x14 ./Drivers/STM32F4xx_HAL_Driver/Src/stm32f4xx_hal_i2s.o
                0x080056e0                HAL_I2S_ErrorCallback
 .text.I2S_Transmit_IT
                0x080056f4       0x5c ./Drivers/STM32F4xx_HAL_Driver/Src/stm32f4xx_hal_i2s.o
 .text.I2S_Receive_IT
                0x08005750       0x5e ./Drivers/STM32F4xx_HAL_Driver/Src/stm32f4xx_hal_i2s.o
 .text.I2S_IRQHandler
                0x080057ae      0x114 ./Drivers/STM32F4xx_HAL_Driver/Src/stm32f4xx_hal_i2s.o
 *fill*         0x080058c2        0x2 
 .text.HAL_I2SEx_FullDuplex_IRQHandler
                0x080058c4      0x2a8 ./Drivers/STM32F4xx_HAL_Driver/Src/stm32f4xx_hal_i2s_ex.o
                0x080058c4                HAL_I2SEx_FullDuplex_IRQHandler
 .text.HAL_I2SEx_TxRxCpltCallback
                0x08005b6c       0x14 ./Drivers/STM32F4xx_HAL_Driver/Src/stm32f4xx_hal_i2s_ex.o
                0x08005b6c                HAL_I2SEx_TxRxCpltCallback
 .text.I2SEx_TxISR_I2S
                0x08005b80       0x62 ./Drivers/STM32F4xx_HAL_Driver/Src/stm32f4xx_hal_i2s_ex.o
 *fill*         0x08005be2        0x2 
 .text.I2SEx_TxISR_I2SExt
                0x08005be4       0x98 ./Drivers/STM32F4xx_HAL_Driver/Src/stm32f4xx_hal_i2s_ex.o
 .text.I2SEx_RxISR_I2S
                0x08005c7c       0x64 ./Drivers/STM32F4xx_HAL_Driver/Src/stm32f4xx_hal_i2s_ex.o
 .text.I2SEx_RxISR_I2SExt
                0x08005ce0       0x98 ./Drivers/STM32F4xx_HAL_Driver/Src/stm32f4xx_hal_i2s_ex.o
 .text.HAL_PCD_Init
                0x08005d78      0x21e ./Drivers/STM32F4xx_HAL_Driver/Src/stm32f4xx_hal_pcd.o
                0x08005d78                HAL_PCD_Init
 .text.HAL_PCD_Start
                0x08005f96       0x6a ./Drivers/STM32F4xx_HAL_Driver/Src/stm32f4xx_hal_pcd.o
                0x08005f96                HAL_PCD_Start
 .text.HAL_PCD_IRQHandler
                0x08006000      0x942 ./Drivers/STM32F4xx_HAL_Driver/Src/stm32f4xx_hal_pcd.o
                0x08006000                HAL_PCD_IRQHandler
 .text.HAL_PCD_SetAddress
                0x08006942       0x48 ./Drivers/STM32F4xx_HAL_Driver/Src/stm32f4xx_hal_pcd.o
                0x08006942                HAL_PCD_SetAddress
 .text.HAL_PCD_EP_Open
                0x0800698a       0xd4 ./Drivers/STM32F4xx_HAL_Driver/Src/stm32f4xx_hal_pcd.o
                0x0800698a                HAL_PCD_EP_Open
 .text.HAL_PCD_EP_Close
                0x08006a5e       0x94 ./Drivers/STM32F4xx_HAL_Driver/Src/stm32f4xx_hal_pcd.o
                0x08006a5e                HAL_PCD_EP_Close
 .text.HAL_PCD_EP_Receive
                0x08006af2       0x76 ./Drivers/STM32F4xx_HAL_Driver/Src/stm32f4xx_hal_pcd.o
                0x08006af2                HAL_PCD_EP_Receive
 .text.HAL_PCD_EP_GetRxCount
                0x08006b68       0x30 ./Drivers/STM32F4xx_HAL_Driver/Src/stm32f4xx_hal_pcd.o
                0x08006b68                HAL_PCD_EP_GetRxCount
 .text.HAL_PCD_EP_Transmit
                0x08006b98       0x74 ./Drivers/STM32F4xx_HAL_Driver/Src/stm32f4xx_hal_pcd.o
                0x08006b98                HAL_PCD_EP_Transmit
 .text.HAL_PCD_EP_SetStall
                0x08006c0c       0xc6 ./Drivers/STM32F4xx_HAL_Driver/Src/stm32f4xx_hal_pcd.o
                0x08006c0c                HAL_PCD_EP_SetStall
 .text.HAL_PCD_EP_ClrStall
                0x08006cd2       0xac ./Drivers/STM32F4xx_HAL_Driver/Src/stm32f4xx_hal_pcd.o
                0x08006cd2                HAL_PCD_EP_ClrStall
 .text.HAL_PCD_EP_Abort
                0x08006d7e       0x62 ./Drivers/STM32F4xx_HAL_Driver/Src/stm32f4xx_hal_pcd.o
                0x08006d7e                HAL_PCD_EP_Abort
 .text.PCD_WriteEmptyTxFifo
                0x08006de0      0x118 ./Drivers/STM32F4xx_HAL_Driver/Src/stm32f4xx_hal_pcd.o
 .text.PCD_EP_OutXfrComplete_int
                0x08006ef8      0x1d0 ./Drivers/STM32F4xx_HAL_Driver/Src/stm32f4xx_hal_pcd.o
 .text.PCD_EP_OutSetupPacket_int
                0x080070c8       0x8c ./Drivers/STM32F4xx_HAL_Driver/Src/stm32f4xx_hal_pcd.o
 .text.HAL_PCDEx_SetTxFiFo
                0x08007154       0x8e ./Drivers/STM32F4xx_HAL_Driver/Src/stm32f4xx_hal_pcd_ex.o
                0x08007154                HAL_PCDEx_SetTxFiFo
 .text.HAL_PCDEx_SetRxFiFo
                0x080071e2       0x22 ./Drivers/STM32F4xx_HAL_Driver/Src/stm32f4xx_hal_pcd_ex.o
                0x080071e2                HAL_PCDEx_SetRxFiFo
 .text.HAL_PCDEx_LPM_Callback
                0x08007204       0x18 ./Drivers/STM32F4xx_HAL_Driver/Src/stm32f4xx_hal_pcd_ex.o
                0x08007204                HAL_PCDEx_LPM_Callback
 .text.HAL_RCC_OscConfig
                0x0800721c      0x4f0 ./Drivers/STM32F4xx_HAL_Driver/Src/stm32f4xx_hal_rcc.o
                0x0800721c                HAL_RCC_OscConfig
 .text.HAL_RCC_ClockConfig
                0x0800770c      0x1cc ./Drivers/STM32F4xx_HAL_Driver/Src/stm32f4xx_hal_rcc.o
                0x0800770c                HAL_RCC_ClockConfig
 .text.HAL_RCC_GetSysClockFreq
                0x080078d8      0x20c ./Drivers/STM32F4xx_HAL_Driver/Src/stm32f4xx_hal_rcc.o
                0x080078d8                HAL_RCC_GetSysClockFreq
 .text.HAL_RCC_GetHCLKFreq
                0x08007ae4       0x18 ./Drivers/STM32F4xx_HAL_Driver/Src/stm32f4xx_hal_rcc.o
                0x08007ae4                HAL_RCC_GetHCLKFreq
 .text.HAL_RCCEx_PeriphCLKConfig
                0x08007afc      0x1c4 ./Drivers/STM32F4xx_HAL_Driver/Src/stm32f4xx_hal_rcc_ex.o
                0x08007afc                HAL_RCCEx_PeriphCLKConfig
 .text.HAL_RCCEx_GetPeriphCLKFreq
                0x08007cc0       0xc0 ./Drivers/STM32F4xx_HAL_Driver/Src/stm32f4xx_hal_rcc_ex.o
                0x08007cc0                HAL_RCCEx_GetPeriphCLKFreq
 .text.HAL_SPI_Init
                0x08007d80      0x112 ./Drivers/STM32F4xx_HAL_Driver/Src/stm32f4xx_hal_spi.o
                0x08007d80                HAL_SPI_Init
 .text.HAL_TIM_Base_Init
                0x08007e92       0x9e ./Drivers/STM32F4xx_HAL_Driver/Src/stm32f4xx_hal_tim.o
                0x08007e92                HAL_TIM_Base_Init
 .text.HAL_TIM_Base_Start_IT
                0x08007f30       0xe0 ./Drivers/STM32F4xx_HAL_Driver/Src/stm32f4xx_hal_tim.o
                0x08007f30                HAL_TIM_Base_Start_IT
 .text.HAL_TIM_PWM_Init
                0x08008010       0x9e ./Drivers/STM32F4xx_HAL_Driver/Src/stm32f4xx_hal_tim.o
                0x08008010                HAL_TIM_PWM_Init
 .text.HAL_TIM_PWM_MspInit
                0x080080ae       0x14 ./Drivers/STM32F4xx_HAL_Driver/Src/stm32f4xx_hal_tim.o
                0x080080ae                HAL_TIM_PWM_MspInit
 *fill*         0x080080c2        0x2 
 .text.HAL_TIM_PWM_Start
                0x080080c4      0x190 ./Drivers/STM32F4xx_HAL_Driver/Src/stm32f4xx_hal_tim.o
                0x080080c4                HAL_TIM_PWM_Start
 .text.HAL_TIM_IRQHandler
                0x08008254      0x1e0 ./Drivers/STM32F4xx_HAL_Driver/Src/stm32f4xx_hal_tim.o
                0x08008254                HAL_TIM_IRQHandler
 .text.HAL_TIM_PWM_ConfigChannel
                0x08008434      0x184 ./Drivers/STM32F4xx_HAL_Driver/Src/stm32f4xx_hal_tim.o
                0x08008434                HAL_TIM_PWM_ConfigChannel
 .text.HAL_TIM_ConfigClockSource
                0x080085b8      0x18e ./Drivers/STM32F4xx_HAL_Driver/Src/stm32f4xx_hal_tim.o
                0x080085b8                HAL_TIM_ConfigClockSource
 .text.HAL_TIM_OC_DelayElapsedCallback
                0x08008746       0x14 ./Drivers/STM32F4xx_HAL_Driver/Src/stm32f4xx_hal_tim.o
                0x08008746                HAL_TIM_OC_DelayElapsedCallback
 .text.HAL_TIM_IC_CaptureCallback
                0x0800875a       0x14 ./Drivers/STM32F4xx_HAL_Driver/Src/stm32f4xx_hal_tim.o
                0x0800875a                HAL_TIM_IC_CaptureCallback
 .text.HAL_TIM_PWM_PulseFinishedCallback
                0x0800876e       0x14 ./Drivers/STM32F4xx_HAL_Driver/Src/stm32f4xx_hal_tim.o
                0x0800876e                HAL_TIM_PWM_PulseFinishedCallback
 .text.HAL_TIM_TriggerCallback
                0x08008782       0x14 ./Drivers/STM32F4xx_HAL_Driver/Src/stm32f4xx_hal_tim.o
                0x08008782                HAL_TIM_TriggerCallback
 *fill*         0x08008796        0x2 
 .text.TIM_Base_SetConfig
                0x08008798      0x14c ./Drivers/STM32F4xx_HAL_Driver/Src/stm32f4xx_hal_tim.o
                0x08008798                TIM_Base_SetConfig
 .text.TIM_OC1_SetConfig
                0x080088e4       0xe0 ./Drivers/STM32F4xx_HAL_Driver/Src/stm32f4xx_hal_tim.o
 .text.TIM_OC2_SetConfig
                0x080089c4       0xec ./Drivers/STM32F4xx_HAL_Driver/Src/stm32f4xx_hal_tim.o
                0x080089c4                TIM_OC2_SetConfig
 .text.TIM_OC3_SetConfig
                0x08008ab0       0xe8 ./Drivers/STM32F4xx_HAL_Driver/Src/stm32f4xx_hal_tim.o
 .text.TIM_OC4_SetConfig
                0x08008b98       0xac ./Drivers/STM32F4xx_HAL_Driver/Src/stm32f4xx_hal_tim.o
 .text.TIM_TI1_ConfigInputStage
                0x08008c44       0x5e ./Drivers/STM32F4xx_HAL_Driver/Src/stm32f4xx_hal_tim.o
 .text.TIM_TI2_ConfigInputStage
                0x08008ca2       0x60 ./Drivers/STM32F4xx_HAL_Driver/Src/stm32f4xx_hal_tim.o
 .text.TIM_ITRx_SetConfig
                0x08008d02       0x36 ./Drivers/STM32F4xx_HAL_Driver/Src/stm32f4xx_hal_tim.o
 .text.TIM_ETR_SetConfig
                0x08008d38       0x40 ./Drivers/STM32F4xx_HAL_Driver/Src/stm32f4xx_hal_tim.o
                0x08008d38                TIM_ETR_SetConfig
 .text.TIM_CCxChannelCmd
                0x08008d78       0x4a ./Drivers/STM32F4xx_HAL_Driver/Src/stm32f4xx_hal_tim.o
                0x08008d78                TIM_CCxChannelCmd
 *fill*         0x08008dc2        0x2 
 .text.HAL_TIMEx_MasterConfigSynchronization
                0x08008dc4       0xf8 ./Drivers/STM32F4xx_HAL_Driver/Src/stm32f4xx_hal_tim_ex.o
                0x08008dc4                HAL_TIMEx_MasterConfigSynchronization
 .text.HAL_TIMEx_CommutCallback
                0x08008ebc       0x14 ./Drivers/STM32F4xx_HAL_Driver/Src/stm32f4xx_hal_tim_ex.o
                0x08008ebc                HAL_TIMEx_CommutCallback
 .text.HAL_TIMEx_BreakCallback
                0x08008ed0       0x14 ./Drivers/STM32F4xx_HAL_Driver/Src/stm32f4xx_hal_tim_ex.o
                0x08008ed0                HAL_TIMEx_BreakCallback
 .text.USB_CoreInit
                0x08008ee4       0xc8 ./Drivers/STM32F4xx_HAL_Driver/Src/stm32f4xx_ll_usb.o
                0x08008ee4                USB_CoreInit
 .text.USB_SetTurnaroundTime
                0x08008fac      0x144 ./Drivers/STM32F4xx_HAL_Driver/Src/stm32f4xx_ll_usb.o
                0x08008fac                USB_SetTurnaroundTime
 .text.USB_EnableGlobalInt
                0x080090f0       0x22 ./Drivers/STM32F4xx_HAL_Driver/Src/stm32f4xx_ll_usb.o
                0x080090f0                USB_EnableGlobalInt
 .text.USB_DisableGlobalInt
                0x08009112       0x22 ./Drivers/STM32F4xx_HAL_Driver/Src/stm32f4xx_ll_usb.o
                0x08009112                USB_DisableGlobalInt
 .text.USB_SetCurrentMode
                0x08009134       0x98 ./Drivers/STM32F4xx_HAL_Driver/Src/stm32f4xx_ll_usb.o
                0x08009134                USB_SetCurrentMode
 .text.USB_DevInit
                0x080091cc      0x2c8 ./Drivers/STM32F4xx_HAL_Driver/Src/stm32f4xx_ll_usb.o
                0x080091cc                USB_DevInit
 .text.USB_FlushTxFifo
                0x08009494       0x64 ./Drivers/STM32F4xx_HAL_Driver/Src/stm32f4xx_ll_usb.o
                0x08009494                USB_FlushTxFifo
 .text.USB_FlushRxFifo
                0x080094f8       0x5c ./Drivers/STM32F4xx_HAL_Driver/Src/stm32f4xx_ll_usb.o
                0x080094f8                USB_FlushRxFifo
 .text.USB_SetDevSpeed
                0x08009554       0x32 ./Drivers/STM32F4xx_HAL_Driver/Src/stm32f4xx_ll_usb.o
                0x08009554                USB_SetDevSpeed
 .text.USB_GetDevSpeed
                0x08009586       0x4a ./Drivers/STM32F4xx_HAL_Driver/Src/stm32f4xx_ll_usb.o
                0x08009586                USB_GetDevSpeed
 .text.USB_ActivateEndpoint
                0x080095d0      0x10e ./Drivers/STM32F4xx_HAL_Driver/Src/stm32f4xx_ll_usb.o
                0x080095d0                USB_ActivateEndpoint
 *fill*         0x080096de        0x2 
 .text.USB_DeactivateEndpoint
                0x080096e0      0x1b8 ./Drivers/STM32F4xx_HAL_Driver/Src/stm32f4xx_ll_usb.o
                0x080096e0                USB_DeactivateEndpoint
 .text.USB_EPStartXfer
                0x08009898      0x53c ./Drivers/STM32F4xx_HAL_Driver/Src/stm32f4xx_ll_usb.o
                0x08009898                USB_EPStartXfer
 .text.USB_EPStopXfer
                0x08009dd4      0x154 ./Drivers/STM32F4xx_HAL_Driver/Src/stm32f4xx_ll_usb.o
                0x08009dd4                USB_EPStopXfer
 .text.USB_WritePacket
                0x08009f28       0x7c ./Drivers/STM32F4xx_HAL_Driver/Src/stm32f4xx_ll_usb.o
                0x08009f28                USB_WritePacket
 .text.USB_ReadPacket
                0x08009fa4       0xb0 ./Drivers/STM32F4xx_HAL_Driver/Src/stm32f4xx_ll_usb.o
                0x08009fa4                USB_ReadPacket
 .text.USB_EPSetStall
                0x0800a054       0xdc ./Drivers/STM32F4xx_HAL_Driver/Src/stm32f4xx_ll_usb.o
                0x0800a054                USB_EPSetStall
 .text.USB_EPClearStall
                0x0800a130       0xcc ./Drivers/STM32F4xx_HAL_Driver/Src/stm32f4xx_ll_usb.o
                0x0800a130                USB_EPClearStall
 .text.USB_SetDevAddress
                0x0800a1fc       0x4c ./Drivers/STM32F4xx_HAL_Driver/Src/stm32f4xx_ll_usb.o
                0x0800a1fc                USB_SetDevAddress
 .text.USB_DevConnect
                0x0800a248       0x42 ./Drivers/STM32F4xx_HAL_Driver/Src/stm32f4xx_ll_usb.o
                0x0800a248                USB_DevConnect
 .text.USB_DevDisconnect
                0x0800a28a       0x42 ./Drivers/STM32F4xx_HAL_Driver/Src/stm32f4xx_ll_usb.o
                0x0800a28a                USB_DevDisconnect
 .text.USB_ReadInterrupts
                0x0800a2cc       0x26 ./Drivers/STM32F4xx_HAL_Driver/Src/stm32f4xx_ll_usb.o
                0x0800a2cc                USB_ReadInterrupts
 .text.USB_ReadDevAllOutEpInterrupt
                0x0800a2f2       0x34 ./Drivers/STM32F4xx_HAL_Driver/Src/stm32f4xx_ll_usb.o
                0x0800a2f2                USB_ReadDevAllOutEpInterrupt
 .text.USB_ReadDevAllInEpInterrupt
                0x0800a326       0x34 ./Drivers/STM32F4xx_HAL_Driver/Src/stm32f4xx_ll_usb.o
                0x0800a326                USB_ReadDevAllInEpInterrupt
 .text.USB_ReadDevOutEPInterrupt
                0x0800a35a       0x3c ./Drivers/STM32F4xx_HAL_Driver/Src/stm32f4xx_ll_usb.o
                0x0800a35a                USB_ReadDevOutEPInterrupt
 .text.USB_ReadDevInEPInterrupt
                0x0800a396       0x5c ./Drivers/STM32F4xx_HAL_Driver/Src/stm32f4xx_ll_usb.o
                0x0800a396                USB_ReadDevInEPInterrupt
 .text.USB_GetMode
                0x0800a3f2       0x1c ./Drivers/STM32F4xx_HAL_Driver/Src/stm32f4xx_ll_usb.o
                0x0800a3f2                USB_GetMode
 .text.USB_ActivateSetup
                0x0800a40e       0x46 ./Drivers/STM32F4xx_HAL_Driver/Src/stm32f4xx_ll_usb.o
                0x0800a40e                USB_ActivateSetup
 .text.USB_EP0_OutStart
                0x0800a454       0xbc ./Drivers/STM32F4xx_HAL_Driver/Src/stm32f4xx_ll_usb.o
                0x0800a454                USB_EP0_OutStart
 .text.USB_CoreReset
                0x0800a510       0x70 ./Drivers/STM32F4xx_HAL_Driver/Src/stm32f4xx_ll_usb.o
 .text.USBD_CDC_Init
                0x0800a580      0x1f0 ./Middlewares/ST/STM32_USB_Device_Library/Class/CDC/Src/usbd_cdc.o
 .text.USBD_CDC_DeInit
                0x0800a770      0x104 ./Middlewares/ST/STM32_USB_Device_Library/Class/CDC/Src/usbd_cdc.o
 .text.USBD_CDC_Setup
                0x0800a874      0x1b8 ./Middlewares/ST/STM32_USB_Device_Library/Class/CDC/Src/usbd_cdc.o
 .text.USBD_CDC_DataIn
                0x0800aa2c       0xfe ./Middlewares/ST/STM32_USB_Device_Library/Class/CDC/Src/usbd_cdc.o
 .text.USBD_CDC_DataOut
                0x0800ab2a       0x70 ./Middlewares/ST/STM32_USB_Device_Library/Class/CDC/Src/usbd_cdc.o
 .text.USBD_CDC_EP0_RxReady
                0x0800ab9a       0x74 ./Middlewares/ST/STM32_USB_Device_Library/Class/CDC/Src/usbd_cdc.o
 *fill*         0x0800ac0e        0x2 
 .text.USBD_CDC_GetFSCfgDesc
                0x0800ac10       0x70 ./Middlewares/ST/STM32_USB_Device_Library/Class/CDC/Src/usbd_cdc.o
 .text.USBD_CDC_GetHSCfgDesc
                0x0800ac80       0x70 ./Middlewares/ST/STM32_USB_Device_Library/Class/CDC/Src/usbd_cdc.o
 .text.USBD_CDC_GetOtherSpeedCfgDesc
                0x0800acf0       0x70 ./Middlewares/ST/STM32_USB_Device_Library/Class/CDC/Src/usbd_cdc.o
 .text.USBD_CDC_GetDeviceQualifierDescriptor
                0x0800ad60       0x20 ./Middlewares/ST/STM32_USB_Device_Library/Class/CDC/Src/usbd_cdc.o
                0x0800ad60                USBD_CDC_GetDeviceQualifierDescriptor
 .text.USBD_CDC_RegisterInterface
                0x0800ad80       0x34 ./Middlewares/ST/STM32_USB_Device_Library/Class/CDC/Src/usbd_cdc.o
                0x0800ad80                USBD_CDC_RegisterInterface
 .text.USBD_CDC_SetTxBuffer
                0x0800adb4       0x44 ./Middlewares/ST/STM32_USB_Device_Library/Class/CDC/Src/usbd_cdc.o
                0x0800adb4                USBD_CDC_SetTxBuffer
 .text.USBD_CDC_SetRxBuffer
                0x0800adf8       0x3a ./Middlewares/ST/STM32_USB_Device_Library/Class/CDC/Src/usbd_cdc.o
                0x0800adf8                USBD_CDC_SetRxBuffer
 *fill*         0x0800ae32        0x2 
 .text.USBD_CDC_TransmitPacket
                0x0800ae34       0x80 ./Middlewares/ST/STM32_USB_Device_Library/Class/CDC/Src/usbd_cdc.o
                0x0800ae34                USBD_CDC_TransmitPacket
 .text.USBD_CDC_ReceivePacket
                0x0800aeb4       0x6c ./Middlewares/ST/STM32_USB_Device_Library/Class/CDC/Src/usbd_cdc.o
                0x0800aeb4                USBD_CDC_ReceivePacket
 .text.USBD_Init
                0x0800af20       0x60 ./Middlewares/ST/STM32_USB_Device_Library/Core/Src/usbd_core.o
                0x0800af20                USBD_Init
 .text.USBD_RegisterClass
                0x0800af80       0x6c ./Middlewares/ST/STM32_USB_Device_Library/Core/Src/usbd_core.o
                0x0800af80                USBD_RegisterClass
 .text.USBD_Start
                0x0800afec       0x18 ./Middlewares/ST/STM32_USB_Device_Library/Core/Src/usbd_core.o
                0x0800afec                USBD_Start
 .text.USBD_RunTestMode
                0x0800b004       0x16 ./Middlewares/ST/STM32_USB_Device_Library/Core/Src/usbd_core.o
                0x0800b004                USBD_RunTestMode
 .text.USBD_SetClassConfig
                0x0800b01a       0x38 ./Middlewares/ST/STM32_USB_Device_Library/Core/Src/usbd_core.o
                0x0800b01a                USBD_SetClassConfig
 .text.USBD_ClrClassConfig
                0x0800b052       0x34 ./Middlewares/ST/STM32_USB_Device_Library/Core/Src/usbd_core.o
                0x0800b052                USBD_ClrClassConfig
 .text.USBD_LL_SetupStage
                0x0800b086       0xaa ./Middlewares/ST/STM32_USB_Device_Library/Core/Src/usbd_core.o
                0x0800b086                USBD_LL_SetupStage
 .text.USBD_LL_DataOutStage
                0x0800b130      0x178 ./Middlewares/ST/STM32_USB_Device_Library/Core/Src/usbd_core.o
                0x0800b130                USBD_LL_DataOutStage
 .text.USBD_LL_DataInStage
                0x0800b2a8      0x176 ./Middlewares/ST/STM32_USB_Device_Library/Core/Src/usbd_core.o
                0x0800b2a8                USBD_LL_DataInStage
 .text.USBD_LL_Reset
                0x0800b41e       0xa6 ./Middlewares/ST/STM32_USB_Device_Library/Core/Src/usbd_core.o
                0x0800b41e                USBD_LL_Reset
 .text.USBD_LL_SetSpeed
                0x0800b4c4       0x20 ./Middlewares/ST/STM32_USB_Device_Library/Core/Src/usbd_core.o
                0x0800b4c4                USBD_LL_SetSpeed
 .text.USBD_LL_Suspend
                0x0800b4e4       0x38 ./Middlewares/ST/STM32_USB_Device_Library/Core/Src/usbd_core.o
                0x0800b4e4                USBD_LL_Suspend
 .text.USBD_LL_Resume
                0x0800b51c       0x30 ./Middlewares/ST/STM32_USB_Device_Library/Core/Src/usbd_core.o
                0x0800b51c                USBD_LL_Resume
 .text.USBD_LL_SOF
                0x0800b54c       0x40 ./Middlewares/ST/STM32_USB_Device_Library/Core/Src/usbd_core.o
                0x0800b54c                USBD_LL_SOF
 .text.USBD_LL_IsoINIncomplete
                0x0800b58c       0x64 ./Middlewares/ST/STM32_USB_Device_Library/Core/Src/usbd_core.o
                0x0800b58c                USBD_LL_IsoINIncomplete
 .text.USBD_LL_IsoOUTIncomplete
                0x0800b5f0       0x64 ./Middlewares/ST/STM32_USB_Device_Library/Core/Src/usbd_core.o
                0x0800b5f0                USBD_LL_IsoOUTIncomplete
 .text.USBD_LL_DevConnected
                0x0800b654       0x16 ./Middlewares/ST/STM32_USB_Device_Library/Core/Src/usbd_core.o
                0x0800b654                USBD_LL_DevConnected
 .text.USBD_LL_DevDisconnected
                0x0800b66a       0x46 ./Middlewares/ST/STM32_USB_Device_Library/Core/Src/usbd_core.o
                0x0800b66a                USBD_LL_DevDisconnected
 .text.USBD_CoreFindIF
                0x0800b6b0       0x1a ./Middlewares/ST/STM32_USB_Device_Library/Core/Src/usbd_core.o
                0x0800b6b0                USBD_CoreFindIF
 .text.USBD_CoreFindEP
                0x0800b6ca       0x1a ./Middlewares/ST/STM32_USB_Device_Library/Core/Src/usbd_core.o
                0x0800b6ca                USBD_CoreFindEP
 .text.USBD_GetEpDesc
                0x0800b6e4       0x70 ./Middlewares/ST/STM32_USB_Device_Library/Core/Src/usbd_core.o
                0x0800b6e4                USBD_GetEpDesc
 .text.USBD_GetNextDesc
                0x0800b754       0x38 ./Middlewares/ST/STM32_USB_Device_Library/Core/Src/usbd_core.o
                0x0800b754                USBD_GetNextDesc
 .text.SWAPBYTE
                0x0800b78c       0x3e ./Middlewares/ST/STM32_USB_Device_Library/Core/Src/usbd_ctlreq.o
 *fill*         0x0800b7ca        0x2 
 .text.USBD_StdDevReq
                0x0800b7cc       0xe4 ./Middlewares/ST/STM32_USB_Device_Library/Core/Src/usbd_ctlreq.o
                0x0800b7cc                USBD_StdDevReq
 .text.USBD_StdItfReq
                0x0800b8b0       0xd8 ./Middlewares/ST/STM32_USB_Device_Library/Core/Src/usbd_ctlreq.o
                0x0800b8b0                USBD_StdItfReq
 .text.USBD_StdEPReq
                0x0800b988      0x33e ./Middlewares/ST/STM32_USB_Device_Library/Core/Src/usbd_ctlreq.o
                0x0800b988                USBD_StdEPReq
 *fill*         0x0800bcc6        0x2 
 .text.USBD_GetDescriptor
                0x0800bcc8      0x2d4 ./Middlewares/ST/STM32_USB_Device_Library/Core/Src/usbd_ctlreq.o
 .text.USBD_SetAddress
                0x0800bf9c       0x88 ./Middlewares/ST/STM32_USB_Device_Library/Core/Src/usbd_ctlreq.o
 .text.USBD_SetConfig
                0x0800c024      0x154 ./Middlewares/ST/STM32_USB_Device_Library/Core/Src/usbd_ctlreq.o
 .text.USBD_GetConfig
                0x0800c178       0x6c ./Middlewares/ST/STM32_USB_Device_Library/Core/Src/usbd_ctlreq.o
 .text.USBD_GetStatus
                0x0800c1e4       0x68 ./Middlewares/ST/STM32_USB_Device_Library/Core/Src/usbd_ctlreq.o
 .text.USBD_SetFeature
                0x0800c24c       0x52 ./Middlewares/ST/STM32_USB_Device_Library/Core/Src/usbd_ctlreq.o
 .text.USBD_ClrFeature
                0x0800c29e       0x44 ./Middlewares/ST/STM32_USB_Device_Library/Core/Src/usbd_ctlreq.o
 .text.USBD_ParseSetupRequest
                0x0800c2e2       0x74 ./Middlewares/ST/STM32_USB_Device_Library/Core/Src/usbd_ctlreq.o
                0x0800c2e2                USBD_ParseSetupRequest
 .text.USBD_CtlError
                0x0800c356       0x22 ./Middlewares/ST/STM32_USB_Device_Library/Core/Src/usbd_ctlreq.o
                0x0800c356                USBD_CtlError
 .text.USBD_GetString
                0x0800c378       0xa4 ./Middlewares/ST/STM32_USB_Device_Library/Core/Src/usbd_ctlreq.o
                0x0800c378                USBD_GetString
 .text.USBD_GetLen
                0x0800c41c       0x34 ./Middlewares/ST/STM32_USB_Device_Library/Core/Src/usbd_ctlreq.o
 .text.USBD_CtlSendData
                0x0800c450       0x3c ./Middlewares/ST/STM32_USB_Device_Library/Core/Src/usbd_ioreq.o
                0x0800c450                USBD_CtlSendData
 .text.USBD_CtlContinueSendData
                0x0800c48c       0x22 ./Middlewares/ST/STM32_USB_Device_Library/Core/Src/usbd_ioreq.o
                0x0800c48c                USBD_CtlContinueSendData
 .text.USBD_CtlPrepareRx
                0x0800c4ae       0x42 ./Middlewares/ST/STM32_USB_Device_Library/Core/Src/usbd_ioreq.o
                0x0800c4ae                USBD_CtlPrepareRx
 .text.USBD_CtlContinueRx
                0x0800c4f0       0x22 ./Middlewares/ST/STM32_USB_Device_Library/Core/Src/usbd_ioreq.o
                0x0800c4f0                USBD_CtlContinueRx
 .text.USBD_CtlSendStatus
                0x0800c512       0x26 ./Middlewares/ST/STM32_USB_Device_Library/Core/Src/usbd_ioreq.o
                0x0800c512                USBD_CtlSendStatus
 .text.USBD_CtlReceiveStatus
                0x0800c538       0x26 ./Middlewares/ST/STM32_USB_Device_Library/Core/Src/usbd_ioreq.o
                0x0800c538                USBD_CtlReceiveStatus
 *fill*         0x0800c55e        0x2 
 .text.MX_USB_DEVICE_Init
                0x0800c560       0x60 ./USB_DEVICE/App/usb_device.o
                0x0800c560                MX_USB_DEVICE_Init
 .text.CDC_Init_FS
                0x0800c5c0       0x28 ./USB_DEVICE/App/usbd_cdc_if.o
 .text.CDC_DeInit_FS
                0x0800c5e8       0x10 ./USB_DEVICE/App/usbd_cdc_if.o
 .text.CDC_Control_FS
                0x0800c5f8       0xbc ./USB_DEVICE/App/usbd_cdc_if.o
 .text.CDC_Receive_FS
                0x0800c6b4       0x34 ./USB_DEVICE/App/usbd_cdc_if.o
 .text.CDC_Transmit_FS
                0x0800c6e8       0x4c ./USB_DEVICE/App/usbd_cdc_if.o
                0x0800c6e8                CDC_Transmit_FS
 .text.CDC_TransmitCplt_FS
                0x0800c734       0x22 ./USB_DEVICE/App/usbd_cdc_if.o
 *fill*         0x0800c756        0x2 
 .text.USBD_FS_DeviceDescriptor
                0x0800c758       0x24 ./USB_DEVICE/App/usbd_desc.o
                0x0800c758                USBD_FS_DeviceDescriptor
 .text.USBD_FS_LangIDStrDescriptor
                0x0800c77c       0x24 ./USB_DEVICE/App/usbd_desc.o
                0x0800c77c                USBD_FS_LangIDStrDescriptor
 .text.USBD_FS_ProductStrDescriptor
                0x0800c7a0       0x3c ./USB_DEVICE/App/usbd_desc.o
                0x0800c7a0                USBD_FS_ProductStrDescriptor
 .text.USBD_FS_ManufacturerStrDescriptor
                0x0800c7dc       0x28 ./USB_DEVICE/App/usbd_desc.o
                0x0800c7dc                USBD_FS_ManufacturerStrDescriptor
 .text.USBD_FS_SerialStrDescriptor
                0x0800c804       0x24 ./USB_DEVICE/App/usbd_desc.o
                0x0800c804                USBD_FS_SerialStrDescriptor
 .text.USBD_FS_ConfigStrDescriptor
                0x0800c828       0x3c ./USB_DEVICE/App/usbd_desc.o
                0x0800c828                USBD_FS_ConfigStrDescriptor
 .text.USBD_FS_InterfaceStrDescriptor
                0x0800c864       0x3c ./USB_DEVICE/App/usbd_desc.o
                0x0800c864                USBD_FS_InterfaceStrDescriptor
 .text.Get_SerialNum
                0x0800c8a0       0x58 ./USB_DEVICE/App/usbd_desc.o
 .text.IntToUnicode
                0x0800c8f8       0x7e ./USB_DEVICE/App/usbd_desc.o
 *fill*         0x0800c976        0x2 
 .text.HAL_PCD_MspInit
                0x0800c978       0xc4 ./USB_DEVICE/Target/usbd_conf.o
                0x0800c978                HAL_PCD_MspInit
 .text.HAL_PCD_SetupStageCallback
                0x0800ca3c       0x24 ./USB_DEVICE/Target/usbd_conf.o
                0x0800ca3c                HAL_PCD_SetupStageCallback
 .text.HAL_PCD_DataOutStageCallback
                0x0800ca60       0x36 ./USB_DEVICE/Target/usbd_conf.o
                0x0800ca60                HAL_PCD_DataOutStageCallback
 .text.HAL_PCD_DataInStageCallback
                0x0800ca96       0x34 ./USB_DEVICE/Target/usbd_conf.o
                0x0800ca96                HAL_PCD_DataInStageCallback
 .text.HAL_PCD_SOFCallback
                0x0800caca       0x1c ./USB_DEVICE/Target/usbd_conf.o
                0x0800caca                HAL_PCD_SOFCallback
 .text.HAL_PCD_ResetCallback
                0x0800cae6       0x50 ./USB_DEVICE/Target/usbd_conf.o
                0x0800cae6                HAL_PCD_ResetCallback
 *fill*         0x0800cb36        0x2 
 .text.HAL_PCD_SuspendCallback
                0x0800cb38       0x4c ./USB_DEVICE/Target/usbd_conf.o
                0x0800cb38                HAL_PCD_SuspendCallback
 .text.HAL_PCD_ResumeCallback
                0x0800cb84       0x1c ./USB_DEVICE/Target/usbd_conf.o
                0x0800cb84                HAL_PCD_ResumeCallback
 .text.HAL_PCD_ISOOUTIncompleteCallback
                0x0800cba0       0x24 ./USB_DEVICE/Target/usbd_conf.o
                0x0800cba0                HAL_PCD_ISOOUTIncompleteCallback
 .text.HAL_PCD_ISOINIncompleteCallback
                0x0800cbc4       0x24 ./USB_DEVICE/Target/usbd_conf.o
                0x0800cbc4                HAL_PCD_ISOINIncompleteCallback
 .text.HAL_PCD_ConnectCallback
                0x0800cbe8       0x1c ./USB_DEVICE/Target/usbd_conf.o
                0x0800cbe8                HAL_PCD_ConnectCallback
 .text.HAL_PCD_DisconnectCallback
                0x0800cc04       0x1c ./USB_DEVICE/Target/usbd_conf.o
                0x0800cc04                HAL_PCD_DisconnectCallback
 .text.USBD_LL_Init
                0x0800cc20       0x98 ./USB_DEVICE/Target/usbd_conf.o
                0x0800cc20                USBD_LL_Init
 .text.USBD_LL_Start
                0x0800ccb8       0x36 ./USB_DEVICE/Target/usbd_conf.o
                0x0800ccb8                USBD_LL_Start
 .text.USBD_LL_OpenEP
                0x0800ccee       0x4c ./USB_DEVICE/Target/usbd_conf.o
                0x0800ccee                USBD_LL_OpenEP
 .text.USBD_LL_CloseEP
                0x0800cd3a       0x3e ./USB_DEVICE/Target/usbd_conf.o
                0x0800cd3a                USBD_LL_CloseEP
 .text.USBD_LL_StallEP
                0x0800cd78       0x3e ./USB_DEVICE/Target/usbd_conf.o
                0x0800cd78                USBD_LL_StallEP
 .text.USBD_LL_ClearStallEP
                0x0800cdb6       0x3e ./USB_DEVICE/Target/usbd_conf.o
                0x0800cdb6                USBD_LL_ClearStallEP
 .text.USBD_LL_IsStallEP
                0x0800cdf4       0x58 ./USB_DEVICE/Target/usbd_conf.o
                0x0800cdf4                USBD_LL_IsStallEP
 .text.USBD_LL_SetUSBAddress
                0x0800ce4c       0x3e ./USB_DEVICE/Target/usbd_conf.o
                0x0800ce4c                USBD_LL_SetUSBAddress
 .text.USBD_LL_Transmit
                0x0800ce8a       0x42 ./USB_DEVICE/Target/usbd_conf.o
                0x0800ce8a                USBD_LL_Transmit
 .text.USBD_LL_PrepareReceive
                0x0800cecc       0x42 ./USB_DEVICE/Target/usbd_conf.o
                0x0800cecc                USBD_LL_PrepareReceive
 .text.USBD_LL_GetRxDataSize
                0x0800cf0e       0x26 ./USB_DEVICE/Target/usbd_conf.o
                0x0800cf0e                USBD_LL_GetRxDataSize
 .text.USBD_static_malloc
                0x0800cf34       0x1c ./USB_DEVICE/Target/usbd_conf.o
                0x0800cf34                USBD_static_malloc
 .text.USBD_static_free
                0x0800cf50       0x14 ./USB_DEVICE/Target/usbd_conf.o
                0x0800cf50                USBD_static_free
 .text.USBD_Get_USB_Status
                0x0800cf64       0x58 ./USB_DEVICE/Target/usbd_conf.o
                0x0800cf64                USBD_Get_USB_Status
 .text.__cvt    0x0800cfbc       0xca C:/ST/STM32CubeIDE_2.1.1/STM32CubeIDE/plugins/com.st.stm32cube.ide.mcu.externaltools.gnu-tools-for-stm32.14.3.rel1.win32_1.0.100.202602081740/tools/bin/../lib/gcc/arm-none-eabi/14.3.1/../../../../arm-none-eabi/lib/thumb/v7e-m+fp/hard\libc_nano.a(libc_a-nano-vfprintf_float.o)
                0x0800cfbc                __cvt
 .text.__exponent
                0x0800d086       0x74 C:/ST/STM32CubeIDE_2.1.1/STM32CubeIDE/plugins/com.st.stm32cube.ide.mcu.externaltools.gnu-tools-for-stm32.14.3.rel1.win32_1.0.100.202602081740/tools/bin/../lib/gcc/arm-none-eabi/14.3.1/../../../../arm-none-eabi/lib/thumb/v7e-m+fp/hard\libc_nano.a(libc_a-nano-vfprintf_float.o)
                0x0800d086                __exponent
 *fill*         0x0800d0fa        0x2 
 .text._printf_float
                0x0800d0fc      0x450 C:/ST/STM32CubeIDE_2.1.1/STM32CubeIDE/plugins/com.st.stm32cube.ide.mcu.externaltools.gnu-tools-for-stm32.14.3.rel1.win32_1.0.100.202602081740/tools/bin/../lib/gcc/arm-none-eabi/14.3.1/../../../../arm-none-eabi/lib/thumb/v7e-m+fp/hard\libc_nano.a(libc_a-nano-vfprintf_float.o)
                0x0800d0fc                _printf_float
 .text._printf_common
                0x0800d54c       0xda C:/ST/STM32CubeIDE_2.1.1/STM32CubeIDE/plugins/com.st.stm32cube.ide.mcu.externaltools.gnu-tools-for-stm32.14.3.rel1.win32_1.0.100.202602081740/tools/bin/../lib/gcc/arm-none-eabi/14.3.1/../../../../arm-none-eabi/lib/thumb/v7e-m+fp/hard\libc_nano.a(libc_a-nano-vfprintf_i.o)
                0x0800d54c                _printf_common
 *fill*         0x0800d626        0x2 
 .text._printf_i
                0x0800d628      0x24c C:/ST/STM32CubeIDE_2.1.1/STM32CubeIDE/plugins/com.st.stm32cube.ide.mcu.externaltools.gnu-tools-for-stm32.14.3.rel1.win32_1.0.100.202602081740/tools/bin/../lib/gcc/arm-none-eabi/14.3.1/../../../../arm-none-eabi/lib/thumb/v7e-m+fp/hard\libc_nano.a(libc_a-nano-vfprintf_i.o)
                0x0800d628                _printf_i
 .text._scanf_float
                0x0800d874      0x418 C:/ST/STM32CubeIDE_2.1.1/STM32CubeIDE/plugins/com.st.stm32cube.ide.mcu.externaltools.gnu-tools-for-stm32.14.3.rel1.win32_1.0.100.202602081740/tools/bin/../lib/gcc/arm-none-eabi/14.3.1/../../../../arm-none-eabi/lib/thumb/v7e-m+fp/hard\libc_nano.a(libc_a-nano-vfscanf_float.o)
                0x0800d874                _scanf_float
 .text.std      0x0800dc8c       0x6c C:/ST/STM32CubeIDE_2.1.1/STM32CubeIDE/plugins/com.st.stm32cube.ide.mcu.externaltools.gnu-tools-for-stm32.14.3.rel1.win32_1.0.100.202602081740/tools/bin/../lib/gcc/arm-none-eabi/14.3.1/../../../../arm-none-eabi/lib/thumb/v7e-m+fp/hard\libc_nano.a(libc_a-findfp.o)
 .text.stdio_exit_handler
                0x0800dcf8       0x18 C:/ST/STM32CubeIDE_2.1.1/STM32CubeIDE/plugins/com.st.stm32cube.ide.mcu.externaltools.gnu-tools-for-stm32.14.3.rel1.win32_1.0.100.202602081740/tools/bin/../lib/gcc/arm-none-eabi/14.3.1/../../../../arm-none-eabi/lib/thumb/v7e-m+fp/hard\libc_nano.a(libc_a-findfp.o)
 .text.cleanup_stdio
                0x0800dd10       0x40 C:/ST/STM32CubeIDE_2.1.1/STM32CubeIDE/plugins/com.st.stm32cube.ide.mcu.externaltools.gnu-tools-for-stm32.14.3.rel1.win32_1.0.100.202602081740/tools/bin/../lib/gcc/arm-none-eabi/14.3.1/../../../../arm-none-eabi/lib/thumb/v7e-m+fp/hard\libc_nano.a(libc_a-findfp.o)
 .text.global_stdio_init.part.0
                0x0800dd50       0x40 C:/ST/STM32CubeIDE_2.1.1/STM32CubeIDE/plugins/com.st.stm32cube.ide.mcu.externaltools.gnu-tools-for-stm32.14.3.rel1.win32_1.0.100.202602081740/tools/bin/../lib/gcc/arm-none-eabi/14.3.1/../../../../arm-none-eabi/lib/thumb/v7e-m+fp/hard\libc_nano.a(libc_a-findfp.o)
 .text.__sfp_lock_acquire
                0x0800dd90        0xc C:/ST/STM32CubeIDE_2.1.1/STM32CubeIDE/plugins/com.st.stm32cube.ide.mcu.externaltools.gnu-tools-for-stm32.14.3.rel1.win32_1.0.100.202602081740/tools/bin/../lib/gcc/arm-none-eabi/14.3.1/../../../../arm-none-eabi/lib/thumb/v7e-m+fp/hard\libc_nano.a(libc_a-findfp.o)
                0x0800dd90                __sfp_lock_acquire
 .text.__sfp_lock_release
                0x0800dd9c        0xc C:/ST/STM32CubeIDE_2.1.1/STM32CubeIDE/plugins/com.st.stm32cube.ide.mcu.externaltools.gnu-tools-for-stm32.14.3.rel1.win32_1.0.100.202602081740/tools/bin/../lib/gcc/arm-none-eabi/14.3.1/../../../../arm-none-eabi/lib/thumb/v7e-m+fp/hard\libc_nano.a(libc_a-findfp.o)
                0x0800dd9c                __sfp_lock_release
 .text.__sinit  0x0800dda8       0x30 C:/ST/STM32CubeIDE_2.1.1/STM32CubeIDE/plugins/com.st.stm32cube.ide.mcu.externaltools.gnu-tools-for-stm32.14.3.rel1.win32_1.0.100.202602081740/tools/bin/../lib/gcc/arm-none-eabi/14.3.1/../../../../arm-none-eabi/lib/thumb/v7e-m+fp/hard\libc_nano.a(libc_a-findfp.o)
                0x0800dda8                __sinit
 .text._fwalk_sglue
                0x0800ddd8       0x3c C:/ST/STM32CubeIDE_2.1.1/STM32CubeIDE/plugins/com.st.stm32cube.ide.mcu.externaltools.gnu-tools-for-stm32.14.3.rel1.win32_1.0.100.202602081740/tools/bin/../lib/gcc/arm-none-eabi/14.3.1/../../../../arm-none-eabi/lib/thumb/v7e-m+fp/hard\libc_nano.a(libc_a-fwalk.o)
                0x0800ddd8                _fwalk_sglue
 .text.snprintf
                0x0800de14       0x6c C:/ST/STM32CubeIDE_2.1.1/STM32CubeIDE/plugins/com.st.stm32cube.ide.mcu.externaltools.gnu-tools-for-stm32.14.3.rel1.win32_1.0.100.202602081740/tools/bin/../lib/gcc/arm-none-eabi/14.3.1/../../../../arm-none-eabi/lib/thumb/v7e-m+fp/hard\libc_nano.a(libc_a-snprintf.o)
                0x0800de14                sniprintf
                0x0800de14                snprintf
 .text.sprintf  0x0800de80       0x44 C:/ST/STM32CubeIDE_2.1.1/STM32CubeIDE/plugins/com.st.stm32cube.ide.mcu.externaltools.gnu-tools-for-stm32.14.3.rel1.win32_1.0.100.202602081740/tools/bin/../lib/gcc/arm-none-eabi/14.3.1/../../../../arm-none-eabi/lib/thumb/v7e-m+fp/hard\libc_nano.a(libc_a-sprintf.o)
                0x0800de80                siprintf
                0x0800de80                sprintf
 .text.sscanf   0x0800dec4       0x58 C:/ST/STM32CubeIDE_2.1.1/STM32CubeIDE/plugins/com.st.stm32cube.ide.mcu.externaltools.gnu-tools-for-stm32.14.3.rel1.win32_1.0.100.202602081740/tools/bin/../lib/gcc/arm-none-eabi/14.3.1/../../../../arm-none-eabi/lib/thumb/v7e-m+fp/hard\libc_nano.a(libc_a-sscanf.o)
                0x0800dec4                siscanf
                0x0800dec4                sscanf
 .text.__sread  0x0800df1c       0x22 C:/ST/STM32CubeIDE_2.1.1/STM32CubeIDE/plugins/com.st.stm32cube.ide.mcu.externaltools.gnu-tools-for-stm32.14.3.rel1.win32_1.0.100.202602081740/tools/bin/../lib/gcc/arm-none-eabi/14.3.1/../../../../arm-none-eabi/lib/thumb/v7e-m+fp/hard\libc_nano.a(libc_a-stdio.o)
                0x0800df1c                __sread
 .text.__seofread
                0x0800df3e        0x4 C:/ST/STM32CubeIDE_2.1.1/STM32CubeIDE/plugins/com.st.stm32cube.ide.mcu.externaltools.gnu-tools-for-stm32.14.3.rel1.win32_1.0.100.202602081740/tools/bin/../lib/gcc/arm-none-eabi/14.3.1/../../../../arm-none-eabi/lib/thumb/v7e-m+fp/hard\libc_nano.a(libc_a-stdio.o)
                0x0800df3e                __seofread
 .text.__swrite
                0x0800df42       0x38 C:/ST/STM32CubeIDE_2.1.1/STM32CubeIDE/plugins/com.st.stm32cube.ide.mcu.externaltools.gnu-tools-for-stm32.14.3.rel1.win32_1.0.100.202602081740/tools/bin/../lib/gcc/arm-none-eabi/14.3.1/../../../../arm-none-eabi/lib/thumb/v7e-m+fp/hard\libc_nano.a(libc_a-stdio.o)
                0x0800df42                __swrite
 .text.__sseek  0x0800df7a       0x26 C:/ST/STM32CubeIDE_2.1.1/STM32CubeIDE/plugins/com.st.stm32cube.ide.mcu.externaltools.gnu-tools-for-stm32.14.3.rel1.win32_1.0.100.202602081740/tools/bin/../lib/gcc/arm-none-eabi/14.3.1/../../../../arm-none-eabi/lib/thumb/v7e-m+fp/hard\libc_nano.a(libc_a-stdio.o)
                0x0800df7a                __sseek
 .text.__sclose
                0x0800dfa0        0x8 C:/ST/STM32CubeIDE_2.1.1/STM32CubeIDE/plugins/com.st.stm32cube.ide.mcu.externaltools.gnu-tools-for-stm32.14.3.rel1.win32_1.0.100.202602081740/tools/bin/../lib/gcc/arm-none-eabi/14.3.1/../../../../arm-none-eabi/lib/thumb/v7e-m+fp/hard\libc_nano.a(libc_a-stdio.o)
                0x0800dfa0                __sclose
 .text.memset   0x0800dfa8       0x10 C:/ST/STM32CubeIDE_2.1.1/STM32CubeIDE/plugins/com.st.stm32cube.ide.mcu.externaltools.gnu-tools-for-stm32.14.3.rel1.win32_1.0.100.202602081740/tools/bin/../lib/gcc/arm-none-eabi/14.3.1/../../../../arm-none-eabi/lib/thumb/v7e-m+fp/hard\libc_nano.a(libc_a-memset.o)
                0x0800dfa8                memset
 .text.strncmp  0x0800dfb8       0x24 C:/ST/STM32CubeIDE_2.1.1/STM32CubeIDE/plugins/com.st.stm32cube.ide.mcu.externaltools.gnu-tools-for-stm32.14.3.rel1.win32_1.0.100.202602081740/tools/bin/../lib/gcc/arm-none-eabi/14.3.1/../../../../arm-none-eabi/lib/thumb/v7e-m+fp/hard\libc_nano.a(libc_a-strncmp.o)
                0x0800dfb8                strncmp
 .text._localeconv_r
                0x0800dfdc        0x8 C:/ST/STM32CubeIDE_2.1.1/STM32CubeIDE/plugins/com.st.stm32cube.ide.mcu.externaltools.gnu-tools-for-stm32.14.3.rel1.win32_1.0.100.202602081740/tools/bin/../lib/gcc/arm-none-eabi/14.3.1/../../../../arm-none-eabi/lib/thumb/v7e-m+fp/hard\libc_nano.a(libc_a-localeconv.o)
                0x0800dfdc                _localeconv_r
 .text._close_r
                0x0800dfe4       0x20 C:/ST/STM32CubeIDE_2.1.1/STM32CubeIDE/plugins/com.st.stm32cube.ide.mcu.externaltools.gnu-tools-for-stm32.14.3.rel1.win32_1.0.100.202602081740/tools/bin/../lib/gcc/arm-none-eabi/14.3.1/../../../../arm-none-eabi/lib/thumb/v7e-m+fp/hard\libc_nano.a(libc_a-closer.o)
                0x0800dfe4                _close_r
 .text._lseek_r
                0x0800e004       0x24 C:/ST/STM32CubeIDE_2.1.1/STM32CubeIDE/plugins/com.st.stm32cube.ide.mcu.externaltools.gnu-tools-for-stm32.14.3.rel1.win32_1.0.100.202602081740/tools/bin/../lib/gcc/arm-none-eabi/14.3.1/../../../../arm-none-eabi/lib/thumb/v7e-m+fp/hard\libc_nano.a(libc_a-lseekr.o)
                0x0800e004                _lseek_r
 .text._read_r  0x0800e028       0x24 C:/ST/STM32CubeIDE_2.1.1/STM32CubeIDE/plugins/com.st.stm32cube.ide.mcu.externaltools.gnu-tools-for-stm32.14.3.rel1.win32_1.0.100.202602081740/tools/bin/../lib/gcc/arm-none-eabi/14.3.1/../../../../arm-none-eabi/lib/thumb/v7e-m+fp/hard\libc_nano.a(libc_a-readr.o)
                0x0800e028                _read_r
 .text._write_r
                0x0800e04c       0x24 C:/ST/STM32CubeIDE_2.1.1/STM32CubeIDE/plugins/com.st.stm32cube.ide.mcu.externaltools.gnu-tools-for-stm32.14.3.rel1.win32_1.0.100.202602081740/tools/bin/../lib/gcc/arm-none-eabi/14.3.1/../../../../arm-none-eabi/lib/thumb/v7e-m+fp/hard\libc_nano.a(libc_a-writer.o)
                0x0800e04c                _write_r
 .text.__errno  0x0800e070        0xc C:/ST/STM32CubeIDE_2.1.1/STM32CubeIDE/plugins/com.st.stm32cube.ide.mcu.externaltools.gnu-tools-for-stm32.14.3.rel1.win32_1.0.100.202602081740/tools/bin/../lib/gcc/arm-none-eabi/14.3.1/../../../../arm-none-eabi/lib/thumb/v7e-m+fp/hard\libc_nano.a(libc_a-errno.o)
                0x0800e070                __errno
 .text.__libc_init_array
                0x0800e07c       0x48 C:/ST/STM32CubeIDE_2.1.1/STM32CubeIDE/plugins/com.st.stm32cube.ide.mcu.externaltools.gnu-tools-for-stm32.14.3.rel1.win32_1.0.100.202602081740/tools/bin/../lib/gcc/arm-none-eabi/14.3.1/../../../../arm-none-eabi/lib/thumb/v7e-m+fp/hard\libc_nano.a(libc_a-init.o)
                0x0800e07c                __libc_init_array
 .text.__retarget_lock_init_recursive
                0x0800e0c4        0x2 C:/ST/STM32CubeIDE_2.1.1/STM32CubeIDE/plugins/com.st.stm32cube.ide.mcu.externaltools.gnu-tools-for-stm32.14.3.rel1.win32_1.0.100.202602081740/tools/bin/../lib/gcc/arm-none-eabi/14.3.1/../../../../arm-none-eabi/lib/thumb/v7e-m+fp/hard\libc_nano.a(libc_a-lock.o)
                0x0800e0c4                __retarget_lock_init_recursive
 .text.__retarget_lock_acquire_recursive
                0x0800e0c6        0x2 C:/ST/STM32CubeIDE_2.1.1/STM32CubeIDE/plugins/com.st.stm32cube.ide.mcu.externaltools.gnu-tools-for-stm32.14.3.rel1.win32_1.0.100.202602081740/tools/bin/../lib/gcc/arm-none-eabi/14.3.1/../../../../arm-none-eabi/lib/thumb/v7e-m+fp/hard\libc_nano.a(libc_a-lock.o)
                0x0800e0c6                __retarget_lock_acquire_recursive
 .text.__retarget_lock_release_recursive
                0x0800e0c8        0x2 C:/ST/STM32CubeIDE_2.1.1/STM32CubeIDE/plugins/com.st.stm32cube.ide.mcu.externaltools.gnu-tools-for-stm32.14.3.rel1.win32_1.0.100.202602081740/tools/bin/../lib/gcc/arm-none-eabi/14.3.1/../../../../arm-none-eabi/lib/thumb/v7e-m+fp/hard\libc_nano.a(libc_a-lock.o)
                0x0800e0c8                __retarget_lock_release_recursive
 *fill*         0x0800e0ca        0x2 
 .text.nanf     0x0800e0cc        0xc C:/ST/STM32CubeIDE_2.1.1/STM32CubeIDE/plugins/com.st.stm32cube.ide.mcu.externaltools.gnu-tools-for-stm32.14.3.rel1.win32_1.0.100.202602081740/tools/bin/../lib/gcc/arm-none-eabi/14.3.1/../../../../arm-none-eabi/lib/thumb/v7e-m+fp/hard\libc_nano.a(libm_a-sf_nan.o)
                0x0800e0cc                nanf
 .text.quorem   0x0800e0d8      0x110 C:/ST/STM32CubeIDE_2.1.1/STM32CubeIDE/plugins/com.st.stm32cube.ide.mcu.externaltools.gnu-tools-for-stm32.14.3.rel1.win32_1.0.100.202602081740/tools/bin/../lib/gcc/arm-none-eabi/14.3.1/../../../../arm-none-eabi/lib/thumb/v7e-m+fp/hard\libc_nano.a(libc_a-dtoa.o)
 .text._dtoa_r  0x0800e1e8      0xbb8 C:/ST/STM32CubeIDE_2.1.1/STM32CubeIDE/plugins/com.st.stm32cube.ide.mcu.externaltools.gnu-tools-for-stm32.14.3.rel1.win32_1.0.100.202602081740/tools/bin/../lib/gcc/arm-none-eabi/14.3.1/../../../../arm-none-eabi/lib/thumb/v7e-m+fp/hard\libc_nano.a(libc_a-dtoa.o)
                0x0800e1e8                _dtoa_r
 .text._free_r  0x0800eda0       0x94 C:/ST/STM32CubeIDE_2.1.1/STM32CubeIDE/plugins/com.st.stm32cube.ide.mcu.externaltools.gnu-tools-for-stm32.14.3.rel1.win32_1.0.100.202602081740/tools/bin/../lib/gcc/arm-none-eabi/14.3.1/../../../../arm-none-eabi/lib/thumb/v7e-m+fp/hard\libc_nano.a(libc_a-freer.o)
                0x0800eda0                _free_r
 .text.malloc   0x0800ee34       0x10 C:/ST/STM32CubeIDE_2.1.1/STM32CubeIDE/plugins/com.st.stm32cube.ide.mcu.externaltools.gnu-tools-for-stm32.14.3.rel1.win32_1.0.100.202602081740/tools/bin/../lib/gcc/arm-none-eabi/14.3.1/../../../../arm-none-eabi/lib/thumb/v7e-m+fp/hard\libc_nano.a(libc_a-malloc.o)
                0x0800ee34                malloc
 .text.sbrk_aligned
                0x0800ee44       0x44 C:/ST/STM32CubeIDE_2.1.1/STM32CubeIDE/plugins/com.st.stm32cube.ide.mcu.externaltools.gnu-tools-for-stm32.14.3.rel1.win32_1.0.100.202602081740/tools/bin/../lib/gcc/arm-none-eabi/14.3.1/../../../../arm-none-eabi/lib/thumb/v7e-m+fp/hard\libc_nano.a(libc_a-mallocr.o)
 .text._malloc_r
                0x0800ee88      0x100 C:/ST/STM32CubeIDE_2.1.1/STM32CubeIDE/plugins/com.st.stm32cube.ide.mcu.externaltools.gnu-tools-for-stm32.14.3.rel1.win32_1.0.100.202602081740/tools/bin/../lib/gcc/arm-none-eabi/14.3.1/../../../../arm-none-eabi/lib/thumb/v7e-m+fp/hard\libc_nano.a(libc_a-mallocr.o)
                0x0800ee88                _malloc_r
 .text.__malloc_lock
                0x0800ef88        0xc C:/ST/STM32CubeIDE_2.1.1/STM32CubeIDE/plugins/com.st.stm32cube.ide.mcu.externaltools.gnu-tools-for-stm32.14.3.rel1.win32_1.0.100.202602081740/tools/bin/../lib/gcc/arm-none-eabi/14.3.1/../../../../arm-none-eabi/lib/thumb/v7e-m+fp/hard\libc_nano.a(libc_a-mlock.o)
                0x0800ef88                __malloc_lock
 .text.__malloc_unlock
                0x0800ef94        0xc C:/ST/STM32CubeIDE_2.1.1/STM32CubeIDE/plugins/com.st.stm32cube.ide.mcu.externaltools.gnu-tools-for-stm32.14.3.rel1.win32_1.0.100.202602081740/tools/bin/../lib/gcc/arm-none-eabi/14.3.1/../../../../arm-none-eabi/lib/thumb/v7e-m+fp/hard\libc_nano.a(libc_a-mlock.o)
                0x0800ef94                __malloc_unlock
 .text._Balloc  0x0800efa0       0x7c C:/ST/STM32CubeIDE_2.1.1/STM32CubeIDE/plugins/com.st.stm32cube.ide.mcu.externaltools.gnu-tools-for-stm32.14.3.rel1.win32_1.0.100.202602081740/tools/bin/../lib/gcc/arm-none-eabi/14.3.1/../../../../arm-none-eabi/lib/thumb/v7e-m+fp/hard\libc_nano.a(libc_a-mprec.o)
                0x0800efa0                _Balloc
 .text._Bfree   0x0800f01c       0x44 C:/ST/STM32CubeIDE_2.1.1/STM32CubeIDE/plugins/com.st.stm32cube.ide.mcu.externaltools.gnu-tools-for-stm32.14.3.rel1.win32_1.0.100.202602081740/tools/bin/../lib/gcc/arm-none-eabi/14.3.1/../../../../arm-none-eabi/lib/thumb/v7e-m+fp/hard\libc_nano.a(libc_a-mprec.o)
                0x0800f01c                _Bfree
 .text.__multadd
                0x0800f060       0x8c C:/ST/STM32CubeIDE_2.1.1/STM32CubeIDE/plugins/com.st.stm32cube.ide.mcu.externaltools.gnu-tools-for-stm32.14.3.rel1.win32_1.0.100.202602081740/tools/bin/../lib/gcc/arm-none-eabi/14.3.1/../../../../arm-none-eabi/lib/thumb/v7e-m+fp/hard\libc_nano.a(libc_a-mprec.o)
                0x0800f060                __multadd
 .text.__s2b    0x0800f0ec       0x94 C:/ST/STM32CubeIDE_2.1.1/STM32CubeIDE/plugins/com.st.stm32cube.ide.mcu.externaltools.gnu-tools-for-stm32.14.3.rel1.win32_1.0.100.202602081740/tools/bin/../lib/gcc/arm-none-eabi/14.3.1/../../../../arm-none-eabi/lib/thumb/v7e-m+fp/hard\libc_nano.a(libc_a-mprec.o)
                0x0800f0ec                __s2b
 .text.__hi0bits
                0x0800f180       0x3e C:/ST/STM32CubeIDE_2.1.1/STM32CubeIDE/plugins/com.st.stm32cube.ide.mcu.externaltools.gnu-tools-for-stm32.14.3.rel1.win32_1.0.100.202602081740/tools/bin/../lib/gcc/arm-none-eabi/14.3.1/../../../../arm-none-eabi/lib/thumb/v7e-m+fp/hard\libc_nano.a(libc_a-mprec.o)
                0x0800f180                __hi0bits
 .text.__lo0bits
                0x0800f1be       0x5a C:/ST/STM32CubeIDE_2.1.1/STM32CubeIDE/plugins/com.st.stm32cube.ide.mcu.externaltools.gnu-tools-for-stm32.14.3.rel1.win32_1.0.100.202602081740/tools/bin/../lib/gcc/arm-none-eabi/14.3.1/../../../../arm-none-eabi/lib/thumb/v7e-m+fp/hard\libc_nano.a(libc_a-mprec.o)
                0x0800f1be                __lo0bits
 .text.__i2b    0x0800f218       0x2c C:/ST/STM32CubeIDE_2.1.1/STM32CubeIDE/plugins/com.st.stm32cube.ide.mcu.externaltools.gnu-tools-for-stm32.14.3.rel1.win32_1.0.100.202602081740/tools/bin/../lib/gcc/arm-none-eabi/14.3.1/../../../../arm-none-eabi/lib/thumb/v7e-m+fp/hard\libc_nano.a(libc_a-mprec.o)
                0x0800f218                __i2b
 .text.__multiply
                0x0800f244      0x154 C:/ST/STM32CubeIDE_2.1.1/STM32CubeIDE/plugins/com.st.stm32cube.ide.mcu.externaltools.gnu-tools-for-stm32.14.3.rel1.win32_1.0.100.202602081740/tools/bin/../lib/gcc/arm-none-eabi/14.3.1/../../../../arm-none-eabi/lib/thumb/v7e-m+fp/hard\libc_nano.a(libc_a-mprec.o)
                0x0800f244                __multiply
 .text.__pow5mult
                0x0800f398       0xb8 C:/ST/STM32CubeIDE_2.1.1/STM32CubeIDE/plugins/com.st.stm32cube.ide.mcu.externaltools.gnu-tools-for-stm32.14.3.rel1.win32_1.0.100.202602081740/tools/bin/../lib/gcc/arm-none-eabi/14.3.1/../../../../arm-none-eabi/lib/thumb/v7e-m+fp/hard\libc_nano.a(libc_a-mprec.o)
                0x0800f398                __pow5mult
 .text.__lshift
                0x0800f450       0xdc C:/ST/STM32CubeIDE_2.1.1/STM32CubeIDE/plugins/com.st.stm32cube.ide.mcu.externaltools.gnu-tools-for-stm32.14.3.rel1.win32_1.0.100.202602081740/tools/bin/../lib/gcc/arm-none-eabi/14.3.1/../../../../arm-none-eabi/lib/thumb/v7e-m+fp/hard\libc_nano.a(libc_a-mprec.o)
                0x0800f450                __lshift
 .text.__mcmp   0x0800f52c       0x36 C:/ST/STM32CubeIDE_2.1.1/STM32CubeIDE/plugins/com.st.stm32cube.ide.mcu.externaltools.gnu-tools-for-stm32.14.3.rel1.win32_1.0.100.202602081740/tools/bin/../lib/gcc/arm-none-eabi/14.3.1/../../../../arm-none-eabi/lib/thumb/v7e-m+fp/hard\libc_nano.a(libc_a-mprec.o)
                0x0800f52c                __mcmp
 *fill*         0x0800f562        0x2 
 .text.__mdiff  0x0800f564      0x130 C:/ST/STM32CubeIDE_2.1.1/STM32CubeIDE/plugins/com.st.stm32cube.ide.mcu.externaltools.gnu-tools-for-stm32.14.3.rel1.win32_1.0.100.202602081740/tools/bin/../lib/gcc/arm-none-eabi/14.3.1/../../../../arm-none-eabi/lib/thumb/v7e-m+fp/hard\libc_nano.a(libc_a-mprec.o)
                0x0800f564                __mdiff
 .text.__ulp    0x0800f694       0x4c C:/ST/STM32CubeIDE_2.1.1/STM32CubeIDE/plugins/com.st.stm32cube.ide.mcu.externaltools.gnu-tools-for-stm32.14.3.rel1.win32_1.0.100.202602081740/tools/bin/../lib/gcc/arm-none-eabi/14.3.1/../../../../arm-none-eabi/lib/thumb/v7e-m+fp/hard\libc_nano.a(libc_a-mprec.o)
                0x0800f694                __ulp
 .text.__b2d    0x0800f6e0       0x94 C:/ST/STM32CubeIDE_2.1.1/STM32CubeIDE/plugins/com.st.stm32cube.ide.mcu.externaltools.gnu-tools-for-stm32.14.3.rel1.win32_1.0.100.202602081740/tools/bin/../lib/gcc/arm-none-eabi/14.3.1/../../../../arm-none-eabi/lib/thumb/v7e-m+fp/hard\libc_nano.a(libc_a-mprec.o)
                0x0800f6e0                __b2d
 .text.__d2b    0x0800f774       0xb0 C:/ST/STM32CubeIDE_2.1.1/STM32CubeIDE/plugins/com.st.stm32cube.ide.mcu.externaltools.gnu-tools-for-stm32.14.3.rel1.win32_1.0.100.202602081740/tools/bin/../lib/gcc/arm-none-eabi/14.3.1/../../../../arm-none-eabi/lib/thumb/v7e-m+fp/hard\libc_nano.a(libc_a-mprec.o)
                0x0800f774                __d2b
 .text.__ratio  0x0800f824       0x64 C:/ST/STM32CubeIDE_2.1.1/STM32CubeIDE/plugins/com.st.stm32cube.ide.mcu.externaltools.gnu-tools-for-stm32.14.3.rel1.win32_1.0.100.202602081740/tools/bin/../lib/gcc/arm-none-eabi/14.3.1/../../../../arm-none-eabi/lib/thumb/v7e-m+fp/hard\libc_nano.a(libc_a-mprec.o)
                0x0800f824                __ratio
 .text.__copybits
                0x0800f888       0x46 C:/ST/STM32CubeIDE_2.1.1/STM32CubeIDE/plugins/com.st.stm32cube.ide.mcu.externaltools.gnu-tools-for-stm32.14.3.rel1.win32_1.0.100.202602081740/tools/bin/../lib/gcc/arm-none-eabi/14.3.1/../../../../arm-none-eabi/lib/thumb/v7e-m+fp/hard\libc_nano.a(libc_a-mprec.o)
                0x0800f888                __copybits
 .text.__any_on
                0x0800f8ce       0x42 C:/ST/STM32CubeIDE_2.1.1/STM32CubeIDE/plugins/com.st.stm32cube.ide.mcu.externaltools.gnu-tools-for-stm32.14.3.rel1.win32_1.0.100.202602081740/tools/bin/../lib/gcc/arm-none-eabi/14.3.1/../../../../arm-none-eabi/lib/thumb/v7e-m+fp/hard\libc_nano.a(libc_a-mprec.o)
                0x0800f8ce                __any_on
 .text.sulp     0x0800f910       0x3c C:/ST/STM32CubeIDE_2.1.1/STM32CubeIDE/plugins/com.st.stm32cube.ide.mcu.externaltools.gnu-tools-for-stm32.14.3.rel1.win32_1.0.100.202602081740/tools/bin/../lib/gcc/arm-none-eabi/14.3.1/../../../../arm-none-eabi/lib/thumb/v7e-m+fp/hard\libc_nano.a(libc_a-strtod.o)
 *fill*         0x0800f94c        0x4 
 .text._strtod_l
                0x0800f950      0xbb8 C:/ST/STM32CubeIDE_2.1.1/STM32CubeIDE/plugins/com.st.stm32cube.ide.mcu.externaltools.gnu-tools-for-stm32.14.3.rel1.win32_1.0.100.202602081740/tools/bin/../lib/gcc/arm-none-eabi/14.3.1/../../../../arm-none-eabi/lib/thumb/v7e-m+fp/hard\libc_nano.a(libc_a-strtod.o)
                0x0800f950                _strtod_l
 .text._strtod_r
                0x08010508        0xc C:/ST/STM32CubeIDE_2.1.1/STM32CubeIDE/plugins/com.st.stm32cube.ide.mcu.externaltools.gnu-tools-for-stm32.14.3.rel1.win32_1.0.100.202602081740/tools/bin/../lib/gcc/arm-none-eabi/14.3.1/../../../../arm-none-eabi/lib/thumb/v7e-m+fp/hard\libc_nano.a(libc_a-strtod.o)
                0x08010508                _strtod_r
 .text._strtol_l.isra.0
                0x08010514       0xf4 C:/ST/STM32CubeIDE_2.1.1/STM32CubeIDE/plugins/com.st.stm32cube.ide.mcu.externaltools.gnu-tools-for-stm32.14.3.rel1.win32_1.0.100.202602081740/tools/bin/../lib/gcc/arm-none-eabi/14.3.1/../../../../arm-none-eabi/lib/thumb/v7e-m+fp/hard\libc_nano.a(libc_a-strtol.o)
 .text._strtol_r
                0x08010608        0x4 C:/ST/STM32CubeIDE_2.1.1/STM32CubeIDE/plugins/com.st.stm32cube.ide.mcu.externaltools.gnu-tools-for-stm32.14.3.rel1.win32_1.0.100.202602081740/tools/bin/../lib/gcc/arm-none-eabi/14.3.1/../../../../arm-none-eabi/lib/thumb/v7e-m+fp/hard\libc_nano.a(libc_a-strtol.o)
                0x08010608                _strtol_r
 .text.__ssputs_r
                0x0801060c       0xc0 C:/ST/STM32CubeIDE_2.1.1/STM32CubeIDE/plugins/com.st.stm32cube.ide.mcu.externaltools.gnu-tools-for-stm32.14.3.rel1.win32_1.0.100.202602081740/tools/bin/../lib/gcc/arm-none-eabi/14.3.1/../../../../arm-none-eabi/lib/thumb/v7e-m+fp/hard\libc_nano.a(libc_a-nano-svfprintf.o)
                0x0801060c                __ssputs_r
 .text._svfprintf_r