Archive member included to satisfy reference by file (symbol)

C:/ST/STM32CubeIDE_2.1.1/STM32CubeIDE/plugins/com.st.stm32cube.ide.mcu.externaltools.gnu-tools-for-stm32.14.3.rel1.win32_1.0.100.202602081740/tools/bin/../lib/gcc/arm-none-eabi/14.3.1/../../../../arm-none-eabi/lib/thumb/v7e-m+fp/hard\libc_nano.a(libc_a-atoi.o)
                              ./Core/Src/servo_control.o (atoi)
C:/ST/STM32CubeIDE_2.1.1/STM32CubeIDE/plugins/com.st.stm32cube.ide.mcu.externaltools.gnu-tools-for-stm32.14.3.rel1.win32_1.0.100.202602081740/tools/bin/../lib/gcc/arm-none-eabi/14.3.1/../../../../arm-none-eabi/lib/thumb/v7e-m+fp/hard\libc_nano.a(libc_a-exit.o)
                              C:/ST/STM32CubeIDE_2.1.1/STM32CubeIDE/plugins/com.st.stm32cube.ide.mcu.externaltools.gnu-tools-for-stm32.14.3.rel1.win32_1.0.100.202602081740/tools/bin/../lib/gcc/arm-none-eabi/14.3.1/../../../../arm-none-eabi/lib/thumb/v7e-m+fp/hard/crt0.o (exit)
C:/ST/STM32CubeIDE_2.1.1/STM32CubeIDE/plugins/com.st.stm32cube.ide.mcu.externaltools.gnu-tools-for-stm32.14.3.rel1.win32_1.0.100.202602081740/tools/bin/../lib/gcc/arm-none-eabi/14.3.1/../../../../arm-none-eabi/lib/thumb/v7e-m+fp/hard\libc_nano.a(libc_a-strtol.o)
                              C:/ST/STM32CubeIDE_2.1.1/STM32CubeIDE/plugins/com.st.stm32cube.ide.mcu.externaltools.gnu-tools-for-stm32.14.3.rel1.win32_1.0.100.202602081740/tools/bin/../lib/gcc/arm-none-eabi/14.3.1/../../../../arm-none-eabi/lib/thumb/v7e-m+fp/hard\libc_nano.a(libc_a-atoi.o) (_strtol_r)
C:/ST/STM32CubeIDE_2.1.1/STM32CubeIDE/plugins/com.st.stm32cube.ide.mcu.externaltools.gnu-tools-for-stm32.14.3.rel1.win32_1.0.100.202602081740/tools/bin/../lib/gcc/arm-none-eabi/14.3.1/../../../../arm-none-eabi/lib/thumb/v7e-m+fp/hard\libc_nano.a(libc_a-ctype_.o)
                              C:/ST/STM32CubeIDE_2.1.1/STM32CubeIDE/plugins/com.st.stm32cube.ide.mcu.externaltools.gnu-tools-for-stm32.14.3.rel1.win32_1.0.100.202602081740/tools/bin/../lib/gcc/arm-none-eabi/14.3.1/../../../../arm-none-eabi/lib/thumb/v7e-m+fp/hard\libc_nano.a(libc_a-strtol.o) (_ctype_)
C:/ST/STM32CubeIDE_2.1.1/STM32CubeIDE/plugins/com.st.stm32cube.ide.mcu.externaltools.gnu-tools-for-stm32.14.3.rel1.win32_1.0.100.202602081740/tools/bin/../lib/gcc/arm-none-eabi/14.3.1/../../../../arm-none-eabi/lib/thumb/v7e-m+fp/hard\libc_nano.a(libc_a-nano-vfprintf_float.o)
                              (_printf_float)
C:/ST/STM32CubeIDE_2.1.1/STM32CubeIDE/plugins/com.st.stm32cube.ide.mcu.externaltools.gnu-tools-for-stm32.14.3.rel1.win32_1.0.100.202602081740/tools/bin/../lib/gcc/arm-none-eabi/14.3.1/../../../../arm-none-eabi/lib/thumb/v7e-m+fp/hard\libc_nano.a(libc_a-nano-vfprintf_i.o)
                              C:/ST/STM32CubeIDE_2.1.1/STM32CubeIDE/plugins/com.st.stm32cube.ide.mcu.externaltools.gnu-tools-for-stm32.14.3.rel1.win32_1.0.100.202602081740/tools/bin/../lib/gcc/arm-none-eabi/14.3.1/../../../../arm-none-eabi/lib/thumb/v7e-m+fp/hard\libc_nano.a(libc_a-nano-vfprintf_float.o) (_printf_common)
C:/ST/STM32CubeIDE_2.1.1/STM32CubeIDE/plugins/com.st.stm32cube.ide.mcu.externaltools.gnu-tools-for-stm32.14.3.rel1.win32_1.0.100.202602081740/tools/bin/../lib/gcc/arm-none-eabi/14.3.1/../../../../arm-none-eabi/lib/thumb/v7e-m+fp/hard\libc_nano.a(libc_a-nano-vfscanf_float.o)
                              (_scanf_float)
C:/ST/STM32CubeIDE_2.1.1/STM32CubeIDE/plugins/com.st.stm32cube.ide.mcu.externaltools.gnu-tools-for-stm32.14.3.rel1.win32_1.0.100.202602081740/tools/bin/../lib/gcc/arm-none-eabi/14.3.1/../../../../arm-none-eabi/lib/thumb/v7e-m+fp/hard\libc_nano.a(libc_a-findfp.o)
                              C:/ST/STM32CubeIDE_2.1.1/STM32CubeIDE/plugins/com.st.stm32cube.ide.mcu.externaltools.gnu-tools-for-stm32.14.3.rel1.win32_1.0.100.202602081740/tools/bin/../lib/gcc/arm-none-eabi/14.3.1/../../../../arm-none-eabi/lib/thumb/v7e-m+fp/hard\libc_nano.a(libc_a-exit.o) (__stdio_exit_handler)
C:/ST/STM32CubeIDE_2.1.1/STM32CubeIDE/plugins/com.st.stm32cube.ide.mcu.externaltools.gnu-tools-for-stm32.14.3.rel1.win32_1.0.100.202602081740/tools/bin/../lib/gcc/arm-none-eabi/14.3.1/../../../../arm-none-eabi/lib/thumb/v7e-m+fp/hard\libc_nano.a(libc_a-fwalk.o)
                              C:/ST/STM32CubeIDE_2.1.1/STM32CubeIDE/plugins/com.st.stm32cube.ide.mcu.externaltools.gnu-tools-for-stm32.14.3.rel1.win32_1.0.100.202602081740/tools/bin/../lib/gcc/arm-none-eabi/14.3.1/../../../../arm-none-eabi/lib/thumb/v7e-m+fp/hard\libc_nano.a(libc_a-findfp.o) (_fwalk_sglue)
C:/ST/STM32CubeIDE_2.1.1/STM32CubeIDE/plugins/com.st.stm32cube.ide.mcu.externaltools.gnu-tools-for-stm32.14.3.rel1.win32_1.0.100.202602081740/tools/bin/../lib/gcc/arm-none-eabi/14.3.1/../../../../arm-none-eabi/lib/thumb/v7e-m+fp/hard\libc_nano.a(libc_a-snprintf.o)
                              ./Core/Src/cmd.o (snprintf)
[...]
Memory Configuration

Name             Origin             Length             Attributes
CCMRAM           0x10000000         0x00010000         xrw
RAM              0x20000000         0x00020000         xrw
FLASH            0x08000000         0x00100000         xr
*default*        0x00000000         0xffffffff

Linker script and memory map

LOAD C:/ST/STM32CubeIDE_2.1.1/STM32CubeIDE/plugins/com.st.stm32cube.ide.mcu.externaltools.gnu-tools-for-stm32.14.3.rel1.win32_1.0.100.202602081740/tools/bin/../lib/gcc/arm-none-eabi/14.3.1/thumb/v7e-m+fp/hard/crti.o
LOAD C:/ST/STM32CubeIDE_2.1.1/STM32CubeIDE/plugins/com.st.stm32cube.ide.mcu.externaltools.gnu-tools-for-stm32.14.3.rel1.win32_1.0.100.202602081740/tools/bin/../lib/gcc/arm-none-eabi/14.3.1/thumb/v7e-m+fp/hard/crtbegin.o
LOAD C:/ST/STM32CubeIDE_2.1.1/STM32CubeIDE/plugins/com.st.stm32cube.ide.mcu.externaltools.gnu-tools-for-stm32.14.3.rel1.win32_1.0.100.202602081740/tools/bin/../lib/gcc/arm-none-eabi/14.3.1/../../../../arm-none-eabi/lib/thumb/v7e-m+fp/hard/crt0.o
LOAD ./Core/Src/RobStride_MIT.o
LOAD ./Core/Src/axis.o
LOAD ./Core/Src/can.o
LOAD ./Core/Src/cmd.o
LOAD ./Core/Src/config.o
LOAD ./Core/Src/gpio.o
LOAD ./Core/Src/i2s.o
LOAD ./Core/Src/kin_bridge.o
LOAD ./Core/Src/main.o
LOAD ./Core/Src/pd_control.o
LOAD ./Core/Src/pwm.o
LOAD ./Core/Src/robot_ik.o
LOAD ./Core/Src/servo_control.o
LOAD ./Core/Src/spi.o
LOAD ./Core/Src/stm32f4xx_hal_msp.o
LOAD ./Core/Src/stm32f4xx_it.o
LOAD ./Core/Src/syscalls.o
LOAD ./Core/Src/sysmem.o
LOAD ./Core/Src/system_stm32f4xx.o
LOAD ./Core/Src/tim.o
LOAD ./Core/Src/trajectory.o
LOAD ./Core/Src/usart.o
LOAD ./Core/Startup/startup_stm32f407vgtx.o
LOAD ./Drivers/STM32F4xx_HAL_Driver/Src/stm32f4xx_hal.o
LOAD ./Drivers/STM32F4xx_HAL_Driver/Src/stm32f4xx_hal_can.o
LOAD ./Drivers/STM32F4xx_HAL_Driver/Src/stm32f4xx_hal_cortex.o
LOAD ./Drivers/STM32F4xx_HAL_Driver/Src/stm32f4xx_hal_dma.o
LOAD ./Drivers/STM32F4xx_HAL_Driver/Src/stm32f4xx_hal_dma_ex.o
LOAD ./Drivers/STM32F4xx_HAL_Driver/Src/stm32f4xx_hal_exti.o
LOAD ./Drivers/STM32F4xx_HAL_Driver/Src/stm32f4xx_hal_flash.o
LOAD ./Drivers/STM32F4xx_HAL_Driver/Src/stm32f4xx_hal_flash_ex.o
LOAD ./Drivers/STM32F4xx_HAL_Driver/Src/stm32f4xx_hal_flash_ramfunc.o
LOAD ./Drivers/STM32F4xx_HAL_Driver/Src/stm32f4xx_hal_gpio.o
LOAD ./Drivers/STM32F4xx_HAL_Driver/Src/stm32f4xx_hal_i2s.o
LOAD ./Drivers/STM32F4xx_HAL_Driver/Src/stm32f4xx_hal_i2s_ex.o
LOAD ./Drivers/STM32F4xx_HAL_Driver/Src/stm32f4xx_hal_pcd.o
LOAD ./Drivers/STM32F4xx_HAL_Driver/Src/stm32f4xx_hal_pcd_ex.o
LOAD ./Drivers/STM32F4xx_HAL_Driver/Src/stm32f4xx_hal_pwr.o
LOAD ./Drivers/STM32F4xx_HAL_Driver/Src/stm32f4xx_hal_pwr_ex.o
LOAD ./Drivers/STM32F4xx_HAL_Driver/Src/stm32f4xx_hal_rcc.o
LOAD ./Drivers/STM32F4xx_HAL_Driver/Src/stm32f4xx_hal_rcc_ex.o
LOAD ./Drivers/STM32F4xx_HAL_Driver/Src/stm32f4xx_hal_spi.o
LOAD ./Drivers/STM32F4xx_HAL_Driver/Src/stm32f4xx_hal_tim.o
LOAD ./Drivers/STM32F4xx_HAL_Driver/Src/stm32f4xx_hal_tim_ex.o
LOAD ./Drivers/STM32F4xx_HAL_Driver/Src/stm32f4xx_hal_uart.o
LOAD ./Drivers/STM32F4xx_HAL_Driver/Src/stm32f4xx_ll_usb.o
LOAD ./Middlewares/ST/STM32_USB_Device_Library/Class/CDC/Src/usbd_cdc.o
LOAD ./Middlewares/ST/STM32_USB_Device_Library/Core/Src/usbd_core.o
LOAD ./Middlewares/ST/STM32_USB_Device_Library/Core/Src/usbd_ctlreq.o
LOAD ./Middlewares/ST/STM32_USB_Device_Library/Core/Src/usbd_ioreq.o
LOAD ./USB_DEVICE/App/usb_device.o
LOAD ./USB_DEVICE/App/usbd_cdc_if.o
LOAD ./USB_DEVICE/App/usbd_desc.o
LOAD ./USB_DEVICE/Target/usbd_conf.o
START GROUP
LOAD C:/ST/STM32CubeIDE_2.1.1/STM32CubeIDE/plugins/com.st.stm32cube.ide.mcu.externaltools.gnu-tools-for-stm32.14.3.rel1.win32_1.0.100.202602081740/tools/bin/../lib/gcc/arm-none-eabi/14.3.1/../../../../arm-none-eabi/lib/thumb/v7e-m+fp/hard\libc_nano.a
LOAD C:/ST/STM32CubeIDE_2.1.1/STM32CubeIDE/plugins/com.st.stm32cube.ide.mcu.externaltools.gnu-tools-for-stm32.14.3.rel1.win32_1.0.100.202602081740/tools/bin/../lib/gcc/arm-none-eabi/14.3.1/../../../../arm-none-eabi/lib/thumb/v7e-m+fp/hard\libm.a
END GROUP
START GROUP
LOAD C:/ST/STM32CubeIDE_2.1.1/STM32CubeIDE/plugins/com.st.stm32cube.ide.mcu.externaltools.gnu-tools-for-stm32.14.3.rel1.win32_1.0.100.202602081740/tools/bin/../lib/gcc/arm-none-eabi/14.3.1/thumb/v7e-m+fp/hard\libgcc.a
LOAD C:/ST/STM32CubeIDE_2.1.1/STM32CubeIDE/plugins/com.st.stm32cube.ide.mcu.externaltools.gnu-tools-for-stm32.14.3.rel1.win32_1.0.100.202602081740/tools/bin/../lib/gcc/arm-none-eabi/14.3.1/../../../../arm-none-eabi/lib/thumb/v7e-m+fp/hard\libc_nano.a
END GROUP
START GROUP
LOAD C:/ST/STM32CubeIDE_2.1.1/STM32CubeIDE/plugins/com.st.stm32cube.ide.mcu.externaltools.gnu-tools-for-stm32.14.3.rel1.win32_1.0.100.202602081740/tools/bin/../lib/gcc/arm-none-eabi/14.3.1/thumb/v7e-m+fp/hard\libgcc.a
LOAD C:/ST/STM32CubeIDE_2.1.1/STM32CubeIDE/plugins/com.st.stm32cube.ide.mcu.externaltools.gnu-tools-for-stm32.14.3.rel1.win32_1.0.100.202602081740/tools/bin/../lib/gcc/arm-none-eabi/14.3.1/../../../../arm-none-eabi/lib/thumb/v7e-m+fp/hard\libc_nano.a
LOAD C:/ST/STM32CubeIDE_2.1.1/STM32CubeIDE/plugins/com.st.stm32cube.ide.mcu.externaltools.gnu-tools-for-stm32.14.3.rel1.win32_1.0.100.202602081740/tools/bin/../lib/gcc/arm-none-eabi/14.3.1/../../../../arm-none-eabi/lib/thumb/v7e-m+fp/hard\libnosys.a
END GROUP
START GROUP
LOAD C:/ST/STM32CubeIDE_2.1.1/STM32CubeIDE/plugins/com.st.stm32cube.ide.mcu.externaltools.gnu-tools-for-stm32.14.3.rel1.win32_1.0.100.202602081740/tools/bin/../lib/gcc/arm-none-eabi/14.3.1/thumb/v7e-m+fp/hard\libgcc.a
LOAD C:/ST/STM32CubeIDE_2.1.1/STM32CubeIDE/plugins/com.st.stm32cube.ide.mcu.externaltools.gnu-tools-for-stm32.14.3.rel1.win32_1.0.100.202602081740/tools/bin/../lib/gcc/arm-none-eabi/14.3.1/../../../../arm-none-eabi/lib/thumb/v7e-m+fp/hard\libc_nano.a
LOAD C:/ST/STM32CubeIDE_2.1.1/STM32CubeIDE/plugins/com.st.stm32cube.ide.mcu.externaltools.gnu-tools-for-stm32.14.3.rel1.win32_1.0.100.202602081740/tools/bin/../lib/gcc/arm-none-eabi/14.3.1/../../../../arm-none-eabi/lib/thumb/v7e-m+fp/hard\libnosys.a
END GROUP
LOAD C:/ST/STM32CubeIDE_2.1.1/STM32CubeIDE/plugins/com.st.stm32cube.ide.mcu.externaltools.gnu-tools-for-stm32.14.3.rel1.win32_1.0.100.202602081740/tools/bin/../lib/gcc/arm-none-eabi/14.3.1/thumb/v7e-m+fp/hard/crtend.o
LOAD C:/ST/STM32CubeIDE_2.1.1/STM32CubeIDE/plugins/com.st.stm32cube.ide.mcu.externaltools.gnu-tools-for-stm32.14.3.rel1.win32_1.0.100.202602081740/tools/bin/../lib/gcc/arm-none-eabi/14.3.1/thumb/v7e-m+fp/hard/crtn.o
                0x20020000                        _estack = (ORIGIN (RAM) + LENGTH (RAM))
                0x00000600                        _Min_Heap_Size = 0x600
                0x00000400                        _Min_Stack_Size = 0x400

.isr_vector     0x08000000      0x188
                0x08000000                        . = ALIGN (0x4)
 *(.isr_vector)
 .isr_vector    0x08000000      0x188 ./Core/Startup/startup_stm32f407vgtx.o
                0x08000000                g_pfnVectors
                0x08000188                        . = ALIGN (0x4)

.text           0x08000190    0x1648c
                0x08000190                        . = ALIGN (0x4)
 *(.text)
 .text          0x08000190       0x40 C:/ST/STM32CubeIDE_2.1.1/STM32CubeIDE/plugins/com.st.stm32cube.ide.mcu.externaltools.gnu-tools-for-stm32.14.3.rel1.win32_1.0.100.202602081740/tools/bin/../lib/gcc/arm-none-eabi/14.3.1/thumb/v7e-m+fp/hard/crtbegin.o
 .text          0x080001d0       0x14 C:/ST/STM32CubeIDE_2.1.1/STM32CubeIDE/plugins/com.st.stm32cube.ide.mcu.externaltools.gnu-tools-for-stm32.14.3.rel1.win32_1.0.100.202602081740/tools/bin/../lib/gcc/arm-none-eabi/14.3.1/../../../../arm-none-eabi/lib/thumb/v7e-m+fp/hard\libc_nano.a(libc_a-strcmp.o)
                0x080001d0                strcmp
 *fill*         0x080001e4        0xc 
 .text          0x080001f0       0xa0 C:/ST/STM32CubeIDE_2.1.1/STM32CubeIDE/plugins/com.st.stm32cube.ide.mcu.externaltools.gnu-tools-for-stm32.14.3.rel1.win32_1.0.100.202602081740/tools/bin/../lib/gcc/arm-none-eabi/14.3.1/../../../../arm-none-eabi/lib/thumb/v7e-m+fp/hard\libc_nano.a(libc_a-memchr.o)
                0x080001f0                memchr
 .text          0x08000290       0x10 C:/ST/STM32CubeIDE_2.1.1/STM32CubeIDE/plugins/com.st.stm32cube.ide.mcu.externaltools.gnu-tools-for-stm32.14.3.rel1.win32_1.0.100.202602081740/tools/bin/../lib/gcc/arm-none-eabi/14.3.1/../../../../arm-none-eabi/lib/thumb/v7e-m+fp/hard\libc_nano.a(libc_a-strlen.o)
                0x08000290                strlen
 .text          0x080002a0      0x378 C:/ST/STM32CubeIDE_2.1.1/STM32CubeIDE/plugins/com.st.stm32cube.ide.mcu.externaltools.gnu-tools-for-stm32.14.3.rel1.win32_1.0.100.202602081740/tools/bin/../lib/gcc/arm-none-eabi/14.3.1/thumb/v7e-m+fp/hard\libgcc.a(_arm_addsubdf3.o)
                0x080002a0                __aeabi_drsub
                0x080002a8                __aeabi_dsub
                0x080002a8                __subdf3
                0x080002ac                __aeabi_dadd
                0x080002ac                __adddf3
                0x08000524                __floatunsidf
                0x08000524                __aeabi_ui2d
                0x08000544                __floatsidf
                0x08000544                __aeabi_i2d
                0x08000568                __aeabi_f2d
                0x08000568                __extendsfdf2
                0x080005ac                __floatundidf
                0x080005ac                __aeabi_ul2d
                0x080005bc                __floatdidf
                0x080005bc                __aeabi_l2d
 .text          0x08000618      0x424 C:/ST/STM32CubeIDE_2.1.1/STM32CubeIDE/plugins/com.st.stm32cube.ide.mcu.externaltools.gnu-tools-for-stm32.14.3.rel1.win32_1.0.100.202602081740/tools/bin/../lib/gcc/arm-none-eabi/14.3.1/thumb/v7e-m+fp/hard\libgcc.a(_arm_muldivdf3.o)
                0x08000618                __aeabi_dmul
                0x08000618                __muldf3
                0x0800086c                __divdf3
                0x0800086c                __aeabi_ddiv
 .text          0x08000a3c      0x110 C:/ST/STM32CubeIDE_2.1.1/STM32CubeIDE/plugins/com.st.stm32cube.ide.mcu.externaltools.gnu-tools-for-stm32.14.3.rel1.win32_1.0.100.202602081740/tools/bin/../lib/gcc/arm-none-eabi/14.3.1/thumb/v7e-m+fp/hard\libgcc.a(_arm_cmpdf2.o)
                0x08000a3c                __gtdf2
                0x08000a3c                __gedf2
                0x08000a44                __ltdf2
                0x08000a44                __ledf2
                0x08000a4c                __nedf2
                0x08000a4c                __eqdf2
                0x08000a4c                __cmpdf2
                0x08000ac8                __aeabi_cdrcmple
                0x08000ad8                __aeabi_cdcmpeq
                0x08000ad8                __aeabi_cdcmple
                0x08000ae8                __aeabi_dcmpeq
                0x08000afc                __aeabi_dcmplt
                0x08000b10                __aeabi_dcmple
                0x08000b24                __aeabi_dcmpge
                0x08000b38                __aeabi_dcmpgt
 .text          0x08000b4c       0x2c C:/ST/STM32CubeIDE_2.1.1/STM32CubeIDE/plugins/com.st.stm32cube.ide.mcu.externaltools.gnu-tools-for-stm32.14.3.rel1.win32_1.0.100.202602081740/tools/bin/../lib/gcc/arm-none-eabi/14.3.1/thumb/v7e-m+fp/hard\libgcc.a(_arm_unorddf2.o)
                0x08000b4c                __unorddf2
                0x08000b4c                __aeabi_dcmpun
 .text          0x08000b78       0x50 C:/ST/STM32CubeIDE_2.1.1/STM32CubeIDE/plugins/com.st.stm32cube.ide.mcu.externaltools.gnu-tools-for-stm32.14.3.rel1.win32_1.0.100.202602081740/tools/bin/../lib/gcc/arm-none-eabi/14.3.1/thumb/v7e-m+fp/hard\libgcc.a(_arm_fixdfsi.o)
                0x08000b78                __aeabi_d2iz
                0x08000b78                __fixdfsi
 .text          0x08000bc8       0x40 C:/ST/STM32CubeIDE_2.1.1/STM32CubeIDE/plugins/com.st.stm32cube.ide.mcu.externaltools.gnu-tools-for-stm32.14.3.rel1.win32_1.0.100.202602081740/tools/bin/../lib/gcc/arm-none-eabi/14.3.1/thumb/v7e-m+fp/hard\libgcc.a(_arm_fixunsdfsi.o)
                0x08000bc8                __aeabi_d2uiz
                0x08000bc8                __fixunsdfsi
 .text          0x08000c08       0xa0 C:/ST/STM32CubeIDE_2.1.1/STM32CubeIDE/plugins/com.st.stm32cube.ide.mcu.externaltools.gnu-tools-for-stm32.14.3.rel1.win32_1.0.100.202602081740/tools/bin/../lib/gcc/arm-none-eabi/14.3.1/thumb/v7e-m+fp/hard\libgcc.a(_arm_truncdfsf2.o)
                0x08000c08                __truncdfsf2
                0x08000c08                __aeabi_d2f
 .text          0x08000ca8       0x30 C:/ST/STM32CubeIDE_2.1.1/STM32CubeIDE/plugins/com.st.stm32cube.ide.mcu.externaltools.gnu-tools-for-stm32.14.3.rel1.win32_1.0.100.202602081740/tools/bin/../lib/gcc/arm-none-eabi/14.3.1/thumb/v7e-m+fp/hard\libgcc.a(_aeabi_uldivmod.o)
                0x08000ca8                __aeabi_uldivmod
 .text          0x08000cd8       0x30 C:/ST/STM32CubeIDE_2.1.1/STM32CubeIDE/plugins/com.st.stm32cube.ide.mcu.externaltools.gnu-tools-for-stm32.14.3.rel1.win32_1.0.100.202602081740/tools/bin/../lib/gcc/arm-none-eabi/14.3.1/thumb/v7e-m+fp/hard\libgcc.a(_fixdfdi.o)
                0x08000cd8                __fixdfdi
                0x08000cd8                __aeabi_d2lz
 .text          0x08000d08       0x3c C:/ST/STM32CubeIDE_2.1.1/STM32CubeIDE/plugins/com.st.stm32cube.ide.mcu.externaltools.gnu-tools-for-stm32.14.3.rel1.win32_1.0.100.202602081740/tools/bin/../lib/gcc/arm-none-eabi/14.3.1/thumb/v7e-m+fp/hard\libgcc.a(_fixunsdfdi.o)
                0x08000d08                __fixunsdfdi
                0x08000d08                __aeabi_d2ulz
 .text          0x08000d44      0x2f8 C:/ST/STM32CubeIDE_2.1.1/STM32CubeIDE/plugins/com.st.stm32cube.ide.mcu.externaltools.gnu-tools-for-stm32.14.3.rel1.win32_1.0.100.202602081740/tools/bin/../lib/gcc/arm-none-eabi/14.3.1/thumb/v7e-m+fp/hard\libgcc.a(_udivmoddi4.o)
                0x08000d44                __udivmoddi4
 .text          0x0800103c        0x4 C:/ST/STM32CubeIDE_2.1.1/STM32CubeIDE/plugins/com.st.stm32cube.ide.mcu.externaltools.gnu-tools-for-stm32.14.3.rel1.win32_1.0.100.202602081740/tools/bin/../lib/gcc/arm-none-eabi/14.3.1/thumb/v7e-m+fp/hard\libgcc.a(_dvmd_tls.o)
                0x0800103c                __aeabi_idiv0
                0x0800103c                __aeabi_ldiv0
 *(.text*)
 .text.uint16_to_float
                0x08001040       0x68 ./Core/Src/RobStride_MIT.o
 .text.float_to_uint
                0x080010a8       0x8c ./Core/Src/RobStride_MIT.o
 .text.CAN_Send
                0x08001134       0x54 ./Core/Src/RobStride_MIT.o
 .text.LoadSpec
                0x08001188      0x134 ./Core/Src/RobStride_MIT.o
 .text.RS_Motor_Init
                0x080012bc       0x48 ./Core/Src/RobStride_MIT.o
                0x080012bc                RS_Motor_Init
 .text.RS_AllMotors_Init
                0x08001304       0x4c ./Core/Src/RobStride_MIT.o
                0x08001304                RS_AllMotors_Init
 .text.RS_MIT_Enable
                0x08001350       0x50 ./Core/Src/RobStride_MIT.o
                0x08001350                RS_MIT_Enable
 .text.RS_MIT_Disable
                0x080013a0       0x4c ./Core/Src/RobStride_MIT.o
                0x080013a0                RS_MIT_Disable
 .text.RS_MIT_SetZeroPos
                0x080013ec       0x4c ./Core/Src/RobStride_MIT.o
                0x080013ec                RS_MIT_SetZeroPos
 .text.RS_MIT_Control
                0x08001438      0x18e ./Core/Src/RobStride_MIT.o
                0x08001438                RS_MIT_Control
 *fill*         0x080015c6        0x2 
 .text.RS_CAN2_RxCallback
                0x080015c8      0x170 ./Core/Src/RobStride_MIT.o
                0x080015c8                RS_CAN2_RxCallback
 .text.axis_J2_RadToMm
                0x08001738       0x28 ./Core/Src/axis.o
                0x08001738                axis_J2_RadToMm
 .text.axis_J2_MmToRad
                0x08001760       0x2c ./Core/Src/axis.o
                0x08001760                axis_J2_MmToRad
 .text.axis_J2_RadpsToMmps
                0x0800178c       0x28 ./Core/Src/axis.o
                0x0800178c                axis_J2_RadpsToMmps
 .text.axis_J2_Update
                0x080017b4       0xd0 ./Core/Src/axis.o
                0x080017b4                axis_J2_Update
 .text.axis_J2_ResetUnwrap
                0x08001884       0x44 ./Core/Src/axis.o
                0x08001884                axis_J2_ResetUnwrap
 .text.axis_J2_GetContinuousRad
                0x080018c8       0x1c ./Core/Src/axis.o
                0x080018c8                axis_J2_GetContinuousRad
 .text.axis_J2_GetContinuousMm
                0x080018e4       0x20 ./Core/Src/axis.o
                0x080018e4                axis_J2_GetContinuousMm
 .text.MX_CAN1_Init
                0x08001904       0x6c ./Core/Src/can.o
                0x08001904                MX_CAN1_Init
 .text.MX_CAN2_Init
                0x08001970       0x6c ./Core/Src/can.o
                0x08001970                MX_CAN2_Init
 .text.HAL_CAN_MspInit
                0x080019dc      0x160 ./Core/Src/can.o
                0x080019dc                HAL_CAN_MspInit
 .text.RS_GetIndex
                0x08001b3c       0x48 ./Core/Src/cmd.o
 .text.cmd_Init
                0x08001b84       0x40 ./Core/Src/cmd.o
                0x08001b84                cmd_Init
 .text.cmd_SetAutoPrint
                0x08001bc4       0x2c ./Core/Src/cmd.o
                0x08001bc4                cmd_SetAutoPrint
 .text.cmd_RxPush
                0x08001bf0       0x74 ./Core/Src/cmd.o
                0x08001bf0                cmd_RxPush
 .text.cmd_CAN_Diagnostic
                0x08001c64      0x11c ./Core/Src/cmd.o
 .text.cmd_ProcessLine
                0x08001d80      0xdc0 ./Core/Src/cmd.o
 .text.cmd_DrainRing
                0x08002b40       0xb4 ./Core/Src/cmd.o
 .text.cmd_Update
                0x08002bf4      0x184 ./Core/Src/cmd.o
                0x08002bf4                cmd_Update
 .text.config_Init
                0x08002d78        0xe ./Core/Src/config.o
                0x08002d78                config_Init
 *fill*         0x08002d86        0x2 
 .text.MX_GPIO_Init
                0x08002d88      0x1fc ./Core/Src/gpio.o
                0x08002d88                MX_GPIO_Init
 .text.MX_I2S3_Init
                0x08002f84       0x60 ./Core/Src/i2s.o
                0x08002f84                MX_I2S3_Init
 .text.HAL_I2S_MspInit
                0x08002fe4      0x100 ./Core/Src/i2s.o
                0x08002fe4                HAL_I2S_MspInit
 .text.kin_SolveGoto
                0x080030e4       0xb0 ./Core/Src/kin_bridge.o
                0x080030e4                kin_SolveGoto
 .text.main     0x08003194       0xe4 ./Core/Src/main.o
                0x08003194                main
 .text.SystemClock_Config
                0x08003278       0xd4 ./Core/Src/main.o
                0x08003278                SystemClock_Config
 .text.HAL_UART_RxCpltCallback
                0x0800334c       0x3c ./Core/Src/main.o
                0x0800334c                HAL_UART_RxCpltCallback
 .text.HAL_CAN_RxFifo0MsgPendingCallback
                0x08003388       0x24 ./Core/Src/main.o
                0x08003388                HAL_CAN_RxFifo0MsgPendingCallback
 .text.HAL_TIM_PeriodElapsedCallback
                0x080033ac      0x138 ./Core/Src/main.o
                0x080033ac                HAL_TIM_PeriodElapsedCallback
 .text.Error_Handler
                0x080034e4        0xc ./Core/Src/main.o
                0x080034e4                Error_Handler
 .text.clampf   0x080034f0       0x52 ./Core/Src/pd_control.o
 *fill*         0x08003542        0x2 
 .text.pd_Init  0x08003544       0x48 ./Core/Src/pd_control.o
                0x08003544                pd_Init
 .text.pd_SetGoal
                0x0800358c       0x44 ./Core/Src/pd_control.o
                0x0800358c                pd_SetGoal
 .text.pd_GetGoal
                0x080035d0       0x3c ./Core/Src/pd_control.o
                0x080035d0                pd_GetGoal
 .text.pd_HasGoal
                0x0800360c       0x30 ./Core/Src/pd_control.o
                0x0800360c                pd_HasGoal
 .text.pd_Compute
                0x0800363c      0x130 ./Core/Src/pd_control.o
                0x0800363c                pd_Compute
 .text.pd_SetGains
                0x0800376c       0x54 ./Core/Src/pd_control.o
                0x0800376c                pd_SetGains
 .text.pd_GetMode
                0x080037c0       0x3c ./Core/Src/pd_control.o
                0x080037c0                pd_GetMode
 .text.cdc_print
                0x080037fc       0x22 ./Core/Src/pwm.o
 *fill*         0x0800381e        0x2 
 .text.set_ccr  0x08003820       0x54 ./Core/Src/pwm.o
 .text.brake_ch
                0x08003874       0x22 ./Core/Src/pwm.o
 *fill*         0x08003896        0x2 
 .text.brake_on
                0x08003898       0x40 ./Core/Src/pwm.o
 .text.brake_off
                0x080038d8       0x40 ./Core/Src/pwm.o
 .text.PWM_Init
                0x08003918       0x60 ./Core/Src/pwm.o
                0x08003918                PWM_Init
 .text.PWM_Tick5ms
                0x08003978       0x8c ./Core/Src/pwm.o
                0x08003978                PWM_Tick5ms
 .text.PWM_ProcessCommand
                0x08003a04      0x25c ./Core/Src/pwm.o
                0x08003a04                PWM_ProcessCommand
 .text.clampf_local
                0x08003c60       0x52 ./Core/Src/robot_ik.o
 *fill*         0x08003cb2        0x2 
 .text.RobotIK_ClampJoint
                0x08003cb4       0x8c ./Core/Src/robot_ik.o
                0x08003cb4                RobotIK_ClampJoint
 .text.mat4_identity
                0x08003d40       0x5c ./Core/Src/robot_ik.o
 .text.mat4_mul
                0x08003d9c       0xb6 ./Core/Src/robot_ik.o
 .text.mat4_origin_xyz_rpy
                0x08003e52      0x186 ./Core/Src/robot_ik.o
 .text.mat4_revolute_axis_angle
                0x08003fd8      0x21c ./Core/Src/robot_ik.o
 .text.mat4_prismatic_axis
                0x080041f4       0xd0 ./Core/Src/robot_ik.o
 .text.apply_origin
                0x080042c4       0x58 ./Core/Src/robot_ik.o
 .text.apply_prismatic
                0x0800431c       0x48 ./Core/Src/robot_ik.o
 .text.apply_revolute
                0x08004364       0x48 ./Core/Src/robot_ik.o
 .text.RobotIK_FK
                0x080043ac      0x1a4 ./Core/Src/robot_ik.o
                0x080043ac                RobotIK_FK
 .text.point_error_mm
                0x08004550       0x7c ./Core/Src/robot_ik.o
 .text.solve_3x3
                0x080045cc      0x274 ./Core/Src/robot_ik.o
 .text.solve_from_seed
                0x08004840      0x51c ./Core/Src/robot_ik.o
 .text.estimate_slider_from_x
                0x08004d5c       0x48 ./Core/Src/robot_ik.o
 .text.RobotIK_SolveXYZ
                0x08004da4      0x578 ./Core/Src/robot_ik.o
                0x08004da4                RobotIK_SolveXYZ
 .text.Servo_Init
                0x0800531c       0x58 ./Core/Src/servo_control.o
                0x0800531c                Servo_Init
 .text.Servo_SetAngle
                0x08005374       0x9c ./Core/Src/servo_control.o
                0x08005374                Servo_SetAngle
 .text.Servo_SetMode
                0x08005410       0x70 ./Core/Src/servo_control.o
                0x08005410                Servo_SetMode
 .text.RS232_SendString
                0x08005480       0x28 ./Core/Src/servo_control.o
                0x08005480                RS232_SendString
 .text.RS232_ProcessByte
                0x080054a8       0x78 ./Core/Src/servo_control.o
                0x080054a8                RS232_ProcessByte
 .text.Servo_AngleToCCR
                0x08005520       0x54 ./Core/Src/servo_control.o
 .text.Servo_ParseLine
                0x08005574      0x138 ./Core/Src/servo_control.o
 .text.Servo_SendStatus
                0x080056ac       0x54 ./Core/Src/servo_control.o
 .text.Servo_SendHelp
                0x08005700       0x14 ./Core/Src/servo_control.o
 .text.MX_SPI1_Init
                0x08005714       0x6c ./Core/Src/spi.o
                0x08005714                MX_SPI1_Init
 .text.HAL_SPI_MspInit
                0x08005780       0x90 ./Core/Src/spi.o
                0x08005780                HAL_SPI_MspInit
 .text.HAL_MspInit
                0x08005810       0x50 ./Core/Src/stm32f4xx_hal_msp.o
                0x08005810                HAL_MspInit
 .text.NMI_Handler
                0x08005860        0x8 ./Core/Src/stm32f4xx_it.o
                0x08005860                NMI_Handler
 .text.HardFault_Handler
                0x08005868        0x8 ./Core/Src/stm32f4xx_it.o
                0x08005868                HardFault_Handler
 .text.MemManage_Handler
                0x08005870        0x8 ./Core/Src/stm32f4xx_it.o
                0x08005870                MemManage_Handler
 .text.BusFault_Handler
                0x08005878        0x8 ./Core/Src/stm32f4xx_it.o
                0x08005878                BusFault_Handler
 .text.UsageFault_Handler
                0x08005880        0x8 ./Core/Src/stm32f4xx_it.o
                0x08005880                UsageFault_Handler
 .text.SVC_Handler
                0x08005888        0xe ./Core/Src/stm32f4xx_it.o
                0x08005888                SVC_Handler
 .text.DebugMon_Handler
                0x08005896        0xe ./Core/Src/stm32f4xx_it.o
                0x08005896                DebugMon_Handler
 .text.PendSV_Handler
                0x080058a4        0xe ./Core/Src/stm32f4xx_it.o
                0x080058a4                PendSV_Handler
 .text.SysTick_Handler
                0x080058b2        0xc ./Core/Src/stm32f4xx_it.o
                0x080058b2                SysTick_Handler
 *fill*         0x080058be        0x2 
 .text.TIM2_IRQHandler
                0x080058c0       0x14 ./Core/Src/stm32f4xx_it.o
                0x080058c0                TIM2_IRQHandler
 .text.TIM3_IRQHandler
                0x080058d4       0x14 ./Core/Src/stm32f4xx_it.o
                0x080058d4                TIM3_IRQHandler
 .text.USART2_IRQHandler
                0x080058e8       0x14 ./Core/Src/stm32f4xx_it.o
                0x080058e8                USART2_IRQHandler
 .text.CAN2_TX_IRQHandler
                0x080058fc       0x14 ./Core/Src/stm32f4xx_it.o
                0x080058fc                CAN2_TX_IRQHandler
 .text.CAN2_RX0_IRQHandler
                0x08005910       0x14 ./Core/Src/stm32f4xx_it.o
                0x08005910                CAN2_RX0_IRQHandler
 .text.OTG_FS_IRQHandler
                0x08005924       0x14 ./Core/Src/stm32f4xx_it.o
                0x08005924                OTG_FS_IRQHandler
 .text._getpid  0x08005938       0x10 ./Core/Src/syscalls.o
                0x08005938                _getpid
 .text._kill    0x08005948       0x20 ./Core/Src/syscalls.o
                0x08005948                _kill
 .text._exit    0x08005968       0x16 ./Core/Src/syscalls.o
                0x08005968                _exit
 .text._read    0x0800597e       0x3a ./Core/Src/syscalls.o
                0x0800597e                _read
 .text._write   0x080059b8       0x38 ./Core/Src/syscalls.o
                0x080059b8                _write
 .text._close   0x080059f0       0x18 ./Core/Src/syscalls.o
                0x080059f0                _close
 .text._fstat   0x08005a08       0x20 ./Core/Src/syscalls.o
                0x08005a08                _fstat
 .text._isatty  0x08005a28       0x16 ./Core/Src/syscalls.o
                0x08005a28                _isatty
 .text._lseek   0x08005a3e       0x1a ./Core/Src/syscalls.o
                0x08005a3e                _lseek
 .text._sbrk    0x08005a58       0x6c ./Core/Src/sysmem.o
                0x08005a58                _sbrk
 .text.SystemInit
                0x08005ac4       0x24 ./Core/Src/system_stm32f4xx.o
                0x08005ac4                SystemInit
 .text.MX_TIM2_Init
                0x08005ae8       0x98 ./Core/Src/tim.o
                0x08005ae8                MX_TIM2_Init
 .text.MX_TIM3_Init
                0x08005b80      0x118 ./Core/Src/tim.o
                0x08005b80                MX_TIM3_Init
 .text.MX_TIM4_Init
                0x08005c98       0xf0 ./Core/Src/tim.o
                0x08005c98                MX_TIM4_Init
 .text.HAL_TIM_Base_MspInit
                0x08005d88       0xb4 ./Core/Src/tim.o
                0x08005d88                HAL_TIM_Base_MspInit
 .text.HAL_TIM_MspPostInit
                0x08005e3c      0x100 ./Core/Src/tim.o
                0x08005e3c                HAL_TIM_MspPostInit
 .text.quintic_eval
                0x08005f3c      0x1bc ./Core/Src/trajectory.o
                0x08005f3c                quintic_eval
 .text.traj_Start
                0x080060f8      0x10c ./Core/Src/trajectory.o
                0x080060f8                traj_Start
 .text.traj_StartAll
                0x08006204       0x54 ./Core/Src/trajectory.o
                0x08006204                traj_StartAll
 .text.traj_Stop
                0x08006258       0x3c ./Core/Src/trajectory.o
                0x08006258                traj_Stop
 .text.traj_StopAll
                0x08006294       0x40 ./Core/Src/trajectory.o
                0x08006294                traj_StopAll
 .text.traj_Update
                0x080062d4      0x104 ./Core/Src/trajectory.o
                0x080062d4                traj_Update
 .text.traj_IsActive
                0x080063d8       0x3c ./Core/Src/trajectory.o
                0x080063d8                traj_IsActive
 .text.traj_GetTargetPos
                0x08006414       0x44 ./Core/Src/trajectory.o
                0x08006414                traj_GetTargetPos
 .text.traj_GetTargetVel
                0x08006458       0x44 ./Core/Src/trajectory.o
                0x08006458                traj_GetTargetVel
 .text.traj_IsFinished
                0x0800649c       0x7c ./Core/Src/trajectory.o
                0x0800649c                traj_IsFinished
 .text.MX_USART2_UART_Init
                0x08006518       0x54 ./Core/Src/usart.o
                0x08006518                MX_USART2_UART_Init
 .text.HAL_UART_MspInit
                0x0800656c       0xa0 ./Core/Src/usart.o
                0x0800656c                HAL_UART_MspInit
 .text.Reset_Handler
                0x0800660c       0x50 ./Core/Startup/startup_stm32f407vgtx.o
                0x0800660c                Reset_Handler
 .text.Default_Handler
                0x0800665c        0x2 ./Core/Startup/startup_stm32f407vgtx.o
                0x0800665c                RTC_Alarm_IRQHandler
                0x0800665c                HASH_RNG_IRQHandler
                0x0800665c                EXTI2_IRQHandler
                0x0800665c                TIM8_CC_IRQHandler
                0x0800665c                TIM1_CC_IRQHandler
                0x0800665c                DMA2_Stream5_IRQHandler
                0x0800665c                DMA1_Stream5_IRQHandler
                0x0800665c                PVD_IRQHandler
                0x0800665c                SDIO_IRQHandler
                0x0800665c                TAMP_STAMP_IRQHandler
                0x0800665c                CAN2_RX1_IRQHandler
                0x0800665c                EXTI3_IRQHandler
                0x0800665c                TIM8_TRG_COM_TIM14_IRQHandler
                0x0800665c                TIM1_UP_TIM10_IRQHandler
                0x0800665c                TIM8_UP_TIM13_IRQHandler
                0x0800665c                I2C3_ER_IRQHandler
                0x0800665c                EXTI0_IRQHandler
                0x0800665c                I2C2_EV_IRQHandler
                0x0800665c                DMA1_Stream2_IRQHandler
                0x0800665c                CAN1_RX0_IRQHandler
                0x0800665c                FPU_IRQHandler
                0x0800665c                OTG_HS_WKUP_IRQHandler
                0x0800665c                CAN2_SCE_IRQHandler
                0x0800665c                DMA2_Stream2_IRQHandler
                0x0800665c                SPI1_IRQHandler
                0x0800665c                TIM6_DAC_IRQHandler
                0x0800665c                TIM1_BRK_TIM9_IRQHandler
                0x0800665c                DCMI_IRQHandler
                0x0800665c                DMA2_Stream3_IRQHandler
                0x0800665c                USART6_IRQHandler
                0x0800665c                USART3_IRQHandler
                0x0800665c                CAN1_RX1_IRQHandler
                0x0800665c                UART5_IRQHandler
                0x0800665c                DMA2_Stream0_IRQHandler
                0x0800665c                TIM4_IRQHandler
                0x0800665c                I2C1_EV_IRQHandler
                0x0800665c                DMA1_Stream6_IRQHandler
                0x0800665c                DMA1_Stream1_IRQHandler
                0x0800665c                UART4_IRQHandler
                0x0800665c                RCC_IRQHandler
                0x0800665c                TIM8_BRK_TIM12_IRQHandler
                0x0800665c                Default_Handler
                0x0800665c                EXTI15_10_IRQHandler
                0x0800665c                ADC_IRQHandler
                0x0800665c                DMA1_Stream7_IRQHandler
                0x0800665c                TIM7_IRQHandler
                0x0800665c                TIM5_IRQHandler
                0x0800665c                DMA2_Stream7_IRQHandler
                0x0800665c                I2C3_EV_IRQHandler
                0x0800665c                EXTI9_5_IRQHandler
                0x0800665c                RTC_WKUP_IRQHandler
                0x0800665c                ETH_WKUP_IRQHandler
                0x0800665c                SPI2_IRQHandler
                0x0800665c                OTG_HS_EP1_IN_IRQHandler
                0x0800665c                DMA1_Stream0_IRQHandler
                0x0800665c                CAN1_TX_IRQHandler
                0x0800665c                EXTI4_IRQHandler
                0x0800665c                FSMC_IRQHandler
                0x0800665c                ETH_IRQHandler
                0x0800665c                OTG_HS_EP1_OUT_IRQHandler
                0x0800665c                WWDG_IRQHandler
                0x0800665c                OTG_FS_WKUP_IRQHandler
                0x0800665c                TIM1_TRG_COM_TIM11_IRQHandler
                0x0800665c                OTG_HS_IRQHandler
                0x0800665c                EXTI1_IRQHandler
                0x0800665c                I2C2_ER_IRQHandler
                0x0800665c                DMA2_Stream1_IRQHandler
                0x0800665c                CAN1_SCE_IRQHandler
                0x0800665c                FLASH_IRQHandler
                0x0800665c                DMA2_Stream4_IRQHandler
                0x0800665c                USART1_IRQHandler
                0x0800665c                SPI3_IRQHandler
                0x0800665c                DMA1_Stream4_IRQHandler
                0x0800665c                I2C1_ER_IRQHandler
                0x0800665c                DMA2_Stream6_IRQHandler
                0x0800665c                DMA1_Stream3_IRQHandler
 *fill*         0x0800665e        0x2 
 .text.HAL_Init
                0x08006660       0x44 ./Drivers/STM32F4xx_HAL_Driver/Src/stm32f4xx_hal.o
                0x08006660                HAL_Init
 .text.HAL_InitTick
                0x080066a4       0x60 ./Drivers/STM32F4xx_HAL_Driver/Src/stm32f4xx_hal.o
                0x080066a4                HAL_InitTick
 .text.HAL_IncTick
                0x08006704       0x28 ./Drivers/STM32F4xx_HAL_Driver/Src/stm32f4xx_hal.o
                0x08006704                HAL_IncTick
 .text.HAL_GetTick
                0x0800672c       0x18 ./Drivers/STM32F4xx_HAL_Driver/Src/stm32f4xx_hal.o
                0x0800672c                HAL_GetTick
 .text.HAL_Delay
                0x08006744       0x48 ./Drivers/STM32F4xx_HAL_Driver/Src/stm32f4xx_hal.o
                0x08006744                HAL_Delay
 .text.HAL_CAN_Init
                0x0800678c      0x1f6 ./Drivers/STM32F4xx_HAL_Driver/Src/stm32f4xx_hal_can.o
                0x0800678c                HAL_CAN_Init
 *fill*         0x08006982        0x2 
 .text.HAL_CAN_ConfigFilter
                0x08006984      0x1bc ./Drivers/STM32F4xx_HAL_Driver/Src/stm32f4xx_hal_can.o
                0x08006984                HAL_CAN_ConfigFilter
 .text.HAL_CAN_Start
                0x08006b40       0x88 ./Drivers/STM32F4xx_HAL_Driver/Src/stm32f4xx_hal_can.o
                0x08006b40                HAL_CAN_Start
 .text.HAL_CAN_AddTxMessage
                0x08006bc8      0x1a0 ./Drivers/STM32F4xx_HAL_Driver/Src/stm32f4xx_hal_can.o
                0x08006bc8                HAL_CAN_AddTxMessage
 .text.HAL_CAN_GetTxMailboxesFreeLevel
                0x08006d68       0x6a ./Drivers/STM32F4xx_HAL_Driver/Src/stm32f4xx_hal_can.o
                0x08006d68                HAL_CAN_GetTxMailboxesFreeLevel
 .text.HAL_CAN_GetRxMessage
                0x08006dd2      0x244 ./Drivers/STM32F4xx_HAL_Driver/Src/stm32f4xx_hal_can.o
                0x08006dd2                HAL_CAN_GetRxMessage
 .text.HAL_CAN_GetRxFifoFillLevel
                0x08007016       0x50 ./Drivers/STM32F4xx_HAL_Driver/Src/stm32f4xx_hal_can.o
                0x08007016                HAL_CAN_GetRxFifoFillLevel
 .text.HAL_CAN_ActivateNotification
                0x08007066       0x4c ./Drivers/STM32F4xx_HAL_Driver/Src/stm32f4xx_hal_can.o
                0x08007066                HAL_CAN_ActivateNotification
 .text.HAL_CAN_IRQHandler
                0x080070b2      0x36e ./Drivers/STM32F4xx_HAL_Driver/Src/stm32f4xx_hal_can.o
                0x080070b2                HAL_CAN_IRQHandler
 .text.HAL_CAN_TxMailbox0CompleteCallback
                0x08007420       0x14 ./Drivers/STM32F4xx_HAL_Driver/Src/stm32f4xx_hal_can.o
                0x08007420                HAL_CAN_TxMailbox0CompleteCallback
 .text.HAL_CAN_TxMailbox1CompleteCallback
                0x08007434       0x14 ./Drivers/STM32F4xx_HAL_Driver/Src/stm32f4xx_hal_can.o
                0x08007434                HAL_CAN_TxMailbox1CompleteCallback
 .text.HAL_CAN_TxMailbox2CompleteCallback
                0x08007448       0x14 ./Drivers/STM32F4xx_HAL_Driver/Src/stm32f4xx_hal_can.o
                0x08007448                HAL_CAN_TxMailbox2CompleteCallback
 .text.HAL_CAN_TxMailbox0AbortCallback
                0x0800745c       0x14 ./Drivers/STM32F4xx_HAL_Driver/Src/stm32f4xx_hal_can.o
                0x0800745c                HAL_CAN_TxMailbox0AbortCallback
 .text.HAL_CAN_TxMailbox1AbortCallback
                0x08007470       0x14 ./Drivers/STM32F4xx_HAL_Driver/Src/stm32f4xx_hal_can.o
                0x08007470                HAL_CAN_TxMailbox1AbortCallback
 .text.HAL_CAN_TxMailbox2AbortCallback
                0x08007484       0x14 ./Drivers/STM32F4xx_HAL_Driver/Src/stm32f4xx_hal_can.o
                0x08007484                HAL_CAN_TxMailbox2AbortCallback
 .text.HAL_CAN_RxFifo0FullCallback
                0x08007498       0x14 ./Drivers/STM32F4xx_HAL_Driver/Src/stm32f4xx_hal_can.o
                0x08007498                HAL_CAN_RxFifo0FullCallback
 .text.HAL_CAN_RxFifo1MsgPendingCallback
                0x080074ac       0x14 ./Drivers/STM32F4xx_HAL_Driver/Src/stm32f4xx_hal_can.o
                0x080074ac                HAL_CAN_RxFifo1MsgPendingCallback
 .text.HAL_CAN_RxFifo1FullCallback
                0x080074c0       0x14 ./Drivers/STM32F4xx_HAL_Driver/Src/stm32f4xx_hal_can.o
                0x080074c0                HAL_CAN_RxFifo1FullCallback
 .text.HAL_CAN_SleepCallback
                0x080074d4       0x14 ./Drivers/STM32F4xx_HAL_Driver/Src/stm32f4xx_hal_can.o
                0x080074d4                HAL_CAN_SleepCallback
 .text.HAL_CAN_WakeUpFromRxMsgCallback
                0x080074e8       0x14 ./Drivers/STM32F4xx_HAL_Driver/Src/stm32f4xx_hal_can.o
                0x080074e8                HAL_CAN_WakeUpFromRxMsgCallback
 .text.HAL_CAN_ErrorCallback
                0x080074fc       0x14 ./Drivers/STM32F4xx_HAL_Driver/Src/stm32f4xx_hal_can.o
                0x080074fc                HAL_CAN_ErrorCallback
 .text.HAL_CAN_GetState
                0x08007510       0x50 ./Drivers/STM32F4xx_HAL_Driver/Src/stm32f4xx_hal_can.o
                0x08007510                HAL_CAN_GetState
 .text.HAL_CAN_GetError
                0x08007560       0x18 ./Drivers/STM32F4xx_HAL_Driver/Src/stm32f4xx_hal_can.o
                0x08007560                HAL_CAN_GetError
 .text.__NVIC_SetPriorityGrouping
                0x08007578       0x48 ./Drivers/STM32F4xx_HAL_Driver/Src/stm32f4xx_hal_cortex.o
 .text.__NVIC_GetPriorityGrouping
                0x080075c0       0x1c ./Drivers/STM32F4xx_HAL_Driver/Src/stm32f4xx_hal_cortex.o
 .text.__NVIC_EnableIRQ
                0x080075dc       0x3c ./Drivers/STM32F4xx_HAL_Driver/Src/stm32f4xx_hal_cortex.o
 .text.__NVIC_SetPriority
                0x08007618       0x54 ./Drivers/STM32F4xx_HAL_Driver/Src/stm32f4xx_hal_cortex.o
 .text.NVIC_EncodePriority
                0x0800766c       0x66 ./Drivers/STM32F4xx_HAL_Driver/Src/stm32f4xx_hal_cortex.o
 *fill*         0x080076d2        0x2 
 .text.SysTick_Config
                0x080076d4       0x44 ./Drivers/STM32F4xx_HAL_Driver/Src/stm32f4xx_hal_cortex.o
 .text.HAL_NVIC_SetPriorityGrouping
                0x08007718       0x16 ./Drivers/STM32F4xx_HAL_Driver/Src/stm32f4xx_hal_cortex.o
                0x08007718                HAL_NVIC_SetPriorityGrouping
 .text.HAL_NVIC_SetPriority
                0x0800772e       0x38 ./Drivers/STM32F4xx_HAL_Driver/Src/stm32f4xx_hal_cortex.o
                0x0800772e                HAL_NVIC_SetPriority
 .text.HAL_NVIC_EnableIRQ
                0x08007766       0x1c ./Drivers/STM32F4xx_HAL_Driver/Src/stm32f4xx_hal_cortex.o
                0x08007766                HAL_NVIC_EnableIRQ
 .text.HAL_SYSTICK_Config
                0x08007782       0x18 ./Drivers/STM32F4xx_HAL_Driver/Src/stm32f4xx_hal_cortex.o
                0x08007782                HAL_SYSTICK_Config
 .text.HAL_DMA_Abort
                0x0800779a       0xe0 ./Drivers/STM32F4xx_HAL_Driver/Src/stm32f4xx_hal_dma.o
                0x0800779a                HAL_DMA_Abort
 .text.HAL_DMA_Abort_IT
                0x0800787a       0x44 ./Drivers/STM32F4xx_HAL_Driver/Src/stm32f4xx_hal_dma.o
                0x0800787a                HAL_DMA_Abort_IT
 *fill*         0x080078be        0x2 
 .text.HAL_GPIO_Init
                0x080078c0      0x338 ./Drivers/STM32F4xx_HAL_Driver/Src/stm32f4xx_hal_gpio.o
                0x080078c0                HAL_GPIO_Init
 .text.HAL_GPIO_WritePin
                0x08007bf8       0x32 ./Drivers/STM32F4xx_HAL_Driver/Src/stm32f4xx_hal_gpio.o
                0x08007bf8                HAL_GPIO_WritePin
 *fill*         0x08007c2a        0x2 
 .text.HAL_I2S_Init
                0x08007c2c      0x280 ./Drivers/STM32F4xx_HAL_Driver/Src/stm32f4xx_hal_i2s.o
                0x08007c2c                HAL_I2S_Init
 .text.HAL_I2S_TxCpltCallback
                0x08007eac       0x14 ./Drivers/STM32F4xx_HAL_Driver/Src/stm32f4xx_hal_i2s.o
                0x08007eac                HAL_I2S_TxCpltCallback
 .text.HAL_I2S_RxCpltCallback
                0x08007ec0       0x14 ./Drivers/STM32F4xx_HAL_Driver/Src/stm32f4xx_hal_i2s.o
                0x08007ec0                HAL_I2S_RxCpltCallback
 .text.HAL_I2S_ErrorCallback
                0x08007ed4       0x14 ./Drivers/STM32F4xx_HAL_Driver/Src/stm32f4xx_hal_i2s.o
                0x08007ed4                HAL_I2S_ErrorCallback
 .text.I2S_Transmit_IT
                0x08007ee8       0x5c ./Drivers/STM32F4xx_HAL_Driver/Src/stm32f4xx_hal_i2s.o
 .text.I2S_Receive_IT
                0x08007f44       0x5e ./Drivers/STM32F4xx_HAL_Driver/Src/stm32f4xx_hal_i2s.o
 .text.I2S_IRQHandler
                0x08007fa2      0x114 ./Drivers/STM32F4xx_HAL_Driver/Src/stm32f4xx_hal_i2s.o
 *fill*         0x080080b6        0x2 
 .text.HAL_I2SEx_FullDuplex_IRQHandler
                0x080080b8      0x2a8 ./Drivers/STM32F4xx_HAL_Driver/Src/stm32f4xx_hal_i2s_ex.o
                0x080080b8                HAL_I2SEx_FullDuplex_IRQHandler
 .text.HAL_I2SEx_TxRxCpltCallback
                0x08008360       0x14 ./Drivers/STM32F4xx_HAL_Driver/Src/stm32f4xx_hal_i2s_ex.o
                0x08008360                HAL_I2SEx_TxRxCpltCallback
 .text.I2SEx_TxISR_I2S
                0x08008374       0x62 ./Drivers/STM32F4xx_HAL_Driver/Src/stm32f4xx_hal_i2s_ex.o
 *fill*         0x080083d6        0x2 
 .text.I2SEx_TxISR_I2SExt
                0x080083d8       0x98 ./Drivers/STM32F4xx_HAL_Driver/Src/stm32f4xx_hal_i2s_ex.o
 .text.I2SEx_RxISR_I2S
                0x08008470       0x64 ./Drivers/STM32F4xx_HAL_Driver/Src/stm32f4xx_hal_i2s_ex.o
 .text.I2SEx_RxISR_I2SExt
                0x080084d4       0x98 ./Drivers/STM32F4xx_HAL_Driver/Src/stm32f4xx_hal_i2s_ex.o
 .text.HAL_PCD_Init
                0x0800856c      0x21e ./Drivers/STM32F4xx_HAL_Driver/Src/stm32f4xx_hal_pcd.o
                0x0800856c                HAL_PCD_Init
 .text.HAL_PCD_Start
                0x0800878a       0x6a ./Drivers/STM32F4xx_HAL_Driver/Src/stm32f4xx_hal_pcd.o
                0x0800878a                HAL_PCD_Start
 .text.HAL_PCD_IRQHandler
                0x080087f4      0x942 ./Drivers/STM32F4xx_HAL_Driver/Src/stm32f4xx_hal_pcd.o
                0x080087f4                HAL_PCD_IRQHandler
 .text.HAL_PCD_SetAddress
                0x08009136       0x48 ./Drivers/STM32F4xx_HAL_Driver/Src/stm32f4xx_hal_pcd.o
                0x08009136                HAL_PCD_SetAddress
 .text.HAL_PCD_EP_Open
                0x0800917e       0xd4 ./Drivers/STM32F4xx_HAL_Driver/Src/stm32f4xx_hal_pcd.o
                0x0800917e                HAL_PCD_EP_Open
 .text.HAL_PCD_EP_Close
                0x08009252       0x94 ./Drivers/STM32F4xx_HAL_Driver/Src/stm32f4xx_hal_pcd.o
                0x08009252                HAL_PCD_EP_Close
 .text.HAL_PCD_EP_Receive
                0x080092e6       0x76 ./Drivers/STM32F4xx_HAL_Driver/Src/stm32f4xx_hal_pcd.o
                0x080092e6                HAL_PCD_EP_Receive
 .text.HAL_PCD_EP_GetRxCount
                0x0800935c       0x30 ./Drivers/STM32F4xx_HAL_Driver/Src/stm32f4xx_hal_pcd.o
                0x0800935c                HAL_PCD_EP_GetRxCount
 .text.HAL_PCD_EP_Transmit
                0x0800938c       0x74 ./Drivers/STM32F4xx_HAL_Driver/Src/stm32f4xx_hal_pcd.o
                0x0800938c                HAL_PCD_EP_Transmit
 .text.HAL_PCD_EP_SetStall
                0x08009400       0xc6 ./Drivers/STM32F4xx_HAL_Driver/Src/stm32f4xx_hal_pcd.o
                0x08009400                HAL_PCD_EP_SetStall
 .text.HAL_PCD_EP_ClrStall
                0x080094c6       0xac ./Drivers/STM32F4xx_HAL_Driver/Src/stm32f4xx_hal_pcd.o
                0x080094c6                HAL_PCD_EP_ClrStall
 .text.HAL_PCD_EP_Abort
                0x08009572       0x62 ./Drivers/STM32F4xx_HAL_Driver/Src/stm32f4xx_hal_pcd.o
                0x08009572                HAL_PCD_EP_Abort
 .text.PCD_WriteEmptyTxFifo
                0x080095d4      0x118 ./Drivers/STM32F4xx_HAL_Driver/Src/stm32f4xx_hal_pcd.o
 .text.PCD_EP_OutXfrComplete_int
                0x080096ec      0x1d0 ./Drivers/STM32F4xx_HAL_Driver/Src/stm32f4xx_hal_pcd.o
 .text.PCD_EP_OutSetupPacket_int
                0x080098bc       0x8c ./Drivers/STM32F4xx_HAL_Driver/Src/stm32f4xx_hal_pcd.o
 .text.HAL_PCDEx_SetTxFiFo
                0x08009948       0x8e ./Drivers/STM32F4xx_HAL_Driver/Src/stm32f4xx_hal_pcd_ex.o
                0x08009948                HAL_PCDEx_SetTxFiFo
 .text.HAL_PCDEx_SetRxFiFo
                0x080099d6       0x22 ./Drivers/STM32F4xx_HAL_Driver/Src/stm32f4xx_hal_pcd_ex.o
                0x080099d6                HAL_PCDEx_SetRxFiFo
 .text.HAL_PCDEx_LPM_Callback
                0x080099f8       0x18 ./Drivers/STM32F4xx_HAL_Driver/Src/stm32f4xx_hal_pcd_ex.o
                0x080099f8                HAL_PCDEx_LPM_Callback
 .text.HAL_RCC_OscConfig
                0x08009a10      0x4f0 ./Drivers/STM32F4xx_HAL_Driver/Src/stm32f4xx_hal_rcc.o
                0x08009a10                HAL_RCC_OscConfig
 .text.HAL_RCC_ClockConfig
                0x08009f00      0x1cc ./Drivers/STM32F4xx_HAL_Driver/Src/stm32f4xx_hal_rcc.o
                0x08009f00                HAL_RCC_ClockConfig
 .text.HAL_RCC_GetSysClockFreq
                0x0800a0cc      0x20c ./Drivers/STM32F4xx_HAL_Driver/Src/stm32f4xx_hal_rcc.o
                0x0800a0cc                HAL_RCC_GetSysClockFreq
 .text.HAL_RCC_GetHCLKFreq
                0x0800a2d8       0x18 ./Drivers/STM32F4xx_HAL_Driver/Src/stm32f4xx_hal_rcc.o
                0x0800a2d8                HAL_RCC_GetHCLKFreq
 .text.HAL_RCC_GetPCLK1Freq
                0x0800a2f0       0x28 ./Drivers/STM32F4xx_HAL_Driver/Src/stm32f4xx_hal_rcc.o
                0x0800a2f0                HAL_RCC_GetPCLK1Freq
 .text.HAL_RCC_GetPCLK2Freq
                0x0800a318       0x28 ./Drivers/STM32F4xx_HAL_Driver/Src/stm32f4xx_hal_rcc.o
                0x0800a318                HAL_RCC_GetPCLK2Freq
 .text.HAL_RCCEx_PeriphCLKConfig
                0x0800a340      0x1c4 ./Drivers/STM32F4xx_HAL_Driver/Src/stm32f4xx_hal_rcc_ex.o
                0x0800a340                HAL_RCCEx_PeriphCLKConfig
 .text.HAL_RCCEx_GetPeriphCLKFreq
                0x0800a504       0xc0 ./Drivers/STM32F4xx_HAL_Driver/Src/stm32f4xx_hal_rcc_ex.o
                0x0800a504                HAL_RCCEx_GetPeriphCLKFreq
 .text.HAL_SPI_Init
                0x0800a5c4      0x112 ./Drivers/STM32F4xx_HAL_Driver/Src/stm32f4xx_hal_spi.o
                0x0800a5c4                HAL_SPI_Init
 .text.HAL_TIM_Base_Init
                0x0800a6d6       0x9e ./Drivers/STM32F4xx_HAL_Driver/Src/stm32f4xx_hal_tim.o
                0x0800a6d6                HAL_TIM_Base_Init
 .text.HAL_TIM_Base_Start_IT
                0x0800a774       0xe0 ./Drivers/STM32F4xx_HAL_Driver/Src/stm32f4xx_hal_tim.o
                0x0800a774                HAL_TIM_Base_Start_IT
 .text.HAL_TIM_PWM_Init
                0x0800a854       0x9e ./Drivers/STM32F4xx_HAL_Driver/Src/stm32f4xx_hal_tim.o
                0x0800a854                HAL_TIM_PWM_Init
 .text.HAL_TIM_PWM_MspInit
                0x0800a8f2       0x14 ./Drivers/STM32F4xx_HAL_Driver/Src/stm32f4xx_hal_tim.o
                0x0800a8f2                HAL_TIM_PWM_MspInit
 *fill*         0x0800a906        0x2 
 .text.HAL_TIM_PWM_Start
                0x0800a908      0x190 ./Drivers/STM32F4xx_HAL_Driver/Src/stm32f4xx_hal_tim.o
                0x0800a908                HAL_TIM_PWM_Start
 .text.HAL_TIM_IRQHandler
                0x0800aa98      0x1e0 ./Drivers/STM32F4xx_HAL_Driver/Src/stm32f4xx_hal_tim.o
                0x0800aa98                HAL_TIM_IRQHandler
 .text.HAL_TIM_PWM_ConfigChannel
                0x0800ac78      0x184 ./Drivers/STM32F4xx_HAL_Driver/Src/stm32f4xx_hal_tim.o
                0x0800ac78                HAL_TIM_PWM_ConfigChannel
 .text.HAL_TIM_ConfigClockSource
                0x0800adfc      0x18e ./Drivers/STM32F4xx_HAL_Driver/Src/stm32f4xx_hal_tim.o
                0x0800adfc                HAL_TIM_ConfigClockSource
 .text.HAL_TIM_OC_DelayElapsedCallback
                0x0800af8a       0x14 ./Drivers/STM32F4xx_HAL_Driver/Src/stm32f4xx_hal_tim.o
                0x0800af8a                HAL_TIM_OC_DelayElapsedCallback
 .text.HAL_TIM_IC_CaptureCallback
                0x0800af9e       0x14 ./Drivers/STM32F4xx_HAL_Driver/Src/stm32f4xx_hal_tim.o
                0x0800af9e                HAL_TIM_IC_CaptureCallback
 .text.HAL_TIM_PWM_PulseFinishedCallback
                0x0800afb2       0x14 ./Drivers/STM32F4xx_HAL_Driver/Src/stm32f4xx_hal_tim.o
                0x0800afb2                HAL_TIM_PWM_PulseFinishedCallback
 .text.HAL_TIM_TriggerCallback
                0x0800afc6       0x14 ./Drivers/STM32F4xx_HAL_Driver/Src/stm32f4xx_hal_tim.o
                0x0800afc6                HAL_TIM_TriggerCallback
 *fill*         0x0800afda        0x2 
 .text.TIM_Base_SetConfig
                0x0800afdc      0x14c ./Drivers/STM32F4xx_HAL_Driver/Src/stm32f4xx_hal_tim.o
                0x0800afdc                TIM_Base_SetConfig
 .text.TIM_OC1_SetConfig
                0x0800b128       0xe0 ./Drivers/STM32F4xx_HAL_Driver/Src/stm32f4xx_hal_tim.o
 .text.TIM_OC2_SetConfig
                0x0800b208       0xec ./Drivers/STM32F4xx_HAL_Driver/Src/stm32f4xx_hal_tim.o
                0x0800b208                TIM_OC2_SetConfig
 .text.TIM_OC3_SetConfig
                0x0800b2f4       0xe8 ./Drivers/STM32F4xx_HAL_Driver/Src/stm32f4xx_hal_tim.o
 .text.TIM_OC4_SetConfig
                0x0800b3dc       0xac ./Drivers/STM32F4xx_HAL_Driver/Src/stm32f4xx_hal_tim.o
 .text.TIM_TI1_ConfigInputStage
                0x0800b488       0x5e ./Drivers/STM32F4xx_HAL_Driver/Src/stm32f4xx_hal_tim.o
 .text.TIM_TI2_ConfigInputStage
                0x0800b4e6       0x60 ./Drivers/STM32F4xx_HAL_Driver/Src/stm32f4xx_hal_tim.o
 .text.TIM_ITRx_SetConfig
                0x0800b546       0x36 ./Drivers/STM32F4xx_HAL_Driver/Src/stm32f4xx_hal_tim.o
 .text.TIM_ETR_SetConfig
                0x0800b57c       0x40 ./Drivers/STM32F4xx_HAL_Driver/Src/stm32f4xx_hal_tim.o
                0x0800b57c                TIM_ETR_SetConfig
 .text.TIM_CCxChannelCmd
                0x0800b5bc       0x4a ./Drivers/STM32F4xx_HAL_Driver/Src/stm32f4xx_hal_tim.o
                0x0800b5bc                TIM_CCxChannelCmd
 *fill*         0x0800b606        0x2 
 .text.HAL_TIMEx_MasterConfigSynchronization
                0x0800b608       0xf8 ./Drivers/STM32F4xx_HAL_Driver/Src/stm32f4xx_hal_tim_ex.o
                0x0800b608                HAL_TIMEx_MasterConfigSynchronization
 .text.HAL_TIMEx_CommutCallback
                0x0800b700       0x14 ./Drivers/STM32F4xx_HAL_Driver/Src/stm32f4xx_hal_tim_ex.o
                0x0800b700                HAL_TIMEx_CommutCallback
 .text.HAL_TIMEx_BreakCallback
                0x0800b714       0x14 ./Drivers/STM32F4xx_HAL_Driver/Src/stm32f4xx_hal_tim_ex.o
                0x0800b714                HAL_TIMEx_BreakCallback
 .text.HAL_UART_Init
                0x0800b728       0xa0 ./Drivers/STM32F4xx_HAL_Driver/Src/stm32f4xx_hal_uart.o
                0x0800b728                HAL_UART_Init
 .text.HAL_UART_Transmit
                0x0800b7c8      0x116 ./Drivers/STM32F4xx_HAL_Driver/Src/stm32f4xx_hal_uart.o
                0x0800b7c8                HAL_UART_Transmit
 .text.HAL_UART_Receive_IT
                0x0800b8de       0x4a ./Drivers/STM32F4xx_HAL_Driver/Src/stm32f4xx_hal_uart.o
                0x0800b8de                HAL_UART_Receive_IT
 .text.HAL_UART_IRQHandler
                0x0800b928      0x554 ./Drivers/STM32F4xx_HAL_Driver/Src/stm32f4xx_hal_uart.o
                0x0800b928                HAL_UART_IRQHandler
 .text.HAL_UART_TxCpltCallback
                0x0800be7c       0x14 ./Drivers/STM32F4xx_HAL_Driver/Src/stm32f4xx_hal_uart.o
                0x0800be7c                HAL_UART_TxCpltCallback
 .text.HAL_UART_ErrorCallback
                0x0800be90       0x14 ./Drivers/STM32F4xx_HAL_Driver/Src/stm32f4xx_hal_uart.o
                0x0800be90                HAL_UART_ErrorCallback
 .text.HAL_UARTEx_RxEventCallback
                0x0800bea4       0x18 ./Drivers/STM32F4xx_HAL_Driver/Src/stm32f4xx_hal_uart.o
                0x0800bea4                HAL_UARTEx_RxEventCallback
 .text.UART_WaitOnFlagUntilTimeout
                0x0800bebc       0xb2 ./Drivers/STM32F4xx_HAL_Driver/Src/stm32f4xx_hal_uart.o
 .text.UART_Start_Receive_IT
                0x0800bf6e       0x74 ./Drivers/STM32F4xx_HAL_Driver/Src/stm32f4xx_hal_uart.o
                0x0800bf6e                UART_Start_Receive_IT
 .text.UART_EndRxTransfer
                0x0800bfe2       0xc6 ./Drivers/STM32F4xx_HAL_Driver/Src/stm32f4xx_hal_uart.o
 .text.UART_DMAAbortOnError
                0x0800c0a8       0x22 ./Drivers/STM32F4xx_HAL_Driver/Src/stm32f4xx_hal_uart.o
 .text.UART_Transmit_IT
                0x0800c0ca       0xa0 ./Drivers/STM32F4xx_HAL_Driver/Src/stm32f4xx_hal_uart.o
 .text.UART_EndTransmit_IT
                0x0800c16a       0x30 ./Drivers/STM32F4xx_HAL_Driver/Src/stm32f4xx_hal_uart.o
 .text.UART_Receive_IT
                0x0800c19a      0x17c ./Drivers/STM32F4xx_HAL_Driver/Src/stm32f4xx_hal_uart.o
 *fill*         0x0800c316        0x2 
 .text.UART_SetConfig
                0x0800c318      0x4e8 ./Drivers/STM32F4xx_HAL_Driver/Src/stm32f4xx_hal_uart.o
 .text.USB_CoreInit
                0x0800c800       0xc8 ./Drivers/STM32F4xx_HAL_Driver/Src/stm32f4xx_ll_usb.o
                0x0800c800                USB_CoreInit
 .text.USB_SetTurnaroundTime
                0x0800c8c8      0x144 ./Drivers/STM32F4xx_HAL_Driver/Src/stm32f4xx_ll_usb.o
                0x0800c8c8                USB_SetTurnaroundTime
 .text.USB_EnableGlobalInt
                0x0800ca0c       0x22 ./Drivers/STM32F4xx_HAL_Driver/Src/stm32f4xx_ll_usb.o
                0x0800ca0c                USB_EnableGlobalInt
 .text.USB_DisableGlobalInt
                0x0800ca2e       0x22 ./Drivers/STM32F4xx_HAL_Driver/Src/stm32f4xx_ll_usb.o
                0x0800ca2e                USB_DisableGlobalInt
 .text.USB_SetCurrentMode
                0x0800ca50       0x98 ./Drivers/STM32F4xx_HAL_Driver/Src/stm32f4xx_ll_usb.o
                0x0800ca50                USB_SetCurrentMode
 .text.USB_DevInit
                0x0800cae8      0x2c8 ./Drivers/STM32F4xx_HAL_Driver/Src/stm32f4xx_ll_usb.o
                0x0800cae8                USB_DevInit
 .text.USB_FlushTxFifo
                0x0800cdb0       0x64 ./Drivers/STM32F4xx_HAL_Driver/Src/stm32f4xx_ll_usb.o
                0x0800cdb0                USB_FlushTxFifo
 .text.USB_FlushRxFifo
                0x0800ce14       0x5c ./Drivers/STM32F4xx_HAL_Driver/Src/stm32f4xx_ll_usb.o
                0x0800ce14                USB_FlushRxFifo
 .text.USB_SetDevSpeed
                0x0800ce70       0x32 ./Drivers/STM32F4xx_HAL_Driver/Src/stm32f4xx_ll_usb.o
                0x0800ce70                USB_SetDevSpeed
 .text.USB_GetDevSpeed
                0x0800cea2       0x4a ./Drivers/STM32F4xx_HAL_Driver/Src/stm32f4xx_ll_usb.o
                0x0800cea2                USB_GetDevSpeed
 .text.USB_ActivateEndpoint
                0x0800ceec      0x10e ./Drivers/STM32F4xx_HAL_Driver/Src/stm32f4xx_ll_usb.o
                0x0800ceec                USB_ActivateEndpoint
 *fill*         0x0800cffa        0x2 
 .text.USB_DeactivateEndpoint
                0x0800cffc      0x1b8 ./Drivers/STM32F4xx_HAL_Driver/Src/stm32f4xx_ll_usb.o
                0x0800cffc                USB_DeactivateEndpoint
 .text.USB_EPStartXfer
                0x0800d1b4      0x53c ./Drivers/STM32F4xx_HAL_Driver/Src/stm32f4xx_ll_usb.o
                0x0800d1b4                USB_EPStartXfer
 .text.USB_EPStopXfer
                0x0800d6f0      0x154 ./Drivers/STM32F4xx_HAL_Driver/Src/stm32f4xx_ll_usb.o
                0x0800d6f0                USB_EPStopXfer
 .text.USB_WritePacket
                0x0800d844       0x7c ./Drivers/STM32F4xx_HAL_Driver/Src/stm32f4xx_ll_usb.o
                0x0800d844                USB_WritePacket
 .text.USB_ReadPacket
                0x0800d8c0       0xb0 ./Drivers/STM32F4xx_HAL_Driver/Src/stm32f4xx_ll_usb.o
                0x0800d8c0                USB_ReadPacket
 .text.USB_EPSetStall
                0x0800d970       0xdc ./Drivers/STM32F4xx_HAL_Driver/Src/stm32f4xx_ll_usb.o
                0x0800d970                USB_EPSetStall
 .text.USB_EPClearStall
                0x0800da4c       0xcc ./Drivers/STM32F4xx_HAL_Driver/Src/stm32f4xx_ll_usb.o
                0x0800da4c                USB_EPClearStall
 .text.USB_SetDevAddress
                0x0800db18       0x4c ./Drivers/STM32F4xx_HAL_Driver/Src/stm32f4xx_ll_usb.o
                0x0800db18                USB_SetDevAddress
 .text.USB_DevConnect
                0x0800db64       0x42 ./Drivers/STM32F4xx_HAL_Driver/Src/stm32f4xx_ll_usb.o
                0x0800db64                USB_DevConnect
 .text.USB_DevDisconnect
                0x0800dba6       0x42 ./Drivers/STM32F4xx_HAL_Driver/Src/stm32f4xx_ll_usb.o
                0x0800dba6                USB_DevDisconnect
 .text.USB_ReadInterrupts
                0x0800dbe8       0x26 ./Drivers/STM32F4xx_HAL_Driver/Src/stm32f4xx_ll_usb.o
                0x0800dbe8                USB_ReadInterrupts
 .text.USB_ReadDevAllOutEpInterrupt
                0x0800dc0e       0x34 ./Drivers/STM32F4xx_HAL_Driver/Src/stm32f4xx_ll_usb.o
                0x0800dc0e                USB_ReadDevAllOutEpInterrupt
 .text.USB_ReadDevAllInEpInterrupt
                0x0800dc42       0x34 ./Drivers/STM32F4xx_HAL_Driver/Src/stm32f4xx_ll_usb.o
                0x0800dc42                USB_ReadDevAllInEpInterrupt
 .text.USB_ReadDevOutEPInterrupt
                0x0800dc76       0x3c ./Drivers/STM32F4xx_HAL_Driver/Src/stm32f4xx_ll_usb.o
                0x0800dc76                USB_ReadDevOutEPInterrupt
 .text.USB_ReadDevInEPInterrupt
                0x0800dcb2       0x5c ./Drivers/STM32F4xx_HAL_Driver/Src/stm32f4xx_ll_usb.o
                0x0800dcb2                USB_ReadDevInEPInterrupt
 .text.USB_GetMode
                0x0800dd0e       0x1c ./Drivers/STM32F4xx_HAL_Driver/Src/stm32f4xx_ll_usb.o
                0x0800dd0e                USB_GetMode
 .text.USB_ActivateSetup
                0x0800dd2a       0x46 ./Drivers/STM32F4xx_HAL_Driver/Src/stm32f4xx_ll_usb.o
                0x0800dd2a                USB_ActivateSetup
 .text.USB_EP0_OutStart
                0x0800dd70       0xbc ./Drivers/STM32F4xx_HAL_Driver/Src/stm32f4xx_ll_usb.o
                0x0800dd70                USB_EP0_OutStart
 .text.USB_CoreReset
                0x0800de2c       0x70 ./Drivers/STM32F4xx_HAL_Driver/Src/stm32f4xx_ll_usb.o
 .text.USBD_CDC_Init
                0x0800de9c      0x1f0 ./Middlewares/ST/STM32_USB_Device_Library/Class/CDC/Src/usbd_cdc.o
 .text.USBD_CDC_DeInit
                0x0800e08c      0x104 ./Middlewares/ST/STM32_USB_Device_Library/Class/CDC/Src/usbd_cdc.o
 .text.USBD_CDC_Setup
                0x0800e190      0x1b8 ./Middlewares/ST/STM32_USB_Device_Library/Class/CDC/Src/usbd_cdc.o
 .text.USBD_CDC_DataIn
                0x0800e348       0xfe ./Middlewares/ST/STM32_USB_Device_Library/Class/CDC/Src/usbd_cdc.o
 .text.USBD_CDC_DataOut
                0x0800e446       0x70 ./Middlewares/ST/STM32_USB_Device_Library/Class/CDC/Src/usbd_cdc.o
 .text.USBD_CDC_EP0_RxReady
                0x0800e4b6       0x74 ./Middlewares/ST/STM32_USB_Device_Library/Class/CDC/Src/usbd_cdc.o
 *fill*         0x0800e52a        0x2 
 .text.USBD_CDC_GetFSCfgDesc
                0x0800e52c       0x70 ./Middlewares/ST/STM32_USB_Device_Library/Class/CDC/Src/usbd_cdc.o
 .text.USBD_CDC_GetHSCfgDesc
                0x0800e59c       0x70 ./Middlewares/ST/STM32_USB_Device_Library/Class/CDC/Src/usbd_cdc.o
 .text.USBD_CDC_GetOtherSpeedCfgDesc
                0x0800e60c       0x70 ./Middlewares/ST/STM32_USB_Device_Library/Class/CDC/Src/usbd_cdc.o
 .text.USBD_CDC_GetDeviceQualifierDescriptor
                0x0800e67c       0x20 ./Middlewares/ST/STM32_USB_Device_Library/Class/CDC/Src/usbd_cdc.o
                0x0800e67c                USBD_CDC_GetDeviceQualifierDescriptor
 .text.USBD_CDC_RegisterInterface
                0x0800e69c       0x34 ./Middlewares/ST/STM32_USB_Device_Library/Class/CDC/Src/usbd_cdc.o
                0x0800e69c                USBD_CDC_RegisterInterface
 .text.USBD_CDC_SetTxBuffer
                0x0800e6d0       0x44 ./Middlewares/ST/STM32_USB_Device_Library/Class/CDC/Src/usbd_cdc.o
                0x0800e6d0                USBD_CDC_SetTxBuffer
 .text.USBD_CDC_SetRxBuffer
                0x0800e714       0x3a ./Middlewares/ST/STM32_USB_Device_Library/Class/CDC/Src/usbd_cdc.o
                0x0800e714                USBD_CDC_SetRxBuffer
 *fill*         0x0800e74e        0x2 
 .text.USBD_CDC_TransmitPacket
                0x0800e750       0x80 ./Middlewares/ST/STM32_USB_Device_Library/Class/CDC/Src/usbd_cdc.o
                0x0800e750                USBD_CDC_TransmitPacket
 .text.USBD_CDC_ReceivePacket
                0x0800e7d0       0x6c ./Middlewares/ST/STM32_USB_Device_Library/Class/CDC/Src/usbd_cdc.o
                0x0800e7d0                USBD_CDC_ReceivePacket
 .text.USBD_Init
                0x0800e83c       0x60 ./Middlewares/ST/STM32_USB_Device_Library/Core/Src/usbd_core.o
                0x0800e83c                USBD_Init
 .text.USBD_RegisterClass
                0x0800e89c       0x6c ./Middlewares/ST/STM32_USB_Device_Library/Core/Src/usbd_core.o
                0x0800e89c                USBD_RegisterClass
 .text.USBD_Start
                0x0800e908       0x18 ./Middlewares/ST/STM32_USB_Device_Library/Core/Src/usbd_core.o
                0x0800e908                USBD_Start
 .text.USBD_RunTestMode
                0x0800e920       0x16 ./Middlewares/ST/STM32_USB_Device_Library/Core/Src/usbd_core.o
                0x0800e920                USBD_RunTestMode
 .text.USBD_SetClassConfig
                0x0800e936       0x38 ./Middlewares/ST/STM32_USB_Device_Library/Core/Src/usbd_core.o
                0x0800e936                USBD_SetClassConfig
 .text.USBD_ClrClassConfig
                0x0800e96e       0x34 ./Middlewares/ST/STM32_USB_Device_Library/Core/Src/usbd_core.o
                0x0800e96e                USBD_ClrClassConfig
 .text.USBD_LL_SetupStage
                0x0800e9a2       0xaa ./Middlewares/ST/STM32_USB_Device_Library/Core/Src/usbd_core.o
                0x0800e9a2                USBD_LL_SetupStage
 .text.USBD_LL_DataOutStage
                0x0800ea4c      0x178 ./Middlewares/ST/STM32_USB_Device_Library/Core/Src/usbd_core.o
                0x0800ea4c                USBD_LL_DataOutStage
 .text.USBD_LL_DataInStage
                0x0800ebc4      0x176 ./Middlewares/ST/STM32_USB_Device_Library/Core/Src/usbd_core.o
                0x0800ebc4                USBD_LL_DataInStage
 .text.USBD_LL_Reset
                0x0800ed3a       0xa6 ./Middlewares/ST/STM32_USB_Device_Library/Core/Src/usbd_core.o
                0x0800ed3a                USBD_LL_Reset
 .text.USBD_LL_SetSpeed
                0x0800ede0       0x20 ./Middlewares/ST/STM32_USB_Device_Library/Core/Src/usbd_core.o
                0x0800ede0                USBD_LL_SetSpeed
 .text.USBD_LL_Suspend
                0x0800ee00       0x38 ./Middlewares/ST/STM32_USB_Device_Library/Core/Src/usbd_core.o
                0x0800ee00                USBD_LL_Suspend
 .text.USBD_LL_Resume
                0x0800ee38       0x30 ./Middlewares/ST/STM32_USB_Device_Library/Core/Src/usbd_core.o
                0x0800ee38                USBD_LL_Resume
 .text.USBD_LL_SOF
                0x0800ee68       0x40 ./Middlewares/ST/STM32_USB_Device_Library/Core/Src/usbd_core.o
                0x0800ee68                USBD_LL_SOF
 .text.USBD_LL_IsoINIncomplete
                0x0800eea8       0x64 ./Middlewares/ST/STM32_USB_Device_Library/Core/Src/usbd_core.o
                0x0800eea8                USBD_LL_IsoINIncomplete
 .text.USBD_LL_IsoOUTIncomplete
                0x0800ef0c       0x64 ./Middlewares/ST/STM32_USB_Device_Library/Core/Src/usbd_core.o
                0x0800ef0c                USBD_LL_IsoOUTIncomplete
 .text.USBD_LL_DevConnected
                0x0800ef70       0x16 ./Middlewares/ST/STM32_USB_Device_Library/Core/Src/usbd_core.o
                0x0800ef70                USBD_LL_DevConnected
 .text.USBD_LL_DevDisconnected
                0x0800ef86       0x46 ./Middlewares/ST/STM32_USB_Device_Library/Core/Src/usbd_core.o
                0x0800ef86                USBD_LL_DevDisconnected
 .text.USBD_CoreFindIF
                0x0800efcc       0x1a ./Middlewares/ST/STM32_USB_Device_Library/Core/Src/usbd_core.o
                0x0800efcc                USBD_CoreFindIF
 .text.USBD_CoreFindEP
                0x0800efe6       0x1a ./Middlewares/ST/STM32_USB_Device_Library/Core/Src/usbd_core.o
                0x0800efe6                USBD_CoreFindEP
 .text.USBD_GetEpDesc
                0x0800f000       0x70 ./Middlewares/ST/STM32_USB_Device_Library/Core/Src/usbd_core.o
                0x0800f000                USBD_GetEpDesc
 .text.USBD_GetNextDesc
                0x0800f070       0x38 ./Middlewares/ST/STM32_USB_Device_Library/Core/Src/usbd_core.o
                0x0800f070                USBD_GetNextDesc
 .text.SWAPBYTE
                0x0800f0a8       0x3e ./Middlewares/ST/STM32_USB_Device_Library/Core/Src/usbd_ctlreq.o
 *fill*         0x0800f0e6        0x2 
 .text.USBD_StdDevReq
                0x0800f0e8       0xe4 ./Middlewares/ST/STM32_USB_Device_Library/Core/Src/usbd_ctlreq.o
                0x0800f0e8                USBD_StdDevReq
 .text.USBD_StdItfReq
                0x0800f1cc       0xd8 ./Middlewares/ST/STM32_USB_Device_Library/Core/Src/usbd_ctlreq.o
                0x0800f1cc                USBD_StdItfReq
 .text.USBD_StdEPReq
                0x0800f2a4      0x33e ./Middlewares/ST/STM32_USB_Device_Library/Core/Src/usbd_ctlreq.o
                0x0800f2a4                USBD_StdEPReq
 *fill*         0x0800f5e2        0x2 
 .text.USBD_GetDescriptor
                0x0800f5e4      0x2d4 ./Middlewares/ST/STM32_USB_Device_Library/Core/Src/usbd_ctlreq.o
 .text.USBD_SetAddress
                0x0800f8b8       0x88 ./Middlewares/ST/STM32_USB_Device_Library/Core/Src/usbd_ctlreq.o
 .text.USBD_SetConfig
                0x0800f940      0x154 ./Middlewares/ST/STM32_USB_Device_Library/Core/Src/usbd_ctlreq.o
 .text.USBD_GetConfig
                0x0800fa94       0x6c ./Middlewares/ST/STM32_USB_Device_Library/Core/Src/usbd_ctlreq.o
 .text.USBD_GetStatus
                0x0800fb00       0x68 ./Middlewares/ST/STM32_USB_Device_Library/Core/Src/usbd_ctlreq.o
 .text.USBD_SetFeature
                0x0800fb68       0x52 ./Middlewares/ST/STM32_USB_Device_Library/Core/Src/usbd_ctlreq.o
 .text.USBD_ClrFeature
                0x0800fbba       0x44 ./Middlewares/ST/STM32_USB_Device_Library/Core/Src/usbd_ctlreq.o
 .text.USBD_ParseSetupRequest
                0x0800fbfe       0x74 ./Middlewares/ST/STM32_USB_Device_Library/Core/Src/usbd_ctlreq.o
                0x0800fbfe                USBD_ParseSetupRequest
 .text.USBD_CtlError
                0x0800fc72       0x22 ./Middlewares/ST/STM32_USB_Device_Library/Core/Src/usbd_ctlreq.o
                0x0800fc72                USBD_CtlError
 .text.USBD_GetString
                0x0800fc94       0xa4 ./Middlewares/ST/STM32_USB_Device_Library/Core/Src/usbd_ctlreq.o
                0x0800fc94                USBD_GetString
 .text.USBD_GetLen
                0x0800fd38       0x34 ./Middlewares/ST/STM32_USB_Device_Library/Core/Src/usbd_ctlreq.o
 .text.USBD_CtlSendData
                0x0800fd6c       0x3c ./Middlewares/ST/STM32_USB_Device_Library/Core/Src/usbd_ioreq.o
                0x0800fd6c                USBD_CtlSendData
 .text.USBD_CtlContinueSendData
                0x0800fda8       0x22 ./Middlewares/ST/STM32_USB_Device_Library/Core/Src/usbd_ioreq.o
                0x0800fda8                USBD_CtlContinueSendData
 .text.USBD_CtlPrepareRx
                0x0800fdca       0x42 ./Middlewares/ST/STM32_USB_Device_Library/Core/Src/usbd_ioreq.o
                0x0800fdca                USBD_CtlPrepareRx
 .text.USBD_CtlContinueRx
                0x0800fe0c       0x22 ./Middlewares/ST/STM32_USB_Device_Library/Core/Src/usbd_ioreq.o
                0x0800fe0c                USBD_CtlContinueRx
 .text.USBD_CtlSendStatus
                0x0800fe2e       0x26 ./Middlewares/ST/STM32_USB_Device_Library/Core/Src/usbd_ioreq.o
                0x0800fe2e                USBD_CtlSendStatus
 .text.USBD_CtlReceiveStatus
                0x0800fe54       0x26 ./Middlewares/ST/STM32_USB_Device_Library/Core/Src/usbd_ioreq.o
                0x0800fe54                USBD_CtlReceiveStatus
 *fill*         0x0800fe7a        0x2 
 .text.MX_USB_DEVICE_Init
                0x0800fe7c       0x60 ./USB_DEVICE/App/usb_device.o
                0x0800fe7c                MX_USB_DEVICE_Init
 .text.CDC_Init_FS
                0x0800fedc       0x28 ./USB_DEVICE/App/usbd_cdc_if.o
 .text.CDC_DeInit_FS
                0x0800ff04       0x10 ./USB_DEVICE/App/usbd_cdc_if.o
 .text.CDC_Control_FS
                0x0800ff14       0xbc ./USB_DEVICE/App/usbd_cdc_if.o
 .text.CDC_Receive_FS
                0x0800ffd0       0x40 ./USB_DEVICE/App/usbd_cdc_if.o
 .text.CDC_Transmit_FS
                0x08010010       0x4c ./USB_DEVICE/App/usbd_cdc_if.o
                0x08010010                CDC_Transmit_FS
 .text.CDC_TransmitCplt_FS
                0x0801005c       0x22 ./USB_DEVICE/App/usbd_cdc_if.o
 *fill*         0x0801007e        0x2 
 .text.USBD_FS_DeviceDescriptor
                0x08010080       0x24 ./USB_DEVICE/App/usbd_desc.o
                0x08010080                USBD_FS_DeviceDescriptor
 .text.USBD_FS_LangIDStrDescriptor
                0x080100a4       0x24 ./USB_DEVICE/App/usbd_desc.o
                0x080100a4                USBD_FS_LangIDStrDescriptor
 .text.USBD_FS_ProductStrDescriptor
                0x080100c8       0x3c ./USB_DEVICE/App/usbd_desc.o
                0x080100c8                USBD_FS_ProductStrDescriptor
 .text.USBD_FS_ManufacturerStrDescriptor
                0x08010104       0x28 ./USB_DEVICE/App/usbd_desc.o
                0x08010104                USBD_FS_ManufacturerStrDescriptor
 .text.USBD_FS_SerialStrDescriptor
                0x0801012c       0x24 ./USB_DEVICE/App/usbd_desc.o
                0x0801012c                USBD_FS_SerialStrDescriptor
 .text.USBD_FS_ConfigStrDescriptor
                0x08010150       0x3c ./USB_DEVICE/App/usbd_desc.o
                0x08010150                USBD_FS_ConfigStrDescriptor
 .text.USBD_FS_InterfaceStrDescriptor
                0x0801018c       0x3c ./USB_DEVICE/App/usbd_desc.o
                0x0801018c                USBD_FS_InterfaceStrDescriptor
 .text.Get_SerialNum
                0x080101c8       0x58 ./USB_DEVICE/App/usbd_desc.o
 .text.IntToUnicode
                0x08010220       0x7e ./USB_DEVICE/App/usbd_desc.o
 *fill*         0x0801029e        0x2 
 .text.HAL_PCD_MspInit
                0x080102a0       0xc4 ./USB_DEVICE/Target/usbd_conf.o
                0x080102a0                HAL_PCD_MspInit
 .text.HAL_PCD_SetupStageCallback
                0x08010364       0x24 ./USB_DEVICE/Target/usbd_conf.o
                0x08010364                HAL_PCD_SetupStageCallback
 .text.HAL_PCD_DataOutStageCallback
                0x08010388       0x36 ./USB_DEVICE/Target/usbd_conf.o
                0x08010388                HAL_PCD_DataOutStageCallback
 .text.HAL_PCD_DataInStageCallback
                0x080103be       0x34 ./USB_DEVICE/Target/usbd_conf.o
                0x080103be                HAL_PCD_DataInStageCallback
 .text.HAL_PCD_SOFCallback
                0x080103f2       0x1c ./USB_DEVICE/Target/usbd_conf.o
                0x080103f2                HAL_PCD_SOFCallback
 .text.HAL_PCD_ResetCallback
                0x0801040e       0x50 ./USB_DEVICE/Target/usbd_conf.o
                0x0801040e                HAL_PCD_ResetCallback
 *fill*         0x0801045e        0x2 
 .text.HAL_PCD_SuspendCallback
                0x08010460       0x4c ./USB_DEVICE/Target/usbd_conf.o
                0x08010460                HAL_PCD_SuspendCallback
 .text.HAL_PCD_ResumeCallback
                0x080104ac       0x1c ./USB_DEVICE/Target/usbd_conf.o
                0x080104ac                HAL_PCD_ResumeCallback
 .text.HAL_PCD_ISOOUTIncompleteCallback
                0x080104c8       0x24 ./USB_DEVICE/Target/usbd_conf.o
                0x080104c8                HAL_PCD_ISOOUTIncompleteCallback
 .text.HAL_PCD_ISOINIncompleteCallback
                0x080104ec       0x24 ./USB_DEVICE/Target/usbd_conf.o
                0x080104ec                HAL_PCD_ISOINIncompleteCallback
 .text.HAL_PCD_ConnectCallback
                0x08010510       0x1c ./USB_DEVICE/Target/usbd_conf.o
                0x08010510                HAL_PCD_ConnectCallback
 .text.HAL_PCD_DisconnectCallback
                0x0801052c       0x1c ./USB_DEVICE/Target/usbd_conf.o
                0x0801052c                HAL_PCD_DisconnectCallback
 .text.USBD_LL_Init
                0x08010548       0x98 ./USB_DEVICE/Target/usbd_conf.o
                0x08010548                USBD_LL_Init
 .text.USBD_LL_Start
                0x080105e0       0x36 ./USB_DEVICE/Target/usbd_conf.o
                0x080105e0                USBD_LL_Start
 .text.USBD_LL_OpenEP
                0x08010616       0x4c ./USB_DEVICE/Target/usbd_conf.o
                0x08010616                USBD_LL_OpenEP
 .text.USBD_LL_CloseEP
                0x08010662       0x3e ./USB_DEVICE/Target/usbd_conf.o
                0x08010662                USBD_LL_CloseEP
 .text.USBD_LL_StallEP
                0x080106a0       0x3e ./USB_DEVICE/Target/usbd_conf.o
                0x080106a0                USBD_LL_StallEP
 .text.USBD_LL_ClearStallEP
                0x080106de       0x3e ./USB_DEVICE/Target/usbd_conf.o
                0x080106de                USBD_LL_ClearStallEP
 .text.USBD_LL_IsStallEP
                0x0801071c       0x58 ./USB_DEVICE/Target/usbd_conf.o
                0x0801071c                USBD_LL_IsStallEP
 .text.USBD_LL_SetUSBAddress
                0x08010774       0x3e ./USB_DEVICE/Target/usbd_conf.o
                0x08010774                USBD_LL_SetUSBAddress
 .text.USBD_LL_Transmit
                0x080107b2       0x42 ./USB_DEVICE/Target/usbd_conf.o
                0x080107b2                USBD_LL_Transmit
 .text.USBD_LL_PrepareReceive
                0x080107f4       0x42 ./USB_DEVICE/Target/usbd_conf.o
                0x080107f4                USBD_LL_PrepareReceive
 .text.USBD_LL_GetRxDataSize
                0x08010836       0x26 ./USB_DEVICE/Target/usbd_conf.o
                0x08010836                USBD_LL_GetRxDataSize
 .text.USBD_static_malloc
                0x0801085c       0x1c ./USB_DEVICE/Target/usbd_conf.o
                0x0801085c                USBD_static_malloc
 .text.USBD_static_free
                0x08010878       0x14 ./USB_DEVICE/Target/usbd_conf.o
                0x08010878                USBD_static_free
 .text.USBD_Get_USB_Status
                0x0801088c       0x58 ./USB_DEVICE/Target/usbd_conf.o
                0x0801088c                USBD_Get_USB_Status
 .text.atoi     0x080108e4        0x8 C:/ST/STM32CubeIDE_2.1.1/STM32CubeIDE/plugins/com.st.stm32cube.ide.mcu.externaltools.gnu-tools-for-stm32.14.3.rel1.win32_1.0.100.202602081740/tools/bin/../lib/gcc/arm-none-eabi/14.3.1/../../../../arm-none-eabi/lib/thumb/v7e-m+fp/hard\libc_nano.a(libc_a-atoi.o)
                0x080108e4                atoi
 .text._strtol_l.isra.0
                0x080108ec       0xf4 C:/ST/STM32CubeIDE_2.1.1/STM32CubeIDE/plugins/com.st.stm32cube.ide.mcu.externaltools.gnu-tools-for-stm32.14.3.rel1.win32_1.0.100.202602081740/tools/bin/../lib/gcc/arm-none-eabi/14.3.1/../../../../arm-none-eabi/lib/thumb/v7e-m+fp/hard\libc_nano.a(libc_a-strtol.o)
 .text._strtol_r
                0x080109e0        0x4 C:/ST/STM32CubeIDE_2.1.1/STM32CubeIDE/plugins/com.st.stm32cube.ide.mcu.externaltools.gnu-tools-for-stm32.14.3.rel1.win32_1.0.100.202602081740/tools/bin/../lib/gcc/arm-none-eabi/14.3.1/../../../../arm-none-eabi/lib/thumb/v7e-m+fp/hard\libc_nano.a(libc_a-strtol.o)
                0x080109e0                _strtol_r
 .text.strtol   0x080109e4       0x14 C:/ST/STM32CubeIDE_2.1.1/STM32CubeIDE/plugins/com.st.stm32cube.ide.mcu.externaltools.gnu-tools-for-stm32.14.3.rel1.win32_1.0.100.202602081740/tools/bin/../lib/gcc/arm-none-eabi/14.3.1/../../../../arm-none-eabi/lib/thumb/v7e-m+fp/hard\libc_nano.a(libc_a-strtol.o)
                0x080109e4                strtol
 .text.__cvt    0x080109f8       0xca C:/ST/STM32CubeIDE_2.1.1/STM32CubeIDE/plugins/com.st.stm32cube.ide.mcu.externaltools.gnu-tools-for-stm32.14.3.rel1.win32_1.0.100.202602081740/tools/bin/../lib/gcc/arm-none-eabi/14.3.1/../../../../arm-none-eabi/lib/thumb/v7e-m+fp/hard\libc_nano.a(libc_a-nano-vfprintf_float.o)
                0x080109f8                __cvt
 .text.__exponent
                0x08010ac2       0x74 C:/ST/STM32CubeIDE_2.1.1/STM32CubeIDE/plugins/com.st.stm32cube.ide.mcu.externaltools.gnu-tools-for-stm32.14.3.rel1.win32_1.0.100.202602081740/tools/bin/../lib/gcc/arm-none-eabi/14.3.1/../../../../arm-none-eabi/lib/thumb/v7e-m+fp/hard\libc_nano.a(libc_a-nano-vfprintf_float.o)
                0x08010ac2                __exponent
 *fill*         0x08010b36        0x2 
 .text._printf_float
                0x08010b38      0x450 C:/ST/STM32CubeIDE_2.1.1/STM32CubeIDE/plugins/com.st.stm32cube.ide.mcu.externaltools.gnu-tools-for-stm32.14.3.rel1.win32_1.0.100.202602081740/tools/bin/../lib/gcc/arm-none-eabi/14.3.1/../../../../arm-none-eabi/lib/thumb/v7e-m+fp/hard\libc_nano.a(libc_a-nano-vfprintf_float.o)
                0x08010b38                _printf_float
 .text._printf_common
                0x08010f88       0xda C:/ST/STM32CubeIDE_2.1.1/STM32CubeIDE/plugins/com.st.stm32cube.ide.mcu.externaltools.gnu-tools-for-stm32.14.3.rel1.win32_1.0.100.202602081740/tools/bin/../lib/gcc/arm-none-eabi/14.3.1/../../../../arm-none-eabi/lib/thumb/v7e-m+fp/hard\libc_nano.a(libc_a-nano-vfprintf_i.o)
                0x08010f88                _printf_common
 *fill*         0x08011062        0x2 
 .text._printf_i
                0x08011064      0x24c C:/ST/STM32CubeIDE_2.1.1/STM32CubeIDE/plugins/com.st.stm32cube.ide.mcu.externaltools.gnu-tools-for-stm32.14.3.rel1.win32_1.0.100.202602081740/tools/bin/../lib/gcc/arm-none-eabi/14.3.1/../../../../arm-none-eabi/lib/thumb/v7e-m+fp/hard\libc_nano.a(libc_a-nano-vfprintf_i.o)
                0x08011064                _printf_i
 .text._scanf_float
                0x080112b0      0x418 C:/ST/STM32CubeIDE_2.1.1/STM32CubeIDE/plugins/com.st.stm32cube.ide.mcu.externaltools.gnu-tools-for-stm32.14.3.rel1.win32_1.0.100.202602081740/tools/bin/../lib/gcc/arm-none-eabi/14.3.1/../../../../arm-none-eabi/lib/thumb/v7e-m+fp/hard\libc_nano.a(libc_a-nano-vfscanf_float.o)
                0x080112b0                _scanf_float
 .text.std      0x080116c8       0x6c C:/ST/STM32CubeIDE_2.1.1/STM32CubeIDE/plugins/com.st.stm32cube.ide.mcu.externaltools.gnu-tools-for-stm32.14.3.rel1.win32_1.0.100.202602081740/tools/bin/../lib/gcc/arm-none-eabi/14.3.1/../../../../arm-none-eabi/lib/thumb/v7e-m+fp/hard\libc_nano.a(libc_a-findfp.o)
 .text.stdio_exit_handler
                0x08011734       0x18 C:/ST/STM32CubeIDE_2.1.1/STM32CubeIDE/plugins/com.st.stm32cube.ide.mcu.externaltools.gnu-tools-for-stm32.14.3.rel1.win32_1.0.100.202602081740/tools/bin/../lib/gcc/arm-none-eabi/14.3.1/../../../../arm-none-eabi/lib/thumb/v7e-m+fp/hard\libc_nano.a(libc_a-findfp.o)
 .text.cleanup_stdio
                0x0801174c       0x40 C:/ST/STM32CubeIDE_2.1.1/STM32CubeIDE/plugins/com.st.stm32cube.ide.mcu.externaltools.gnu-tools-for-stm32.14.3.rel1.win32_1.0.100.202602081740/tools/bin/../lib/gcc/arm-none-eabi/14.3.1/../../../../arm-none-eabi/lib/thumb/v7e-m+fp/hard\libc_nano.a(libc_a-findfp.o)
 .text.global_stdio_init.part.0
                0x0801178c       0x40 C:/ST/STM32CubeIDE_2.1.1/STM32CubeIDE/plugins/com.st.stm32cube.ide.mcu.externaltools.gnu-tools-for-stm32.14.3.rel1.win32_1.0.100.202602081740/tools/bin/../lib/gcc/arm-none-eabi/14.3.1/../../../../arm-none-eabi/lib/thumb/v7e-m+fp/hard\libc_nano.a(libc_a-findfp.o)
 .text.__sfp_lock_acquire
                0x080117cc        0xc C:/ST/STM32CubeIDE_2.1.1/STM32CubeIDE/plugins/com.st.stm32cube.ide.mcu.externaltools.gnu-tools-for-stm32.14.3.rel1.win32_1.0.100.202602081740/tools/bin/../lib/gcc/arm-none-eabi/14.3.1/../../../../arm-none-eabi/lib/thumb/v7e-m+fp/hard\libc_nano.a(libc_a-findfp.o)
                0x080117cc                __sfp_lock_acquire
 .text.__sfp_lock_release
                0x080117d8        0xc C:/ST/STM32CubeIDE_2.1.1/STM32CubeIDE/plugins/com.st.stm32cube.ide.mcu.externaltools.gnu-tools-for-stm32.14.3.rel1.win32_1.0.100.202602081740/tools/bin/../lib/gcc/arm-none-eabi/14.3.1/../../../../arm-none-eabi/lib/thumb/v7e-m+fp/hard\libc_nano.a(libc_a-findfp.o)
                0x080117d8                __sfp_lock_release
 .text.__sinit  0x080117e4       0x30 C:/ST/STM32CubeIDE_2.1.1/STM32CubeIDE/plugins/com.st.stm32cube.ide.mcu.externaltools.gnu-tools-for-stm32.14.3.rel1.win32_1.0.100.202602081740/tools/bin/../lib/gcc/arm-none-eabi/14.3.1/../../../../arm-none-eabi/lib/thumb/v7e-m+fp/hard\libc_nano.a(libc_a-findfp.o)
                0x080117e4                __sinit
 .text._fwalk_sglue
                0x08011814       0x3c C:/ST/STM32CubeIDE_2.1.1/STM32CubeIDE/plugins/com.st.stm32cube.ide.mcu.externaltools.gnu-tools-for-stm32.14.3.rel1.win32_1.0.100.202602081740/tools/bin/../lib/gcc/arm-none-eabi/14.3.1/../../../../arm-none-eabi/lib/thumb/v7e-m+fp/hard\libc_nano.a(libc_a-fwalk.o)
                0x08011814                _fwalk_sglue
 .text.snprintf
                0x08011850       0x6c C:/ST/STM32CubeIDE_2.1.1/STM32CubeIDE/plugins/com.st.stm32cube.ide.mcu.externaltools.gnu-tools-for-stm32.14.3.rel1.win32_1.0.100.202602081740/tools/bin/../lib/gcc/arm-none-eabi/14.3.1/../../../../arm-none-eabi/lib/thumb/v7e-m+fp/hard\libc_nano.a(libc_a-snprintf.o)
                0x08011850                sniprintf
                0x08011850                snprintf
 .text.sprintf  0x080118bc       0x44 C:/ST/STM32CubeIDE_2.1.1/STM32CubeIDE/plugins/com.st.stm32cube.ide.mcu.externaltools.gnu-tools-for-stm32.14.3.rel1.win32_1.0.100.202602081740/tools/bin/../lib/gcc/arm-none-eabi/14.3.1/../../../../arm-none-eabi/lib/thumb/v7e-m+fp/hard\libc_nano.a(libc_a-sprintf.o)
                0x080118bc                siprintf
                0x080118bc                sprintf
 .text.sscanf   0x08011900       0x58 C:/ST/STM32CubeIDE_2.1.1/STM32CubeIDE/plugins/com.st.stm32cube.ide.mcu.externaltools.gnu-tools-for-stm32.14.3.rel1.win32_1.0.100.202602081740/tools/bin/../lib/gcc/arm-none-eabi/14.3.1/../../../../arm-none-eabi/lib/thumb/v7e-m+fp/hard\libc_nano.a(libc_a-sscanf.o)
                0x08011900                siscanf
                0x08011900                sscanf
 .text.__sread  0x08011958       0x22 C:/ST/STM32CubeIDE_2.1.1/STM32CubeIDE/plugins/com.st.stm32cube.ide.mcu.externaltools.gnu-tools-for-stm32.14.3.rel1.win32_1.0.100.202602081740/tools/bin/../lib/gcc/arm-none-eabi/14.3.1/../../../../arm-none-eabi/lib/thumb/v7e-m+fp/hard\libc_nano.a(libc_a-stdio.o)
                0x08011958                __sread
 .text.__seofread
                0x0801197a        0x4 C:/ST/STM32CubeIDE_2.1.1/STM32CubeIDE/plugins/com.st.stm32cube.ide.mcu.externaltools.gnu-tools-for-stm32.14.3.rel1.win32_1.0.100.202602081740/tools/bin/../lib/gcc/arm-none-eabi/14.3.1/../../../../arm-none-eabi/lib/thumb/v7e-m+fp/hard\libc_nano.a(libc_a-stdio.o)
                0x0801197a                __seofread
 .text.__swrite
                0x0801197e       0x38 C:/ST/STM32CubeIDE_2.1.1/STM32CubeIDE/plugins/com.st.stm32cube.ide.mcu.externaltools.gnu-tools-for-stm32.14.3.rel1.win32_1.0.100.202602081740/tools/bin/../lib/gcc/arm-none-eabi/14.3.1/../../../../arm-none-eabi/lib/thumb/v7e-m+fp/hard\libc_nano.a(libc_a-stdio.o)
                0x0801197e                __swrite
 .text.__sseek  0x080119b6       0x26 C:/ST/STM32CubeIDE_2.1.1/STM32CubeIDE/plugins/com.st.stm32cube.ide.mcu.externaltools.gnu-tools-for-stm32.14.3.rel1.win32_1.0.100.202602081740/tools/bin/../lib/gcc/arm-none-eabi/14.3.1/../../../../arm-none-eabi/lib/thumb/v7e-m+fp/hard\libc_nano.a(libc_a-stdio.o)
                0x080119b6                __sseek
 .text.__sclose
                0x080119dc        0x8 C:/ST/STM32CubeIDE_2.1.1/STM32CubeIDE/plugins/com.st.stm32cube.ide.mcu.externaltools.gnu-tools-for-stm32.14.3.rel1.win32_1.0.100.202602081740/tools/bin/../lib/gcc/arm-none-eabi/14.3.1/../../../../arm-none-eabi/lib/thumb/v7e-m+fp/hard\libc_nano.a(libc_a-stdio.o)
                0x080119dc                __sclose
 .text.memset   0x080119e4       0x10 C:/ST/STM32CubeIDE_2.1.1/STM32CubeIDE/plugins/com.st.stm32cube.ide.mcu.externaltools.gnu-tools-for-stm32.14.3.rel1.win32_1.0.100.202602081740/tools/bin/../lib/gcc/arm-none-eabi/14.3.1/../../../../arm-none-eabi/lib/thumb/v7e-m+fp/hard\libc_nano.a(libc_a-memset.o)
                0x080119e4                memset
 .text.strncmp  0x080119f4       0x24 C:/ST/STM32CubeIDE_2.1.1/STM32CubeIDE/plugins/com.st.stm32cube.ide.mcu.externaltools.gnu-tools-for-stm32.14.3.rel1.win32_1.0.100.202602081740/tools/bin/../lib/gcc/arm-none-eabi/14.3.1/../../../../arm-none-eabi/lib/thumb/v7e-m+fp/hard\libc_nano.a(libc_a-strncmp.o)
                0x080119f4                strncmp
 .text._localeconv_r
                0x08011a18        0x8 C:/ST/STM32CubeIDE_2.1.1/STM32CubeIDE/plugins/com.st.stm32cube.ide.mcu.externaltools.gnu-tools-for-stm32.14.3.rel1.win32_1.0.100.202602081740/tools/bin/../lib/gcc/arm-none-eabi/14.3.1/../../../../arm-none-eabi/lib/thumb/v7e-m+fp/hard\libc_nano.a(libc_a-localeconv.o)
                0x08011a18                _localeconv_r
 .text._close_r
                0x08011a20       0x20 C:/ST/STM32CubeIDE_2.1.1/STM32CubeIDE/plugins/com.st.stm32cube.ide.mcu.externaltools.gnu-tools-for-stm32.14.3.rel1.win32_1.0.100.202602081740/tools/bin/../lib/gcc/arm-none-eabi/14.3.1/../../../../arm-none-eabi/lib/thumb/v7e-m+fp/hard\libc_nano.a(libc_a-closer.o)
                0x08011a20                _close_r
 .text._lseek_r
                0x08011a40       0x24 C:/ST/STM32CubeIDE_2.1.1/STM32CubeIDE/plugins/com.st.stm32cube.ide.mcu.externaltools.gnu-tools-for-stm32.14.3.rel1.win32_1.0.100.202602081740/tools/bin/../lib/gcc/arm-none-eabi/14.3.1/../../../../arm-none-eabi/lib/thumb/v7e-m+fp/hard\libc_nano.a(libc_a-lseekr.o)
                0x08011a40                _lseek_r
 .text._read_r  0x08011a64       0x24 C:/ST/STM32CubeIDE_2.1.1/STM32CubeIDE/plugins/com.st.stm32cube.ide.mcu.externaltools.gnu-tools-for-stm32.14.3.rel1.win32_1.0.100.202602081740/tools/bin/../lib/gcc/arm-none-eabi/14.3.1/../../../../arm-none-eabi/lib/thumb/v7e-m+fp/hard\libc_nano.a(libc_a-readr.o)
                0x08011a64                _read_r
 .text._write_r
                0x08011a88       0x24 C:/ST/STM32CubeIDE_2.1.1/STM32CubeIDE/plugins/com.st.stm32cube.ide.mcu.externaltools.gnu-tools-for-stm32.14.3.rel1.win32_1.0.100.202602081740/tools/bin/../lib/gcc/arm-none-eabi/14.3.1/../../../../arm-none-eabi/lib/thumb/v7e-m+fp/hard\libc_nano.a(libc_a-writer.o)
                0x08011a88                _write_r
 .text.__errno  0x08011aac        0xc C:/ST/STM32CubeIDE_2.1.1/STM32CubeIDE/plugins/com.st.stm32cube.ide.mcu.externaltools.gnu-tools-for-stm32.14.3.rel1.win32_1.0.100.202602081740/tools/bin/../lib/gcc/arm-none-eabi/14.3.1/../../../../arm-none-eabi/lib/thumb/v7e-m+fp/hard\libc_nano.a(libc_a-errno.o)
                0x08011aac                __errno
 .text.__libc_init_array
                0x08011ab8       0x48 C:/ST/STM32CubeIDE_2.1.1/STM32CubeIDE/plugins/com.st.stm32cube.ide.mcu.externaltools.gnu-tools-for-stm32.14.3.rel1.win32_1.0.100.202602081740/tools/bin/../lib/gcc/arm-none-eabi/14.3.1/../../../../arm-none-eabi/lib/thumb/v7e-m+fp/hard\libc_nano.a(libc_a-init.o)
                0x08011ab8                __libc_init_array
 .text.__retarget_lock_init_recursive
                0x08011b00        0x2 C:/ST/STM32CubeIDE_2.1.1/STM32CubeIDE/plugins/com.st.stm32cube.ide.mcu.externaltools.gnu-tools-for-stm32.14.3.rel1.win32_1.0.100.202602081740/tools/bin/../lib/gcc/arm-none-eabi/14.3.1/../../../../arm-none-eabi/lib/thumb/v7e-m+fp/hard\libc_nano.a(libc_a-lock.o)
                0x08011b00                __retarget_lock_init_recursive
 .text.__retarget_lock_acquire_recursive
                0x08011b02        0x2 C:/ST/STM32CubeIDE_2.1.1/STM32CubeIDE/plugins/com.st.stm32cube.ide.mcu.externaltools.gnu-tools-for-stm32.14.3.rel1.win32_1.0.100.202602081740/tools/bin/../lib/gcc/arm-none-eabi/14.3.1/../../../../arm-none-eabi/lib/thumb/v7e-m+fp/hard\libc_nano.a(libc_a-lock.o)
                0x08011b02                __retarget_lock_acquire_recursive
 .text.__retarget_lock_release_recursive
                0x08011b04        0x2 C:/ST/STM32CubeIDE_2.1.1/STM32CubeIDE/plugins/com.st.stm32cube.ide.mcu.externaltools.gnu-tools-for-stm32.14.3.rel1.win32_1.0.100.202602081740/tools/bin/../lib/gcc/arm-none-eabi/14.3.1/../../../../arm-none-eabi/lib/thumb/v7e-m+fp/hard\libc_nano.a(libc_a-lock.o)
                0x08011b04                __retarget_lock_release_recursive
 *fill*         0x08011b06        0x2 
 .text.nanf     0x08011b08        0xc C:/ST/STM32CubeIDE_2.1.1/STM32CubeIDE/plugins/com.st.stm32cube.ide.mcu.externaltools.gnu-tools-for-stm32.14.3.rel1.win32_1.0.100.202602081740/tools/bin/../lib/gcc/arm-none-eabi/14.3.1/../../../../arm-none-eabi/lib/thumb/v7e-m+fp/hard\libc_nano.a(libm_a-sf_nan.o)
                0x08011b08                nanf
 .text.quorem   0x08011b14      0x110 C:/ST/STM32CubeIDE_2.1.1/STM32CubeIDE/plugins/com.st.stm32cube.ide.mcu.externaltools.gnu-tools-for-stm32.14.3.rel1.win32_1.0.100.202602081740/tools/bin/../lib/gcc/arm-none-eabi/14.3.1/../../../../arm-none-eabi/lib/thumb/v7e-m+fp/hard\libc_nano.a(libc_a-dtoa.o)
 *fill*         0x08011c24        0x4 
 .text._dtoa_r  0x08011c28      0xbb8 C:/ST/STM32CubeIDE_2.1.1/STM32CubeIDE/plugins/com.st.stm32cube.ide.mcu.externaltools.gnu-tools-for-stm32.14.3.rel1.win32_1.0.100.202602081740/tools/bin/../lib/gcc/arm-none-eabi/14.3.1/../../../../arm-none-eabi/lib/thumb/v7e-m+fp/hard\libc_nano.a(libc_a-dtoa.o)
                0x08011c28                _dtoa_r
 .text._free_r  0x080127e0       0x94 C:/ST/STM32CubeIDE_2.1.1/STM32CubeIDE/plugins/com.st.stm32cube.ide.mcu.externaltools.gnu-tools-for-stm32.14.3.rel1.win32_1.0.100.202602081740/tools/bin/../lib/gcc/arm-none-eabi/14.3.1/../../../../arm-none-eabi/lib/thumb/v7e-m+fp/hard\libc_nano.a(libc_a-freer.o)
                0x080127e0                _free_r
 .text.malloc   0x08012874       0x10 C:/ST/STM32CubeIDE_2.1.1/STM32CubeIDE/plugins/com.st.stm32cube.ide.mcu.externaltools.gnu-tools-for-stm32.14.3.rel1.win32_1.0.100.202602081740/tools/bin/../lib/gcc/arm-none-eabi/14.3.1/../../../../arm-none-eabi/lib/thumb/v7e-m+fp/hard\libc_nano.a(libc_a-malloc.o)
                0x08012874                malloc
 .text.sbrk_aligned
                0x08012884       0x44 C:/ST/STM32CubeIDE_2.1.1/STM32CubeIDE/plugins/com.st.stm32cube.ide.mcu.externaltools.gnu-tools-for-stm32.14.3.rel1.win32_1.0.100.202602081740/tools/bin/../lib/gcc/arm-none-eabi/14.3.1/../../../../arm-none-eabi/lib/thumb/v7e-m+fp/hard\libc_nano.a(libc_a-mallocr.o)
 .text._malloc_r
                0x080128c8      0x100 C:/ST/STM32CubeIDE_2.1.1/STM32CubeIDE/plugins/com.st.stm32cube.ide.mcu.externaltools.gnu-tools-for-stm32.14.3.rel1.win32_1.0.100.202602081740/tools/bin/../lib/gcc/arm-none-eabi/14.3.1/../../../../arm-none-eabi/lib/thumb/v7e-m+fp/hard\libc_nano.a(libc_a-mallocr.o)
                0x080128c8                _malloc_r
 .text.__malloc_lock