../Core/Src/kin_bridge.c:60:13:ik_to_joint_goal	32	static
../Core/Src/kin_bridge.c:69:13:joint_to_ik_seed	24	static
../Core/Src/kin_bridge.c:78:13:store_joint_goal	16	static,ignoring_inline_asm
../Core/Src/kin_bridge.c:91:6:kin_SolveGoto	96	static
../Core/Src/kin_bridge.c:117:6:kin_SolveStepOnce	96	static
../Core/Src/kin_bridge.c:156:6:kin_StartCartesian	88	static
../Core/Src/kin_bridge.c:180:6:kin_StopCartesian	8	static
../Core/Src/kin_bridge.c:188:6:kin_RunnerUpdate	72	static
../Core/Src/kin_bridge.c:222:9:kin_GetJointGoal	24	static,ignoring_inline_asm
../Core/Src/kin_bridge.c:236:13:kin_GetRunState	4	static
../Core/Src/kin_bridge.c:241:7:kin_GetTrackError	4	static
