../Core/Src/pwm.c:71:13:cdc_print	16	static
../Core/Src/pwm.c:80:13:set_ccr	16	static
../Core/Src/pwm.c:85:17:brake_ch	16	static
../Core/Src/pwm.c:90:13:brake_on	16	static
../Core/Src/pwm.c:99:13:brake_off	16	static
../Core/Src/pwm.c:112:6:PWM_Init	8	static
../Core/Src/pwm.c:135:6:PWM_Tick5ms	16	static
../Core/Src/pwm.c:156:6:PWM_BK1_On	8	static
../Core/Src/pwm.c:161:6:PWM_BK1_Off	8	static
../Core/Src/pwm.c:170:6:PWM_BK2_On	8	static
../Core/Src/pwm.c:175:6:PWM_BK2_Off	8	static
../Core/Src/pwm.c:184:6:PWM_SOL_On	8	static
../Core/Src/pwm.c:190:6:PWM_SOL_Off	8	static
../Core/Src/pwm.c:201:6:PWM_PrintStatus	224	static
