../Core/Src/robot_ik.c:52:14:clampf_local	24	static
../Core/Src/robot_ik.c:59:14:point_error_mm	32	static
../Core/Src/robot_ik.c:70:13:mat4_identity	24	static
../Core/Src/robot_ik.c:78:13:mat4_mul	112	static
../Core/Src/robot_ik.c:94:13:mat4_origin_xyz_rpy	64	static
../Core/Src/robot_ik.c:119:13:mat4_revolute_axis_angle	48	static
../Core/Src/robot_ik.c:136:13:mat4_prismatic_axis	40	static
../Core/Src/robot_ik.c:151:13:apply_origin	104	static
../Core/Src/robot_ik.c:161:13:apply_prismatic	96	static
../Core/Src/robot_ik.c:170:13:apply_revolute	96	static
../Core/Src/robot_ik.c:181:12:solve_3x3	112	static
../Core/Src/robot_ik.c:238:7:RobotIK_RadToDeg	16	static
../Core/Src/robot_ik.c:243:7:RobotIK_DegToRad	16	static
../Core/Src/robot_ik.c:248:6:RobotIK_GetZeroPose	16	static
../Core/Src/robot_ik.c:256:6:RobotIK_ClampJoint	16	static
../Core/Src/robot_ik.c:267:6:RobotIK_FK	96	static
../Core/Src/robot_ik.c:303:22:solve_from_seed	240	static
../Core/Src/robot_ik.c:386:14:estimate_slider_from_x	16	static
../Core/Src/robot_ik.c:396:15:RobotIK_SolveXYZ	440	static
../Core/Src/robot_ik.c:473:15:RobotIK_SolveStep	280	static
