../Core/Src/robot_ik.c:41:14:clampf_local	24	static
../Core/Src/robot_ik.c:48:7:RobotIK_RadToDeg	16	static
../Core/Src/robot_ik.c:53:7:RobotIK_DegToRad	16	static
../Core/Src/robot_ik.c:58:6:RobotIK_GetZeroPose	16	static
../Core/Src/robot_ik.c:66:6:RobotIK_ClampJoint	16	static
../Core/Src/robot_ik.c:74:13:mat4_identity	24	static
../Core/Src/robot_ik.c:86:13:mat4_mul	112	static
../Core/Src/robot_ik.c:107:13:mat4_origin_xyz_rpy	64	static
../Core/Src/robot_ik.c:138:13:mat4_revolute_axis_angle	48	static
../Core/Src/robot_ik.c:169:13:mat4_prismatic_axis	40	static
../Core/Src/robot_ik.c:189:13:apply_origin	104	static
../Core/Src/robot_ik.c:198:13:apply_prismatic	96	static
../Core/Src/robot_ik.c:205:13:apply_revolute	96	static
../Core/Src/robot_ik.c:212:6:RobotIK_FK	96	static
../Core/Src/robot_ik.c:255:14:point_error_mm	32	static
../Core/Src/robot_ik.c:263:12:solve_3x3	112	static
../Core/Src/robot_ik.c:334:22:solve_from_seed	240	static
../Core/Src/robot_ik.c:457:14:estimate_slider_from_x	16	static
../Core/Src/robot_ik.c:463:15:RobotIK_SolveXYZ	440	static
