../Core/Src/RobStride_MIT.c:28:12:RS_CAN2_GetTxSlotByMotor	16	static
../Core/Src/RobStride_MIT.c:37:14:uint16_to_float	32	static
../Core/Src/RobStride_MIT.c:44:17:float_to_uint	32	static
../Core/Src/RobStride_MIT.c:52:16:CAN_Send	32	static
../Core/Src/RobStride_MIT.c:71:6:RS_CAN2_TxPump	72	static,ignoring_inline_asm
../Core/Src/RobStride_MIT.c:147:16:RS_CAN2_SendLatest	40	static,ignoring_inline_asm
../Core/Src/RobStride_MIT.c:173:13:LoadSpec	16	static
../Core/Src/RobStride_MIT.c:202:6:RS_Motor_Init	24	static
../Core/Src/RobStride_MIT.c:215:6:RS_AllMotors_Init	24	static
../Core/Src/RobStride_MIT.c:227:9:RS_MIT_Enable	48	static
../Core/Src/RobStride_MIT.c:245:6:RS_MIT_Disable	48	static
../Core/Src/RobStride_MIT.c:263:6:RS_MIT_SetZeroPos	48	static
../Core/Src/RobStride_MIT.c:289:6:RS_MIT_Control	80	static
../Core/Src/RobStride_MIT.c:330:6:RS_MIT_PositionControl	56	static
../Core/Src/RobStride_MIT.c:356:6:RS_MIT_SpeedControl	56	static
../Core/Src/RobStride_MIT.c:386:6:RS_CAN2_RxCallback	72	static
